Archive member included to satisfy reference by file (symbol)

.\CortexM3\ARM_GCC_541\Debug\Transmitter.a(USB.o)
                              .\CortexM3\ARM_GCC_541\Debug\main.o (USB_Start)
.\CortexM3\ARM_GCC_541\Debug\Transmitter.a(USB_cdc.o)
                              .\CortexM3\ARM_GCC_541\Debug\main.o (USB_CDC_Init)
.\CortexM3\ARM_GCC_541\Debug\Transmitter.a(USB_drv.o)
                              .\CortexM3\ARM_GCC_541\Debug\Transmitter.a(USB.o) (USB_lastPacketSize)
.\CortexM3\ARM_GCC_541\Debug\Transmitter.a(USB_episr.o)
                              .\CortexM3\ARM_GCC_541\Debug\Transmitter.a(USB.o) (USB_EP_1_ISR)
.\CortexM3\ARM_GCC_541\Debug\Transmitter.a(USB_pm.o)
                              .\CortexM3\ARM_GCC_541\Debug\Transmitter.a(USB.o) (USB_DP_ISR)
.\CortexM3\ARM_GCC_541\Debug\Transmitter.a(USB_std.o)
                              .\CortexM3\ARM_GCC_541\Debug\Transmitter.a(USB_pm.o) (USB_ConfigReg)
.\CortexM3\ARM_GCC_541\Debug\Transmitter.a(USB_vnd.o)
                              .\CortexM3\ARM_GCC_541\Debug\Transmitter.a(USB_drv.o) (USB_HandleVendorRqst)
.\CortexM3\ARM_GCC_541\Debug\Transmitter.a(TX.o)
                              .\CortexM3\ARM_GCC_541\Debug\main.o (TX_Write)
.\CortexM3\ARM_GCC_541\Debug\Transmitter.a(USB_Dp.o)
                              .\CortexM3\ARM_GCC_541\Debug\Transmitter.a(USB.o) (USB_Dp_ClearInterrupt)
.\CortexM3\ARM_GCC_541\Debug\Transmitter.a(CyLib.o)
                              .\CortexM3\ARM_GCC_541\Debug\Cm3Start.o (CyHalt)
.\CortexM3\ARM_GCC_541\Debug\Transmitter.a(cyPm.o)
                              .\CortexM3\ARM_GCC_541\Debug\Transmitter.a(CyLib.o) (CyPmReadStatus)
.\CortexM3\ARM_GCC_541\Debug\Transmitter.a(LCD.o)
                              .\CortexM3\ARM_GCC_541\Debug\main.o (LCD_PrintString)
.\CortexM3\ARM_GCC_541\Debug\Transmitter.a(CyBootAsmGnu.o)
                              .\CortexM3\ARM_GCC_541\Debug\cyfitter_cfg.o (CyDelayCycles)
.\CortexM3\ARM_GCC_541\Debug\Transmitter.a(USB_cls.o)
                              .\CortexM3\ARM_GCC_541\Debug\Transmitter.a(USB_drv.o) (USB_DispatchClassRqst)
.\CortexM3\ARM_GCC_541\Debug\Transmitter.a(USB_descr.o)
                              .\CortexM3\ARM_GCC_541\Debug\Transmitter.a(USB_std.o) (USB_idSerialNumberStringDescriptor)
.\CortexM3\ARM_GCC_541\Debug\Transmitter.a(CyFlash.o)
                              .\CortexM3\ARM_GCC_541\Debug\Transmitter.a(cyPm.o) (CyFlash_SetWaitCycles)
.\CortexM3\ARM_GCC_541\Debug\Transmitter.a(CySpc.o)
                              .\CortexM3\ARM_GCC_541\Debug\Transmitter.a(CyFlash.o) (CySpcStart)
c:/program files (x86)/cypress/psoc creator/4.1/psoc creator/import/gnu/arm/5.4.1/bin/../lib/gcc/arm-none-eabi/5.4.1/../../../../arm-none-eabi/lib/armv7-m\libg_nano.a(lib_a-errno.o)
                              .\CortexM3\ARM_GCC_541\Debug\Cm3Start.o (__errno)
c:/program files (x86)/cypress/psoc creator/4.1/psoc creator/import/gnu/arm/5.4.1/bin/../lib/gcc/arm-none-eabi/5.4.1/../../../../arm-none-eabi/lib/armv7-m\libg_nano.a(lib_a-exit.o)
                              c:/program files (x86)/cypress/psoc creator/4.1/psoc creator/import/gnu/arm/5.4.1/bin/../lib/gcc/arm-none-eabi/5.4.1/../../../../arm-none-eabi/lib/armv7-m/crt0.o (exit)
c:/program files (x86)/cypress/psoc creator/4.1/psoc creator/import/gnu/arm/5.4.1/bin/../lib/gcc/arm-none-eabi/5.4.1/../../../../arm-none-eabi/lib/armv7-m\libg_nano.a(lib_a-impure.o)
                              c:/program files (x86)/cypress/psoc creator/4.1/psoc creator/import/gnu/arm/5.4.1/bin/../lib/gcc/arm-none-eabi/5.4.1/../../../../arm-none-eabi/lib/armv7-m\libg_nano.a(lib_a-exit.o) (_global_impure_ptr)
c:/program files (x86)/cypress/psoc creator/4.1/psoc creator/import/gnu/arm/5.4.1/bin/../lib/gcc/arm-none-eabi/5.4.1/../../../../arm-none-eabi/lib/armv7-m\libg_nano.a(lib_a-init.o)
                              c:/program files (x86)/cypress/psoc creator/4.1/psoc creator/import/gnu/arm/5.4.1/bin/../lib/gcc/arm-none-eabi/5.4.1/../../../../arm-none-eabi/lib/armv7-m/crt0.o (__libc_init_array)
c:/program files (x86)/cypress/psoc creator/4.1/psoc creator/import/gnu/arm/5.4.1/bin/../lib/gcc/arm-none-eabi/5.4.1/../../../../arm-none-eabi/lib/armv7-m\libg_nano.a(lib_a-memcpy-stub.o)
                              .\CortexM3\ARM_GCC_541\Debug\cyfitter_cfg.o (memcpy)
c:/program files (x86)/cypress/psoc creator/4.1/psoc creator/import/gnu/arm/5.4.1/bin/../lib/gcc/arm-none-eabi/5.4.1/../../../../arm-none-eabi/lib/armv7-m\libg_nano.a(lib_a-memset.o)
                              c:/program files (x86)/cypress/psoc creator/4.1/psoc creator/import/gnu/arm/5.4.1/bin/../lib/gcc/arm-none-eabi/5.4.1/../../../../arm-none-eabi/lib/armv7-m/crt0.o (memset)
c:/program files (x86)/cypress/psoc creator/4.1/psoc creator/import/gnu/arm/5.4.1/bin/../lib/gcc/arm-none-eabi/5.4.1/../../../../arm-none-eabi/lib/armv7-m\libg_nano.a(lib_a-nano-vfprintf_float.o)
                              .\CortexM3\ARM_GCC_541\Debug\main.o (_printf_float)
[...]
Memory Configuration

Name             Origin             Length             Attributes
rom              0x00000000         0x00040000         xr
ram              0x1fff8000         0x00010000         xrw
*default*        0x00000000         0xffffffff

Linker script and memory map

LOAD c:/program files (x86)/cypress/psoc creator/4.1/psoc creator/import/gnu/arm/5.4.1/bin/../lib/gcc/arm-none-eabi/5.4.1/armv7-m/crti.o
LOAD c:/program files (x86)/cypress/psoc creator/4.1/psoc creator/import/gnu/arm/5.4.1/bin/../lib/gcc/arm-none-eabi/5.4.1/armv7-m/crtbegin.o
LOAD c:/program files (x86)/cypress/psoc creator/4.1/psoc creator/import/gnu/arm/5.4.1/bin/../lib/gcc/arm-none-eabi/5.4.1/../../../../arm-none-eabi/lib/armv7-m/crt0.o
START GROUP
LOAD .\CortexM3\ARM_GCC_541\Debug\main.o
LOAD .\CortexM3\ARM_GCC_541\Debug\cyfitter_cfg.o
LOAD .\CortexM3\ARM_GCC_541\Debug\cymetadata.o
LOAD .\CortexM3\ARM_GCC_541\Debug\Cm3Start.o
LOAD .\CortexM3\ARM_GCC_541\Debug\Transmitter.a
LOAD C:\Program Files (x86)\Cypress\PSoC Creator\4.1\PSoC Creator\psoc\content\cycomponentlibrary\CyComponentLibrary.cylib\CortexM3\ARM_GCC_541\Debug\CyComponentLibrary.a
END GROUP
START GROUP
LOAD c:/program files (x86)/cypress/psoc creator/4.1/psoc creator/import/gnu/arm/5.4.1/bin/../lib/gcc/arm-none-eabi/5.4.1/armv7-m\libgcc.a
LOAD c:/program files (x86)/cypress/psoc creator/4.1/psoc creator/import/gnu/arm/5.4.1/bin/../lib/gcc/arm-none-eabi/5.4.1/../../../../arm-none-eabi/lib/armv7-m\libg_nano.a
LOAD c:/program files (x86)/cypress/psoc creator/4.1/psoc creator/import/gnu/arm/5.4.1/bin/../lib/gcc/arm-none-eabi/5.4.1/../../../../arm-none-eabi/lib/armv7-m\libc_nano.a
END GROUP
START GROUP
LOAD c:/program files (x86)/cypress/psoc creator/4.1/psoc creator/import/gnu/arm/5.4.1/bin/../lib/gcc/arm-none-eabi/5.4.1/armv7-m\libgcc.a
LOAD c:/program files (x86)/cypress/psoc creator/4.1/psoc creator/import/gnu/arm/5.4.1/bin/../lib/gcc/arm-none-eabi/5.4.1/../../../../arm-none-eabi/lib/armv7-m\libc_nano.a
END GROUP
LOAD c:/program files (x86)/cypress/psoc creator/4.1/psoc creator/import/gnu/arm/5.4.1/bin/../lib/gcc/arm-none-eabi/5.4.1/armv7-m/crtend.o
LOAD c:/program files (x86)/cypress/psoc creator/4.1/psoc creator/import/gnu/arm/5.4.1/bin/../lib/gcc/arm-none-eabi/5.4.1/armv7-m/crtn.o
START GROUP
LOAD c:/program files (x86)/cypress/psoc creator/4.1/psoc creator/import/gnu/arm/5.4.1/bin/../lib/gcc/arm-none-eabi/5.4.1/armv7-m\libgcc.a
LOAD c:/program files (x86)/cypress/psoc creator/4.1/psoc creator/import/gnu/arm/5.4.1/bin/../lib/gcc/arm-none-eabi/5.4.1/../../../../arm-none-eabi/lib/armv7-m\libc.a
LOAD c:/program files (x86)/cypress/psoc creator/4.1/psoc creator/import/gnu/arm/5.4.1/bin/../lib/gcc/arm-none-eabi/5.4.1/../../../../arm-none-eabi/lib/armv7-m\libnosys.a
END GROUP
                0x00000000                CY_APPL_ORIGIN = 0x0
                0x00000100                CY_FLASH_ROW_SIZE = 0x100
                0x00000020                CY_ECC_ROW_SIZE = 0x20
                0x00000000                CY_EE_IN_BTLDR = 0x0
                0x00000000                CY_APPL_LOADABLE = 0x0
                0x00000800                CY_EE_SIZE = 0x800
                0x00000001                CY_APPL_NUM = 0x1
                0x00000001                CY_APPL_MAX = 0x1
                0x00000040                CY_METADATA_SIZE = 0x40
                0x00000000                CY_APPL_LOADABLE = 0x0
                0x00000000                CY_CHECKSUM_EXCLUDE_SIZE = ALIGN (0x0, CY_FLASH_ROW_SIZE)
                [!provide]                PROVIDE (__cy_heap_start, _end)
                0x00000001                PROVIDE (__cy_region_num, ((__cy_regions_end - __cy_regions) / 0x10))
                0x20008000                PROVIDE (__cy_stack, (ORIGIN (ram) + LENGTH (ram)))
                [!provide]                PROVIDE (__cy_heap_end, (__cy_stack - 0x800))

.cybootloader   0x00000000        0x0
 *(.cybootloader)
                0x00000000                appl1_start = CY_APPL_ORIGIN?CY_APPL_ORIGIN:ALIGN (CY_FLASH_ROW_SIZE)
                0x0001ff00                appl2_start = (appl1_start + ALIGN ((((LENGTH (rom) - appl1_start) - (0x2 * CY_FLASH_ROW_SIZE)) / 0x2), CY_FLASH_ROW_SIZE))
                0x00000000                appl_start = (CY_APPL_NUM == 0x1)?appl1_start:appl2_start
                0x00000000                ecc_offset = ((appl_start / CY_FLASH_ROW_SIZE) * CY_ECC_ROW_SIZE)
                0x00000000                ee_offset = (CY_APPL_LOADABLE && ! (CY_EE_IN_BTLDR))?((CY_EE_SIZE / CY_APPL_MAX) * (CY_APPL_NUM - 0x1)):0x0
                0x00000800                ee_size = (CY_APPL_LOADABLE && ! (CY_EE_IN_BTLDR))?(CY_EE_SIZE / CY_APPL_MAX):CY_EE_SIZE
                [!provide]                PROVIDE (CY_ECC_OFFSET, ecc_offset)

.text           0x00000000     0x4888
 CREATE_OBJECT_SYMBOLS
                0x00000000                PROVIDE (__cy_interrupt_vector, RomVectors)
 *(.romvectors)
 .romvectors    0x00000000       0x10 .\CortexM3\ARM_GCC_541\Debug\Cm3Start.o
                0x00000000                RomVectors
                0x00000001                ASSERT ((. != __cy_interrupt_vector), No interrupt vector)
                0x00000001                ASSERT (CY_APPL_ORIGIN?(SIZEOF (.cybootloader) <= CY_APPL_ORIGIN):0x1, Wrong image location)
                0x00000010                PROVIDE (__cy_reset, Reset)
 *(.text.Reset)
 .text.Reset    0x00000010       0x18 .\CortexM3\ARM_GCC_541\Debug\Cm3Start.o
                0x00000010                Reset
                0x00000001                ASSERT ((. != __cy_reset), No reset code)
 *(.dma_init)
                0x00000001                ASSERT ((((appl_start + .) <= 0x10000) || 0x1), DMA Init must be within the first 64k of flash)
 *(.text .text.* .gnu.linkonce.t.*)
 .text          0x00000028       0x5c c:/program files (x86)/cypress/psoc creator/4.1/psoc creator/import/gnu/arm/5.4.1/bin/../lib/gcc/arm-none-eabi/5.4.1/armv7-m/crtbegin.o
 .text.main     0x00000084      0x19c .\CortexM3\ARM_GCC_541\Debug\main.o
                0x00000084                main
 .text.CyClockStartupError
                0x00000220        0x4 .\CortexM3\ARM_GCC_541\Debug\cyfitter_cfg.o
 .text.cfg_write_bytes32
                0x00000224       0x34 .\CortexM3\ARM_GCC_541\Debug\cyfitter_cfg.o
 .text.AnalogSetDefault
                0x00000258       0x28 .\CortexM3\ARM_GCC_541\Debug\cyfitter_cfg.o
 .text.CYMEMZERO
                0x00000280        0xc .\CortexM3\ARM_GCC_541\Debug\cyfitter_cfg.o
 .text.ClockSetup
                0x0000028c       0xa0 .\CortexM3\ARM_GCC_541\Debug\cyfitter_cfg.o
 .text.CYCONFIGCPY
                0x0000032c        0x8 .\CortexM3\ARM_GCC_541\Debug\cyfitter_cfg.o
 .text.cyfitter_cfg
                0x00000334       0xe0 .\CortexM3\ARM_GCC_541\Debug\cyfitter_cfg.o
                0x00000334                cyfitter_cfg
 .text.IntDefaultHandler
                0x00000414       0x10 .\CortexM3\ARM_GCC_541\Debug\Cm3Start.o
                0x00000414                IntDefaultHandler
 .text._sbrk    0x00000424       0x30 .\CortexM3\ARM_GCC_541\Debug\Cm3Start.o
                0x00000424                _sbrk
 .text.Start_c  0x00000454       0x4c .\CortexM3\ARM_GCC_541\Debug\Cm3Start.o
                0x00000454                Start_c
 .text.initialize_psoc
                0x000004a0       0x68 .\CortexM3\ARM_GCC_541\Debug\Cm3Start.o
                0x000004a0                initialize_psoc
 .text.USB_Init
                0x00000508      0x140 .\CortexM3\ARM_GCC_541\Debug\Transmitter.a(USB.o)
                0x00000508                USB_Init
 .text.USB_InitComponent
                0x00000648       0xb8 .\CortexM3\ARM_GCC_541\Debug\Transmitter.a(USB.o)
                0x00000648                USB_InitComponent
 .text.USB_Start
                0x00000700       0x24 .\CortexM3\ARM_GCC_541\Debug\Transmitter.a(USB.o)
                0x00000700                USB_Start
 .text.USB_ReInitComponent
                0x00000724       0x4c .\CortexM3\ARM_GCC_541\Debug\Transmitter.a(USB.o)
                0x00000724                USB_ReInitComponent
 .text.USB_GetConfiguration
                0x00000770        0xc .\CortexM3\ARM_GCC_541\Debug\Transmitter.a(USB.o)
                0x00000770                USB_GetConfiguration
 .text.USB_IsConfigurationChanged
                0x0000077c       0x20 .\CortexM3\ARM_GCC_541\Debug\Transmitter.a(USB.o)
                0x0000077c                USB_IsConfigurationChanged
 .text.USB_GetEPState
                0x0000079c       0x14 .\CortexM3\ARM_GCC_541\Debug\Transmitter.a(USB.o)
                0x0000079c                USB_GetEPState
 .text.USB_GetEPCount
                0x000007b0       0x28 .\CortexM3\ARM_GCC_541\Debug\Transmitter.a(USB.o)
                0x000007b0                USB_GetEPCount
 .text.USB_LoadInEP
                0x000007d8       0x94 .\CortexM3\ARM_GCC_541\Debug\Transmitter.a(USB.o)
                0x000007d8                USB_LoadInEP
 .text.USB_EnableOutEP
                0x0000086c       0x2c .\CortexM3\ARM_GCC_541\Debug\Transmitter.a(USB.o)
                0x0000086c                USB_EnableOutEP
 .text.USB_ReadOutEP
                0x00000898       0x50 .\CortexM3\ARM_GCC_541\Debug\Transmitter.a(USB.o)
                0x00000898                USB_ReadOutEP
 .text.USB_GetInterfaceComPort
                0x000008e8       0x38 .\CortexM3\ARM_GCC_541\Debug\Transmitter.a(USB_cdc.o)
                0x000008e8                USB_GetInterfaceComPort
 .text.USB_DispatchCDCClassRqst
                0x00000920       0x98 .\CortexM3\ARM_GCC_541\Debug\Transmitter.a(USB_cdc.o)
                0x00000920                USB_DispatchCDCClassRqst
 .text.USB_CDC_Init
                0x000009b8       0x98 .\CortexM3\ARM_GCC_541\Debug\Transmitter.a(USB_cdc.o)
                0x000009b8                USB_CDC_Init
 .text.USB_PutData
                0x00000a50       0x50 .\CortexM3\ARM_GCC_541\Debug\Transmitter.a(USB_cdc.o)
                0x00000a50                USB_PutData
 .text.USB_DataIsReady
                0x00000aa0       0x18 .\CortexM3\ARM_GCC_541\Debug\Transmitter.a(USB_cdc.o)
                0x00000aa0                USB_DataIsReady
 .text.USB_CDCIsReady
                0x00000ab8       0x18 .\CortexM3\ARM_GCC_541\Debug\Transmitter.a(USB_cdc.o)
                0x00000ab8                USB_CDCIsReady
 .text.USB_GetAll
                0x00000ad0       0x30 .\CortexM3\ARM_GCC_541\Debug\Transmitter.a(USB_cdc.o)
                0x00000ad0                USB_GetAll
 .text.USB_IsLineChanged
                0x00000b00       0x38 .\CortexM3\ARM_GCC_541\Debug\Transmitter.a(USB_cdc.o)
                0x00000b00                USB_IsLineChanged
 .text.USB_GetDTERate
                0x00000b38       0x30 .\CortexM3\ARM_GCC_541\Debug\Transmitter.a(USB_cdc.o)
                0x00000b38                USB_GetDTERate
 .text.USB_GetCharFormat
                0x00000b68       0x18 .\CortexM3\ARM_GCC_541\Debug\Transmitter.a(USB_cdc.o)
                0x00000b68                USB_GetCharFormat
 .text.USB_GetParityType
                0x00000b80       0x18 .\CortexM3\ARM_GCC_541\Debug\Transmitter.a(USB_cdc.o)
                0x00000b80                USB_GetParityType
 .text.USB_GetDataBits
                0x00000b98       0x18 .\CortexM3\ARM_GCC_541\Debug\Transmitter.a(USB_cdc.o)
                0x00000b98                USB_GetDataBits
 .text.USB_GetLineControl
                0x00000bb0       0x18 .\CortexM3\ARM_GCC_541\Debug\Transmitter.a(USB_cdc.o)
                0x00000bb0                USB_GetLineControl
 .text.USB_Cdc_EpInit
                0x00000bc8       0x50 .\CortexM3\ARM_GCC_541\Debug\Transmitter.a(USB_cdc.o)
                0x00000bc8                USB_Cdc_EpInit
 .text.USB_LoadEP0
                0x00000c18       0x98 .\CortexM3\ARM_GCC_541\Debug\Transmitter.a(USB_drv.o)
                0x00000c18                USB_LoadEP0
 .text.USB_InitZeroLengthControlTransfer
                0x00000cb0       0x34 .\CortexM3\ARM_GCC_541\Debug\Transmitter.a(USB_drv.o)
                0x00000cb0                USB_InitZeroLengthControlTransfer
 .text.USB_ControlReadDataStage
                0x00000ce4        0x8 .\CortexM3\ARM_GCC_541\Debug\Transmitter.a(USB_drv.o)
                0x00000ce4                USB_ControlReadDataStage
 .text.USB_ControlWriteDataStage
                0x00000cec       0x84 .\CortexM3\ARM_GCC_541\Debug\Transmitter.a(USB_drv.o)
                0x00000cec                USB_ControlWriteDataStage
 .text.USB_InitNoDataControlTransfer
                0x00000d70       0x2c .\CortexM3\ARM_GCC_541\Debug\Transmitter.a(USB_drv.o)
                0x00000d70                USB_InitNoDataControlTransfer
 .text.USB_UpdateStatusBlock
                0x00000d9c       0x24 .\CortexM3\ARM_GCC_541\Debug\Transmitter.a(USB_drv.o)
                0x00000d9c                USB_UpdateStatusBlock
 .text.USB_HandleSetup
                0x00000dc0       0x5c .\CortexM3\ARM_GCC_541\Debug\Transmitter.a(USB_drv.o)
                0x00000dc0                USB_HandleSetup
 .text.USB_ControlReadStatusStage
                0x00000e1c       0x38 .\CortexM3\ARM_GCC_541\Debug\Transmitter.a(USB_drv.o)
                0x00000e1c                USB_ControlReadStatusStage
 .text.USB_HandleOUT
                0x00000e54       0x38 .\CortexM3\ARM_GCC_541\Debug\Transmitter.a(USB_drv.o)
                0x00000e54                USB_HandleOUT
 .text.USB_ControlWriteStatusStage
                0x00000e8c       0x20 .\CortexM3\ARM_GCC_541\Debug\Transmitter.a(USB_drv.o)
                0x00000e8c                USB_ControlWriteStatusStage
 .text.USB_NoDataControlStatusStage
                0x00000eac       0x40 .\CortexM3\ARM_GCC_541\Debug\Transmitter.a(USB_drv.o)
                0x00000eac                USB_NoDataControlStatusStage
 .text.USB_HandleIN
                0x00000eec       0x2c .\CortexM3\ARM_GCC_541\Debug\Transmitter.a(USB_drv.o)
                0x00000eec                USB_HandleIN
 .text.USB_EP_0_ISR
                0x00000f18       0xb8 .\CortexM3\ARM_GCC_541\Debug\Transmitter.a(USB_drv.o)
                0x00000f18                USB_EP_0_ISR
 .text.USB_InitializeStatusBlock
                0x00000fd0       0x24 .\CortexM3\ARM_GCC_541\Debug\Transmitter.a(USB_drv.o)
                0x00000fd0                USB_InitializeStatusBlock
 .text.USB_InitControlRead
                0x00000ff4       0x50 .\CortexM3\ARM_GCC_541\Debug\Transmitter.a(USB_drv.o)
                0x00000ff4                USB_InitControlRead
 .text.USB_InitControlWrite
                0x00001044       0x48 .\CortexM3\ARM_GCC_541\Debug\Transmitter.a(USB_drv.o)
                0x00001044                USB_InitControlWrite
 .text.USB_EP_1_ISR
                0x0000108c       0x30 .\CortexM3\ARM_GCC_541\Debug\Transmitter.a(USB_episr.o)
                0x0000108c                USB_EP_1_ISR
 .text.USB_EP_2_ISR
                0x000010bc       0x34 .\CortexM3\ARM_GCC_541\Debug\Transmitter.a(USB_episr.o)
                0x000010bc                USB_EP_2_ISR
 .text.USB_EP_3_ISR
                0x000010f0       0x3c .\CortexM3\ARM_GCC_541\Debug\Transmitter.a(USB_episr.o)
                0x000010f0                USB_EP_3_ISR
 .text.USB_SOF_ISR
                0x0000112c        0x4 .\CortexM3\ARM_GCC_541\Debug\Transmitter.a(USB_episr.o)
                0x0000112c                USB_SOF_ISR
 .text.USB_BUS_RESET_ISR
                0x00001130        0x8 .\CortexM3\ARM_GCC_541\Debug\Transmitter.a(USB_episr.o)
                0x00001130                USB_BUS_RESET_ISR
 .text.USB_DP_ISR
                0x00001138        0x8 .\CortexM3\ARM_GCC_541\Debug\Transmitter.a(USB_pm.o)
                0x00001138                USB_DP_ISR
 .text.USB_ReadDieID
                0x00001140       0x6c .\CortexM3\ARM_GCC_541\Debug\Transmitter.a(USB_std.o)
                0x00001140                USB_ReadDieID
 .text.USB_ConfigReg
                0x000011ac       0xa4 .\CortexM3\ARM_GCC_541\Debug\Transmitter.a(USB_std.o)
                0x000011ac                USB_ConfigReg
 .text.USB_GetConfigTablePtr
                0x00001250       0x28 .\CortexM3\ARM_GCC_541\Debug\Transmitter.a(USB_std.o)
                0x00001250                USB_GetConfigTablePtr
 .text.USB_ConfigAltChanged
                0x00001278      0x11c .\CortexM3\ARM_GCC_541\Debug\Transmitter.a(USB_std.o)
                0x00001278                USB_ConfigAltChanged
 .text.USB_GetDeviceTablePtr
                0x00001394       0x18 .\CortexM3\ARM_GCC_541\Debug\Transmitter.a(USB_std.o)
                0x00001394                USB_GetDeviceTablePtr
 .text.USB_GetInterfaceClassTablePtr
                0x000013ac       0x28 .\CortexM3\ARM_GCC_541\Debug\Transmitter.a(USB_std.o)
                0x000013ac                USB_GetInterfaceClassTablePtr
 .text.USB_Config
                0x000013d4      0x1ec .\CortexM3\ARM_GCC_541\Debug\Transmitter.a(USB_std.o)
                0x000013d4                USB_Config
 .text.USB_SetEndpointHalt
                0x000015c0       0x64 .\CortexM3\ARM_GCC_541\Debug\Transmitter.a(USB_std.o)
                0x000015c0                USB_SetEndpointHalt
 .text.USB_ClearEndpointHalt
                0x00001624       0xac .\CortexM3\ARM_GCC_541\Debug\Transmitter.a(USB_std.o)
                0x00001624                USB_ClearEndpointHalt
 .text.USB_ValidateAlternateSetting
                0x000016d0       0x4c .\CortexM3\ARM_GCC_541\Debug\Transmitter.a(USB_std.o)
                0x000016d0                USB_ValidateAlternateSetting
 .text.USB_HandleStandardRqst
                0x0000171c      0x354 .\CortexM3\ARM_GCC_541\Debug\Transmitter.a(USB_std.o)
                0x0000171c                USB_HandleStandardRqst
 .text.USB_HandleVendorRqst
                0x00001a70       0x18 .\CortexM3\ARM_GCC_541\Debug\Transmitter.a(USB_vnd.o)
                0x00001a70                USB_HandleVendorRqst
 .text.TX_Write
                0x00001a88       0x18 .\CortexM3\ARM_GCC_541\Debug\Transmitter.a(TX.o)
                0x00001a88                TX_Write
 .text.USB_Dp_ClearInterrupt
                0x00001aa0       0x10 .\CortexM3\ARM_GCC_541\Debug\Transmitter.a(USB_Dp.o)
                0x00001aa0                USB_Dp_ClearInterrupt
 .text.CyHalt   0x00001ab0        0x4 .\CortexM3\ARM_GCC_541\Debug\Transmitter.a(CyLib.o)
                0x00001ab0                CyHalt
 .text.CyDelay  0x00001ab4       0x2c .\CortexM3\ARM_GCC_541\Debug\Transmitter.a(CyLib.o)
                0x00001ab4                CyDelay
 .text.CyDelayUs
                0x00001ae0       0x14 .\CortexM3\ARM_GCC_541\Debug\Transmitter.a(CyLib.o)
                0x00001ae0                CyDelayUs
 .text.CyIntSetVector
                0x00001af4       0x28 .\CortexM3\ARM_GCC_541\Debug\Transmitter.a(CyLib.o)
                0x00001af4                CyIntSetVector
 .text.CyIntSetPriority
                0x00001b1c       0x30 .\CortexM3\ARM_GCC_541\Debug\Transmitter.a(CyLib.o)
                0x00001b1c                CyIntSetPriority
 .text.CyGetUniqueId
                0x00001b4c       0x70 .\CortexM3\ARM_GCC_541\Debug\Transmitter.a(CyLib.o)
                0x00001b4c                CyGetUniqueId
 .text.LCD_WrCntrlNib
                0x00001bbc       0x34 .\CortexM3\ARM_GCC_541\Debug\Transmitter.a(LCD.o)
 .text.LCD_WrDatNib
                0x00001bf0       0x44 .\CortexM3\ARM_GCC_541\Debug\Transmitter.a(LCD.o)
 .text.LCD_IsReady
                0x00001c34       0xe4 .\CortexM3\ARM_GCC_541\Debug\Transmitter.a(LCD.o)
                0x00001c34                LCD_IsReady
 .text.LCD_WriteData
                0x00001d18       0x18 .\CortexM3\ARM_GCC_541\Debug\Transmitter.a(LCD.o)
                0x00001d18                LCD_WriteData
 .text.LCD_PrintString
                0x00001d30       0x1c .\CortexM3\ARM_GCC_541\Debug\Transmitter.a(LCD.o)
                0x00001d30                LCD_PrintString
 .text.LCD_WriteControl
                0x00001d4c       0x18 .\CortexM3\ARM_GCC_541\Debug\Transmitter.a(LCD.o)
                0x00001d4c                LCD_WriteControl
 .text.LCD_Init
                0x00001d64       0x6c .\CortexM3\ARM_GCC_541\Debug\Transmitter.a(LCD.o)
                0x00001d64                LCD_Init
 .text.LCD_Enable
                0x00001dd0       0x14 .\CortexM3\ARM_GCC_541\Debug\Transmitter.a(LCD.o)
                0x00001dd0                LCD_Enable
 .text.LCD_Start
                0x00001de4       0x1c .\CortexM3\ARM_GCC_541\Debug\Transmitter.a(LCD.o)
                0x00001de4                LCD_Start
 .text.LCD_Position
                0x00001e00       0x3c .\CortexM3\ARM_GCC_541\Debug\Transmitter.a(LCD.o)
                0x00001e00                LCD_Position
 *fill*         0x00001e3c        0x4 
 .text          0x00001e40       0x20 .\CortexM3\ARM_GCC_541\Debug\Transmitter.a(CyBootAsmGnu.o)
                0x00001e40                CyDelayCycles
                0x00001e50                CyEnterCriticalSection
                0x00001e58                CyExitCriticalSection
 .text.USB_DispatchClassRqst
                0x00001e60       0x60 .\CortexM3\ARM_GCC_541\Debug\Transmitter.a(USB_cls.o)
                0x00001e60                USB_DispatchClassRqst
 .text.__errno  0x00001ec0        0xc c:/program files (x86)/cypress/psoc creator/4.1/psoc creator/import/gnu/arm/5.4.1/bin/../lib/gcc/arm-none-eabi/5.4.1/../../../../arm-none-eabi/lib/armv7-m\libg_nano.a(lib_a-errno.o)
                0x00001ec0                __errno
 .text.__libc_init_array
                0x00001ecc       0x4c c:/program files (x86)/cypress/psoc creator/4.1/psoc creator/import/gnu/arm/5.4.1/bin/../lib/gcc/arm-none-eabi/5.4.1/../../../../arm-none-eabi/lib/armv7-m\libg_nano.a(lib_a-init.o)
                0x00001ecc                __libc_init_array
 .text.memcpy   0x00001f18       0x16 c:/program files (x86)/cypress/psoc creator/4.1/psoc creator/import/gnu/arm/5.4.1/bin/../lib/gcc/arm-none-eabi/5.4.1/../../../../arm-none-eabi/lib/armv7-m\libg_nano.a(lib_a-memcpy-stub.o)
                0x00001f18                memcpy
 .text.memset   0x00001f2e       0x10 c:/program files (x86)/cypress/psoc creator/4.1/psoc creator/import/gnu/arm/5.4.1/bin/../lib/gcc/arm-none-eabi/5.4.1/../../../../arm-none-eabi/lib/armv7-m\libg_nano.a(lib_a-memset.o)
                0x00001f2e                memset
 .text.__cvt    0x00001f3e       0xc0 c:/program files (x86)/cypress/psoc creator/4.1/psoc creator/import/gnu/arm/5.4.1/bin/../lib/gcc/arm-none-eabi/5.4.1/../../../../arm-none-eabi/lib/armv7-m\libg_nano.a(lib_a-nano-vfprintf_float.o)
                0x00001f3e                __cvt
 .text.__exponent
                0x00001ffe       0x62 c:/program files (x86)/cypress/psoc creator/4.1/psoc creator/import/gnu/arm/5.4.1/bin/../lib/gcc/arm-none-eabi/5.4.1/../../../../arm-none-eabi/lib/armv7-m\libg_nano.a(lib_a-nano-vfprintf_float.o)
                0x00001ffe                __exponent
 .text._printf_float
                0x00002060      0x488 c:/program files (x86)/cypress/psoc creator/4.1/psoc creator/import/gnu/arm/5.4.1/bin/../lib/gcc/arm-none-eabi/5.4.1/../../../../arm-none-eabi/lib/armv7-m\libg_nano.a(lib_a-nano-vfprintf_float.o)
                0x00002060                _printf_float
 .text._printf_common
                0x000024e8       0xec c:/program files (x86)/cypress/psoc creator/4.1/psoc creator/import/gnu/arm/5.4.1/bin/../lib/gcc/arm-none-eabi/5.4.1/../../../../arm-none-eabi/lib/armv7-m\libg_nano.a(lib_a-nano-vfprintf_i.o)
                0x000024e8                _printf_common
 .text._printf_i
                0x000025d4      0x24c c:/program files (x86)/cypress/psoc creator/4.1/psoc creator/import/gnu/arm/5.4.1/bin/../lib/gcc/arm-none-eabi/5.4.1/../../../../arm-none-eabi/lib/armv7-m\libg_nano.a(lib_a-nano-vfprintf_i.o)
                0x000025d4                _printf_i
 .text.sprintf  0x00002820       0x48 c:/program files (x86)/cypress/psoc creator/4.1/psoc creator/import/gnu/arm/5.4.1/bin/../lib/gcc/arm-none-eabi/5.4.1/../../../../arm-none-eabi/lib/armv7-m\libg_nano.a(lib_a-sprintf.o)
                0x00002820                siprintf
                0x00002820                sprintf
 .text          0x00002868       0x10 c:/program files (x86)/cypress/psoc creator/4.1/psoc creator/import/gnu/arm/5.4.1/bin/../lib/gcc/arm-none-eabi/5.4.1/../../../../arm-none-eabi/lib/armv7-m\libg_nano.a(lib_a-strlen.o)
                0x00002868                strlen
 .text.quorem   0x00002878      0x116 c:/program files (x86)/cypress/psoc creator/4.1/psoc creator/import/gnu/arm/5.4.1/bin/../lib/gcc/arm-none-eabi/5.4.1/../../../../arm-none-eabi/lib/armv7-m\libg_nano.a(lib_a-dtoa.o)
 *fill*         0x0000298e        0x2 
 .text._dtoa_r  0x00002990      0xb30 c:/program files (x86)/cypress/psoc creator/4.1/psoc creator/import/gnu/arm/5.4.1/bin/../lib/gcc/arm-none-eabi/5.4.1/../../../../arm-none-eabi/lib/armv7-m\libg_nano.a(lib_a-dtoa.o)
                0x00002990                _dtoa_r
 .text._localeconv_r
                0x000034c0        0x8 c:/program files (x86)/cypress/psoc creator/4.1/psoc creator/import/gnu/arm/5.4.1/bin/../lib/gcc/arm-none-eabi/5.4.1/../../../../arm-none-eabi/lib/armv7-m\libg_nano.a(lib_a-locale.o)
                0x000034c0                _localeconv_r
 .text.malloc   0x000034c8       0x10 c:/program files (x86)/cypress/psoc creator/4.1/psoc creator/import/gnu/arm/5.4.1/bin/../lib/gcc/arm-none-eabi/5.4.1/../../../../arm-none-eabi/lib/armv7-m\libg_nano.a(lib_a-malloc.o)
                0x000034c8                malloc
 .text.memchr   0x000034d8       0x1c c:/program files (x86)/cypress/psoc creator/4.1/psoc creator/import/gnu/arm/5.4.1/bin/../lib/gcc/arm-none-eabi/5.4.1/../../../../arm-none-eabi/lib/armv7-m\libg_nano.a(lib_a-memchr-stub.o)
                0x000034d8                memchr
 .text._Balloc  0x000034f4       0x6a c:/program files (x86)/cypress/psoc creator/4.1/psoc creator/import/gnu/arm/5.4.1/bin/../lib/gcc/arm-none-eabi/5.4.1/../../../../arm-none-eabi/lib/armv7-m\libg_nano.a(lib_a-mprec.o)
                0x000034f4                _Balloc
 .text._Bfree   0x0000355e       0x2e c:/program files (x86)/cypress/psoc creator/4.1/psoc creator/import/gnu/arm/5.4.1/bin/../lib/gcc/arm-none-eabi/5.4.1/../../../../arm-none-eabi/lib/armv7-m\libg_nano.a(lib_a-mprec.o)
                0x0000355e                _Bfree
 .text.__multadd
                0x0000358c       0x76 c:/program files (x86)/cypress/psoc creator/4.1/psoc creator/import/gnu/arm/5.4.1/bin/../lib/gcc/arm-none-eabi/5.4.1/../../../../arm-none-eabi/lib/armv7-m\libg_nano.a(lib_a-mprec.o)
                0x0000358c                __multadd
 .text.__hi0bits
                0x00003602       0x40 c:/program files (x86)/cypress/psoc creator/4.1/psoc creator/import/gnu/arm/5.4.1/bin/../lib/gcc/arm-none-eabi/5.4.1/../../../../arm-none-eabi/lib/armv7-m\libg_nano.a(lib_a-mprec.o)
                0x00003602                __hi0bits
 .text.__lo0bits
                0x00003642       0x5a c:/program files (x86)/cypress/psoc creator/4.1/psoc creator/import/gnu/arm/5.4.1/bin/../lib/gcc/arm-none-eabi/5.4.1/../../../../arm-none-eabi/lib/armv7-m\libg_nano.a(lib_a-mprec.o)
                0x00003642                __lo0bits
 .text.__i2b    0x0000369c       0x12 c:/program files (x86)/cypress/psoc creator/4.1/psoc creator/import/gnu/arm/5.4.1/bin/../lib/gcc/arm-none-eabi/5.4.1/../../../../arm-none-eabi/lib/armv7-m\libg_nano.a(lib_a-mprec.o)
                0x0000369c                __i2b
 .text.__multiply
                0x000036ae      0x120 c:/program files (x86)/cypress/psoc creator/4.1/psoc creator/import/gnu/arm/5.4.1/bin/../lib/gcc/arm-none-eabi/5.4.1/../../../../arm-none-eabi/lib/armv7-m\libg_nano.a(lib_a-mprec.o)
                0x000036ae                __multiply
 *fill*         0x000037ce        0x2 
 .text.__pow5mult
                0x000037d0       0x9c c:/program files (x86)/cypress/psoc creator/4.1/psoc creator/import/gnu/arm/5.4.1/bin/../lib/gcc/arm-none-eabi/5.4.1/../../../../arm-none-eabi/lib/armv7-m\libg_nano.a(lib_a-mprec.o)
                0x000037d0                __pow5mult
 .text.__lshift
                0x0000386c       0xa2 c:/program files (x86)/cypress/psoc creator/4.1/psoc creator/import/gnu/arm/5.4.1/bin/../lib/gcc/arm-none-eabi/5.4.1/../../../../arm-none-eabi/lib/armv7-m\libg_nano.a(lib_a-mprec.o)
                0x0000386c                __lshift
 .text.__mcmp   0x0000390e       0x38 c:/program files (x86)/cypress/psoc creator/4.1/psoc creator/import/gnu/arm/5.4.1/bin/../lib/gcc/arm-none-eabi/5.4.1/../../../../arm-none-eabi/lib/armv7-m\libg_nano.a(lib_a-mprec.o)
                0x0000390e                __mcmp
 .text.__mdiff  0x00003946       0xbe c:/program files (x86)/cypress/psoc creator/4.1/psoc creator/import/gnu/arm/5.4.1/bin/../lib/gcc/arm-none-eabi/5.4.1/../../../../arm-none-eabi/lib/armv7-m\libg_nano.a(lib_a-mprec.o)
                0x00003946                __mdiff
 .text.__d2b    0x00003a04       0x9c c:/program files (x86)/cypress/psoc creator/4.1/psoc creator/import/gnu/arm/5.4.1/bin/../lib/gcc/arm-none-eabi/5.4.1/../../../../arm-none-eabi/lib/armv7-m\libg_nano.a(lib_a-mprec.o)
                0x00003a04                __d2b
 .text._calloc_r
                0x00003aa0       0x1c c:/program files (x86)/cypress/psoc creator/4.1/psoc creator/import/gnu/arm/5.4.1/bin/../lib/gcc/arm-none-eabi/5.4.1/../../../../arm-none-eabi/lib/armv7-m\libg_nano.a(lib_a-nano-callocr.o)
                0x00003aa0                _calloc_r
 .text._free_r  0x00003abc       0x98 c:/program files (x86)/cypress/psoc creator/4.1/psoc creator/import/gnu/arm/5.4.1/bin/../lib/gcc/arm-none-eabi/5.4.1/../../../../arm-none-eabi/lib/armv7-m\libg_nano.a(lib_a-nano-freer.o)
                0x00003abc                _free_r
 .text._malloc_r
                0x00003b54       0xbc c:/program files (x86)/cypress/psoc creator/4.1/psoc creator/import/gnu/arm/5.4.1/bin/../lib/gcc/arm-none-eabi/5.4.1/../../../../arm-none-eabi/lib/armv7-m\libg_nano.a(lib_a-nano-mallocr.o)
                0x00003b54                _malloc_r
 .text.__ssputs_r
                0x00003c10       0xb2 c:/program files (x86)/cypress/psoc creator/4.1/psoc creator/import/gnu/arm/5.4.1/bin/../lib/gcc/arm-none-eabi/5.4.1/../../../../arm-none-eabi/lib/armv7-m\libg_nano.a(lib_a-nano-svfprintf.o)
                0x00003c10                __ssputs_r
 *fill*         0x00003cc2        0x2 
 .text._svfprintf_r
                0x00003cc4      0x1e8 c:/program files (x86)/cypress/psoc creator/4.1/psoc creator/import/gnu/arm/5.4.1/bin/../lib/gcc/arm-none-eabi/5.4.1/../../../../arm-none-eabi/lib/armv7-m\libg_nano.a(lib_a-nano-svfprintf.o)
                0x00003cc4                _svfiprintf_r
                0x00003cc4                _svfprintf_r
 .text._sbrk_r  0x00003eac       0x20 c:/program files (x86)/cypress/psoc creator/4.1/psoc creator/import/gnu/arm/5.4.1/bin/../lib/gcc/arm-none-eabi/5.4.1/../../../../arm-none-eabi/lib/armv7-m\libg_nano.a(lib_a-sbrkr.o)
                0x00003eac                _sbrk_r
 .text.memmove  0x00003ecc       0x36 c:/program files (x86)/cypress/psoc creator/4.1/psoc creator/import/gnu/arm/5.4.1/bin/../lib/gcc/arm-none-eabi/5.4.1/../../../../arm-none-eabi/lib/armv7-m\libg_nano.a(lib_a-memmove.o)
                0x00003ecc                memmove
 .text.__malloc_lock
                0x00003f02        0x2 c:/program files (x86)/cypress/psoc creator/4.1/psoc creator/import/gnu/arm/5.4.1/bin/../lib/gcc/arm-none-eabi/5.4.1/../../../../arm-none-eabi/lib/armv7-m\libg_nano.a(lib_a-mlock.o)
                0x00003f02                __malloc_lock
 .text.__malloc_unlock
                0x00003f04        0x2 c:/program files (x86)/cypress/psoc creator/4.1/psoc creator/import/gnu/arm/5.4.1/bin/../lib/gcc/arm-none-eabi/5.4.1/../../../../arm-none-eabi/lib/armv7-m\libg_nano.a(lib_a-mlock.o)
                0x00003f04                __malloc_unlock
 .text._realloc_r
                0x00003f06       0x4c c:/program files (x86)/cypress/psoc creator/4.1/psoc creator/import/gnu/arm/5.4.1/bin/../lib/gcc/arm-none-eabi/5.4.1/../../../../arm-none-eabi/lib/armv7-m\libg_nano.a(lib_a-nano-reallocr.o)
                0x00003f06                _realloc_r
 .text._malloc_usable_size_r
                0x00003f52       0x14 c:/program files (x86)/cypress/psoc creator/4.1/psoc creator/import/gnu/arm/5.4.1/bin/../lib/gcc/arm-none-eabi/5.4.1/../../../../arm-none-eabi/lib/armv7-m\libg_nano.a(lib_a-nano-msizer.o)
                0x00003f52                _malloc_usable_size_r
 *fill*         0x00003f66        0x2 
 .text          0x00003f68      0x370 c:/program files (x86)/cypress/psoc creator/4.1/psoc creator/import/gnu/arm/5.4.1/bin/../lib/gcc/arm-none-eabi/5.4.1/armv7-m\libgcc.a(_arm_addsubdf3.o)
                0x00003f68                __aeabi_drsub
                0x00003f70                __aeabi_dsub
                0x00003f70                __subdf3
                0x00003f74                __aeabi_dadd
                0x00003f74                __adddf3
                0x000041ec                __floatunsidf
                0x000041ec                __aeabi_ui2d
                0x0000420c                __floatsidf
                0x0000420c                __aeabi_i2d
                0x00004230                __aeabi_f2d
                0x00004230                __extendsfdf2
                0x0000426c                __floatundidf
                0x0000426c                __aeabi_ul2d
                0x0000427c                __floatdidf
                0x0000427c                __aeabi_l2d
 .text          0x000042d8      0x424 c:/program files (x86)/cypress/psoc creator/4.1/psoc creator/import/gnu/arm/5.4.1/bin/../lib/gcc/arm-none-eabi/5.4.1/armv7-m\libgcc.a(_arm_muldivdf3.o)
                0x000042d8                __aeabi_dmul
                0x000042d8                __muldf3
                0x0000452c                __divdf3
                0x0000452c                __aeabi_ddiv
 .text          0x000046fc      0x110 c:/program files (x86)/cypress/psoc creator/4.1/psoc creator/import/gnu/arm/5.4.1/bin/../lib/gcc/arm-none-eabi/5.4.1/armv7-m\libgcc.a(_arm_cmpdf2.o)
                0x000046fc                __gtdf2
                0x000046fc                __gedf2
                0x00004704                __ltdf2
                0x00004704                __ledf2
                0x0000470c                __nedf2
                0x0000470c                __eqdf2
                0x0000470c                __cmpdf2
                0x00004788                __aeabi_cdrcmple
                0x00004798                __aeabi_cdcmpeq
                0x00004798                __aeabi_cdcmple
                0x000047a8                __aeabi_dcmpeq
                0x000047bc                __aeabi_dcmplt
                0x000047d0                __aeabi_dcmple
                0x000047e4                __aeabi_dcmpge
                0x000047f8                __aeabi_dcmpgt
 .text          0x0000480c       0x2c c:/program files (x86)/cypress/psoc creator/4.1/psoc creator/import/gnu/arm/5.4.1/bin/../lib/gcc/arm-none-eabi/5.4.1/armv7-m\libgcc.a(_arm_unorddf2.o)
                0x0000480c                __unorddf2
                0x0000480c                __aeabi_dcmpun
 .text          0x00004838       0x50 c:/program files (x86)/cypress/psoc creator/4.1/psoc creator/import/gnu/arm/5.4.1/bin/../lib/gcc/arm-none-eabi/5.4.1/armv7-m\libgcc.a(_arm_fixdfsi.o)
                0x00004838                __aeabi_d2iz
                0x00004838                __fixdfsi
 *(.plt)
 *(.gnu.warning)
 *(.glue_7t)
 .glue_7t       0x00004888        0x0 linker stubs
 *(.glue_7)
 .glue_7        0x00004888        0x0 linker stubs
 *(.vfp11_veneer)
 .vfp11_veneer  0x00004888        0x0 linker stubs
 *(.bootloader)
 *(.ARM.extab* .gnu.linkonce.armextab.*)
 *(.gcc_except_table)

.v4_bx          0x00004888        0x0
 .v4_bx         0x00004888        0x0 linker stubs

.iplt           0x00004888        0x0
 .iplt          0x00004888        0x0 c:/program files (x86)/cypress/psoc creator/4.1/psoc creator/import/gnu/arm/5.4.1/bin/../lib/gcc/arm-none-eabi/5.4.1/armv7-m/crtbegin.o

.eh_frame_hdr
 *(.eh_frame_hdr)

.eh_frame       0x00004888        0x4
 *(.eh_frame)
 .eh_frame      0x00004888        0x0 c:/program files (x86)/cypress/psoc creator/4.1/psoc creator/import/gnu/arm/5.4.1/bin/../lib/gcc/arm-none-eabi/5.4.1/armv7-m/crtbegin.o
 .eh_frame      0x00004888        0x4 c:/program files (x86)/cypress/psoc creator/4.1/psoc creator/import/gnu/arm/5.4.1/bin/../lib/gcc/arm-none-eabi/5.4.1/armv7-m/crtend.o
                [!provide]                PROVIDE (__exidx_start, .)

.ARM.exidx
 *(.ARM.exidx* .gnu.linkonce.armexidx.*)
                0x0000488c                __exidx_end = .

.rodata         0x00004890      0x3a8
 *(.rodata .rodata.* .gnu.linkonce.r.*)
 .rodata.str1.4
                0x00004890       0x6e .\CortexM3\ARM_GCC_541\Debug\main.o
 *fill*         0x000048fe        0x2 
 .rodata        0x00004900       0x2a .\CortexM3\ARM_GCC_541\Debug\cyfitter_cfg.o
 *fill*         0x0000492a        0x2 
 .rodata.str1.4
                0x0000492c       0x14 .\CortexM3\ARM_GCC_541\Debug\Transmitter.a(USB_std.o)
                                 0x11 (size before relaxing)
 .rodata        0x00004940      0x15e .\CortexM3\ARM_GCC_541\Debug\Transmitter.a(USB_descr.o)
                0x00004940                USB_TABLE
                0x00004948                USB_DEVICE0_TABLE
                0x00004960                USB_DEVICE0_CONFIGURATION0_TABLE
                0x00004988                USB_DEVICE0_CONFIGURATION0_INTERFACE_CLASS
                0x0000498c                USB_DEVICE0_CONFIGURATION0_EP_SETTINGS_TABLE
                0x000049a4                USB_SN_STRING_DESCRIPTOR
                0x000049a8                USB_STRING_DESCRIPTORS
                0x00004a48                USB_DEVICE0_CONFIGURATION0_DESCR
                0x00004a8c                USB_DEVICE0_DESCR
 .rodata.str1.1
                0x00004a9e        0x2 c:/program files (x86)/cypress/psoc creator/4.1/psoc creator/import/gnu/arm/5.4.1/bin/../lib/gcc/arm-none-eabi/5.4.1/../../../../arm-none-eabi/lib/armv7-m\libg_nano.a(lib_a-impure.o)
 .rodata.str1.1
                0x00004aa0       0x12 c:/program files (x86)/cypress/psoc creator/4.1/psoc creator/import/gnu/arm/5.4.1/bin/../lib/gcc/arm-none-eabi/5.4.1/../../../../arm-none-eabi/lib/armv7-m\libg_nano.a(lib_a-nano-vfprintf_float.o)
 .rodata.str1.1
                0x00004ab2       0x22 c:/program files (x86)/cypress/psoc creator/4.1/psoc creator/import/gnu/arm/5.4.1/bin/../lib/gcc/arm-none-eabi/5.4.1/../../../../arm-none-eabi/lib/armv7-m\libg_nano.a(lib_a-nano-vfprintf_i.o)
 .rodata.str1.1
                0x00004ad4        0xd c:/program files (x86)/cypress/psoc creator/4.1/psoc creator/import/gnu/arm/5.4.1/bin/../lib/gcc/arm-none-eabi/5.4.1/../../../../arm-none-eabi/lib/armv7-m\libg_nano.a(lib_a-dtoa.o)
                                  0xf (size before relaxing)
 .rodata.str1.1
                0x00004ae1        0x8 c:/program files (x86)/cypress/psoc creator/4.1/psoc creator/import/gnu/arm/5.4.1/bin/../lib/gcc/arm-none-eabi/5.4.1/../../../../arm-none-eabi/lib/armv7-m\libg_nano.a(lib_a-locale.o)
                                  0xb (size before relaxing)
 *fill*         0x00004ae9        0x7 
 .rodata.__mprec_tens
                0x00004af0       0xc8 c:/program files (x86)/cypress/psoc creator/4.1/psoc creator/import/gnu/arm/5.4.1/bin/../lib/gcc/arm-none-eabi/5.4.1/../../../../arm-none-eabi/lib/armv7-m\libg_nano.a(lib_a-mprec.o)
                0x00004af0                __mprec_tens
 .rodata.p05.5408
                0x00004bb8        0xc c:/program files (x86)/cypress/psoc creator/4.1/psoc creator/import/gnu/arm/5.4.1/bin/../lib/gcc/arm-none-eabi/5.4.1/../../../../arm-none-eabi/lib/armv7-m\libg_nano.a(lib_a-mprec.o)
 *fill*         0x00004bc4        0x4 
 .rodata.__mprec_bigtens
                0x00004bc8       0x28 c:/program files (x86)/cypress/psoc creator/4.1/psoc creator/import/gnu/arm/5.4.1/bin/../lib/gcc/arm-none-eabi/5.4.1/../../../../arm-none-eabi/lib/armv7-m\libg_nano.a(lib_a-mprec.o)
                0x00004bc8                __mprec_bigtens
 .rodata.str1.1
                0x00004bf0       0x11 c:/program files (x86)/cypress/psoc creator/4.1/psoc creator/import/gnu/arm/5.4.1/bin/../lib/gcc/arm-none-eabi/5.4.1/../../../../arm-none-eabi/lib/armv7-m\libg_nano.a(lib_a-nano-svfprintf.o)
                0x00004c04                . = ALIGN (0x4)
 *fill*         0x00004c01        0x3 
 *(.init)
 .init          0x00004c04        0x4 c:/program files (x86)/cypress/psoc creator/4.1/psoc creator/import/gnu/arm/5.4.1/bin/../lib/gcc/arm-none-eabi/5.4.1/armv7-m/crti.o
                0x00004c04                _init
 .init          0x00004c08        0x8 c:/program files (x86)/cypress/psoc creator/4.1/psoc creator/import/gnu/arm/5.4.1/bin/../lib/gcc/arm-none-eabi/5.4.1/armv7-m/crtn.o
                0x00004c10                . = ALIGN (0x4)
                0x00004c10                __preinit_array_start = .
 *(.preinit_array)
                0x00004c10                __preinit_array_end = .
                0x00004c10                . = ALIGN (0x4)
                0x00004c10                __init_array_start = .
 *(SORT(.init_array.*))
 *(.init_array)
 .init_array    0x00004c10        0x4 c:/program files (x86)/cypress/psoc creator/4.1/psoc creator/import/gnu/arm/5.4.1/bin/../lib/gcc/arm-none-eabi/5.4.1/armv7-m/crtbegin.o
 .init_array    0x00004c14        0x4 .\CortexM3\ARM_GCC_541\Debug\Cm3Start.o
                0x00004c18                __init_array_end = .
                0x00004c18                . = ALIGN (0x4)
 *(.fini)
 .fini          0x00004c18        0x4 c:/program files (x86)/cypress/psoc creator/4.1/psoc creator/import/gnu/arm/5.4.1/bin/../lib/gcc/arm-none-eabi/5.4.1/armv7-m/crti.o
                0x00004c18                _fini
 .fini          0x00004c1c        0x8 c:/program files (x86)/cypress/psoc creator/4.1/psoc creator/import/gnu/arm/5.4.1/bin/../lib/gcc/arm-none-eabi/5.4.1/armv7-m/crtn.o
                0x00004c24                . = ALIGN (0x4)
                0x00004c24                __fini_array_start = .
 *(.fini_array)
 .fini_array    0x00004c24        0x4 c:/program files (x86)/cypress/psoc creator/4.1/psoc creator/import/gnu/arm/5.4.1/bin/../lib/gcc/arm-none-eabi/5.4.1/armv7-m/crtbegin.o
 *(SORT(.fini_array.*))
                0x00004c28                __fini_array_end = .
                0x00004c28                . = ALIGN (0x4)
 *crtbegin.o(.ctors)
 *(EXCLUDE_FILE(*crtend.o) .ctors)
 *(SORT(.ctors.*))
 *crtend.o(.ctors)
                0x00004c28                . = ALIGN (0x4)
 *crtbegin.o(.dtors)
 *(EXCLUDE_FILE(*crtend.o) .dtors)
 *(SORT(.dtors.*))
 *crtend.o(.dtors)
                0x00004c28                . = ALIGN (0x4)
                0x00004c28                __cy_regions = .
                0x00004c28        0x4 LONG 0x4c38 __cy_region_init_ram
                0x00004c2c        0x4 LONG 0x1fff80c8 __cy_region_start_data
                0x00004c30        0x4 LONG 0xf0 __cy_region_init_size_ram
                0x00004c34        0x4 LONG 0x108 __cy_region_zero_size_ram
                0x00004c38                __cy_regions_end = .
                0x00004c38                . = ALIGN (0x8)
                0x00004c38                _etext = .

.cy_checksum_exclude
                0x00004c38        0x0
 *(.cy_checksum_exclude)

.ramvectors     0x1fff8000       0xc0
                0x1fff8000                __cy_region_start_ram = .
 *(.ramvectors)
 .ramvectors    0x1fff8000       0xc0 .\CortexM3\ARM_GCC_541\Debug\Cm3Start.o
                0x1fff8000                CyRamVectors

.noinit         0x1fff80c0        0x1
 *(.noinit)
 .noinit        0x1fff80c0        0x1 .\CortexM3\ARM_GCC_541\Debug\Transmitter.a(CyLib.o)
                0x1fff80c0                CyResetStatus

.data           0x1fff80c8       0xf0 load address 0x00004c38
                0x1fff80c8                __cy_region_start_data = .
 *(.jcr)
 .jcr           0x1fff80c8        0x0 c:/program files (x86)/cypress/psoc creator/4.1/psoc creator/import/gnu/arm/5.4.1/bin/../lib/gcc/arm-none-eabi/5.4.1/armv7-m/crtbegin.o
 .jcr           0x1fff80c8        0x4 c:/program files (x86)/cypress/psoc creator/4.1/psoc creator/import/gnu/arm/5.4.1/bin/../lib/gcc/arm-none-eabi/5.4.1/armv7-m/crtend.o
 *(.got.plt)
 *(.got)
 *(.shdata)
 *(.data .data.* .gnu.linkonce.d.*)
 .data          0x1fff80cc       0x20 .\CortexM3\ARM_GCC_541\Debug\main.o
                0x1fff80cc                parity
                0x1fff80e0                stop
 .data          0x1fff80ec        0x4 .\CortexM3\ARM_GCC_541\Debug\Cm3Start.o
 .data          0x1fff80f0       0x1a .\CortexM3\ARM_GCC_541\Debug\Transmitter.a(USB_cdc.o)
                0x1fff80f0                USB_linesCoding
 *fill*         0x1fff810a        0x2 
 .data          0x1fff810c       0x10 .\CortexM3\ARM_GCC_541\Debug\Transmitter.a(CyLib.o)
                0x1fff810c                cydelay_32k_ms
                0x1fff8110                cydelay_freq_khz
                0x1fff8114                cydelay_freq_mhz
                0x1fff8118                cydelay_freq_hz
 .data.impure_data
                0x1fff811c       0x60 c:/program files (x86)/cypress/psoc creator/4.1/psoc creator/import/gnu/arm/5.4.1/bin/../lib/gcc/arm-none-eabi/5.4.1/../../../../arm-none-eabi/lib/armv7-m\libg_nano.a(lib_a-impure.o)
 .data._impure_ptr
                0x1fff817c        0x4 c:/program files (x86)/cypress/psoc creator/4.1/psoc creator/import/gnu/arm/5.4.1/bin/../lib/gcc/arm-none-eabi/5.4.1/../../../../arm-none-eabi/lib/armv7-m\libg_nano.a(lib_a-impure.o)
                0x1fff817c                _impure_ptr
 .data.lconv    0x1fff8180       0x38 c:/program files (x86)/cypress/psoc creator/4.1/psoc creator/import/gnu/arm/5.4.1/bin/../lib/gcc/arm-none-eabi/5.4.1/../../../../arm-none-eabi/lib/armv7-m\libg_nano.a(lib_a-locale.o)
                0x1fff81b8                . = ALIGN (0x8)
 *(.ram)
                0x1fff81b8                _edata = .

.igot.plt       0x1fff81b8        0x0 load address 0x00004d28
 .igot.plt      0x1fff81b8        0x0 c:/program files (x86)/cypress/psoc creator/4.1/psoc creator/import/gnu/arm/5.4.1/bin/../lib/gcc/arm-none-eabi/5.4.1/armv7-m/crtbegin.o

.bss            0x1fff81b8      0x108 load address 0x00004d28
                0x1fff81b8                PROVIDE (__bss_start__, .)
 *(.shbss)
 *(.bss .bss.* .gnu.linkonce.b.*)
 .bss           0x1fff81b8       0x1c c:/program files (x86)/cypress/psoc creator/4.1/psoc creator/import/gnu/arm/5.4.1/bin/../lib/gcc/arm-none-eabi/5.4.1/armv7-m/crtbegin.o
 .bss           0x1fff81d4        0x1 .\CortexM3\ARM_GCC_541\Debug\Transmitter.a(USB.o)
                0x1fff81d4                USB_initVar
 .bss           0x1fff81d5        0x1 .\CortexM3\ARM_GCC_541\Debug\Transmitter.a(USB_cdc.o)
 *fill*         0x1fff81d6        0x2 
 .bss           0x1fff81d8        0x2 .\CortexM3\ARM_GCC_541\Debug\Transmitter.a(USB_std.o)
 .bss           0x1fff81da        0x2 .\CortexM3\ARM_GCC_541\Debug\Transmitter.a(LCD.o)
                0x1fff81da                LCD_enableState
                0x1fff81db                LCD_initVar
 .bss.__malloc_sbrk_start
                0x1fff81dc        0x4 c:/program files (x86)/cypress/psoc creator/4.1/psoc creator/import/gnu/arm/5.4.1/bin/../lib/gcc/arm-none-eabi/5.4.1/../../../../arm-none-eabi/lib/armv7-m\libg_nano.a(lib_a-nano-mallocr.o)
                0x1fff81dc                __malloc_sbrk_start
 .bss.__malloc_free_list
                0x1fff81e0        0x4 c:/program files (x86)/cypress/psoc creator/4.1/psoc creator/import/gnu/arm/5.4.1/bin/../lib/gcc/arm-none-eabi/5.4.1/../../../../arm-none-eabi/lib/armv7-m\libg_nano.a(lib_a-nano-mallocr.o)
                0x1fff81e0                __malloc_free_list
 *(COMMON)
 COMMON         0x1fff81e4       0x16 .\CortexM3\ARM_GCC_541\Debug\Transmitter.a(USB_cdc.o)
                0x1fff81e4                USB_linesControlBitmap
                0x1fff81e8                USB_cdcCommInInterruptEp
                0x1fff81ec                USB_serialStateBitmap
                0x1fff81f0                USB_cdcDataOutEp
                0x1fff81f4                USB_cdcDataInEp
                0x1fff81f8                USB_linesChanged
 *fill*         0x1fff81fa        0x2 
 COMMON         0x1fff81fc       0x98 .\CortexM3\ARM_GCC_541\Debug\Transmitter.a(USB_drv.o)
                0x1fff81fc                USB_transferState
                0x1fff81fd                USB_interfaceNumber
                0x1fff81fe                USB_lastPacketSize
                0x1fff8200                USB_interfaceClass
                0x1fff8204                USB_interfaceSetting
                0x1fff8206                USB_ep0Mode
                0x1fff8207                USB_device
                0x1fff8208                USB_deviceAddress
                0x1fff8209                USB_ep0Toggle
                0x1fff820c                USB_interfaceSettingLast
                0x1fff820e                USB_configurationChanged
                0x1fff8210                USB_interfaceStatus
                0x1fff8212                USB_transferByteCount
                0x1fff8214                USB_configuration
                0x1fff8218                USB_currentTD
                0x1fff8224                USB_ep0Count
                0x1fff8225                USB_deviceStatus
                0x1fff8228                USB_EP
 COMMON         0x1fff8294       0x22 .\CortexM3\ARM_GCC_541\Debug\Transmitter.a(USB_descr.o)
                0x1fff8294                USB_idSerialNumberStringDescriptor
 *fill*         0x1fff82b6        0x2 
 COMMON         0x1fff82b8        0x4 c:/program files (x86)/cypress/psoc creator/4.1/psoc creator/import/gnu/arm/5.4.1/bin/../lib/gcc/arm-none-eabi/5.4.1/../../../../arm-none-eabi/lib/armv7-m\libg_nano.a(lib_a-reent.o)
                0x1fff82b8                errno
                0x1fff82c0                . = ALIGN (0x8)
 *fill*         0x1fff82bc        0x4 
 *(.ram.b)
                0x1fff82c0                _end = .
                0x1fff82c0                __end = .
                0x1fff82c0                PROVIDE (end, .)
                0x1fff82c0                PROVIDE (__bss_end__, .)
                0x00004c38                __cy_region_init_ram = LOADADDR (.data)
                0x000000f0                __cy_region_init_size_ram = (_edata - ADDR (.data))
                0x00000108                __cy_region_zero_size_ram = (_end - _edata)

.heap           0x1fff82c0       0x80 load address 0x00004d28
                0x1fff82c0                . = _end
                0x1fff8340                . = (. + 0x80)
 *fill*         0x1fff82c0       0x80 
                0x1fff8340                __cy_heap_limit = .

.stack          0x20007800      0x800
                0x20007800                __cy_stack_limit = .
                0x20008000                . = (. + 0x800)
 *fill*         0x20007800      0x800 
                0x00000001                ASSERT ((__cy_stack_limit >= __cy_heap_limit), region RAM overflowed with stack)
                0x00000000                cy_checksum_exclude_size = (CY_APPL_LOADABLE == 0x1)?SIZEOF (.cy_checksum_exclude):0x0
                0x00000001                ASSERT ((cy_checksum_exclude_size <= CY_CHECKSUM_EXCLUDE_SIZE), CY_BOOT: Section .cy_checksum_exclude size exceedes specified limit.)

.cyloadermeta
 *(.cyloadermeta)

.cyloadablemeta
 *(.cyloadablemeta)

.cyconfigecc    0x80000000       0x90
 *(.cyconfigecc)
 .cyconfigecc   0x80000000       0x90 .\CortexM3\ARM_GCC_541\Debug\cymetadata.o
                0x80000000                cy_meta_configecc

.cycustnvl      0x90000000        0x4
 *(.cycustnvl)
 .cycustnvl     0x90000000        0x4 .\CortexM3\ARM_GCC_541\Debug\cymetadata.o
                0x90000000                cy_meta_custnvl

.cywolatch      0x90100000        0x4
 *(.cywolatch)
 .cywolatch     0x90100000        0x4 .\CortexM3\ARM_GCC_541\Debug\cymetadata.o
                0x90100000                cy_meta_wonvl

.cyeeprom       0x90200000        0x0
 *(.cyeeprom)
                0x00000001                ASSERT ((. <= ((0x90200000 + ee_offset) + ee_size)), .cyeeprom data will not fit in EEPROM)

.cyflashprotect
                0x90400000      0x100
 *(.cyflashprotect)
 .cyflashprotect
                0x90400000      0x100 .\CortexM3\ARM_GCC_541\Debug\cymetadata.o
                0x90400000                cy_meta_flashprotect

.cymeta         0x90500000        0xc
 *(.cymeta)
 .cymeta        0x90500000        0xc .\CortexM3\ARM_GCC_541\Debug\cymetadata.o
                0x90500000                cy_metadata

.rel.dyn        0x00004d28        0x0 load address 0x9050000c
 .rel.iplt      0x00004d28        0x0 c:/program files (x86)/cypress/psoc creator/4.1/psoc creator/import/gnu/arm/5.4.1/bin/../lib/gcc/arm-none-eabi/5.4.1/armv7-m/crtbegin.o

.stab
 *(.stab)

.stabstr
 *(.stabstr)

.debug
 *(.debug)

.line
 *(.line)

.debug_srcinfo
 *(.debug_srcinfo)

.debug_sfnames
 *(.debug_sfnames)

.debug_aranges  0x00000000      0x9e0
 *(.debug_aranges)
 .debug_aranges
                0x00000000       0x20 .\CortexM3\ARM_GCC_541\Debug\main.o
 .debug_aranges
                0x00000020       0x58 .\CortexM3\ARM_GCC_541\Debug\cyfitter_cfg.o
 .debug_aranges
                0x00000078       0x18 .\CortexM3\ARM_GCC_541\Debug\cymetadata.o
 .debug_aranges
                0x00000090       0x48 .\CortexM3\ARM_GCC_541\Debug\Cm3Start.o
 .debug_aranges
                0x000000d8       0xc8 .\CortexM3\ARM_GCC_541\Debug\Transmitter.a(USB.o)
 .debug_aranges
                0x000001a0       0xe8 .\CortexM3\ARM_GCC_541\Debug\Transmitter.a(USB_cdc.o)
 .debug_aranges
                0x00000288       0x98 .\CortexM3\ARM_GCC_541\Debug\Transmitter.a(USB_drv.o)
 .debug_aranges
                0x00000320       0x40 .\CortexM3\ARM_GCC_541\Debug\Transmitter.a(USB_episr.o)
 .debug_aranges
                0x00000360       0x40 .\CortexM3\ARM_GCC_541\Debug\Transmitter.a(USB_pm.o)
 .debug_aranges
                0x000003a0       0x80 .\CortexM3\ARM_GCC_541\Debug\Transmitter.a(USB_std.o)
 .debug_aranges
                0x00000420       0x20 .\CortexM3\ARM_GCC_541\Debug\Transmitter.a(USB_vnd.o)
 .debug_aranges
                0x00000440       0x38 .\CortexM3\ARM_GCC_541\Debug\Transmitter.a(TX.o)
 .debug_aranges
                0x00000478       0x48 .\CortexM3\ARM_GCC_541\Debug\Transmitter.a(USB_Dp.o)
 .debug_aranges
                0x000004c0      0x2a0 .\CortexM3\ARM_GCC_541\Debug\Transmitter.a(CyLib.o)
 .debug_aranges
                0x00000760       0x98 .\CortexM3\ARM_GCC_541\Debug\Transmitter.a(cyPm.o)
 .debug_aranges
                0x000007f8       0x98 .\CortexM3\ARM_GCC_541\Debug\Transmitter.a(LCD.o)
 .debug_aranges
                0x00000890       0x20 .\CortexM3\ARM_GCC_541\Debug\Transmitter.a(CyBootAsmGnu.o)
 .debug_aranges
                0x000008b0       0x20 .\CortexM3\ARM_GCC_541\Debug\Transmitter.a(USB_cls.o)
 .debug_aranges
                0x000008d0       0x18 .\CortexM3\ARM_GCC_541\Debug\Transmitter.a(USB_descr.o)
 .debug_aranges
                0x000008e8       0x80 .\CortexM3\ARM_GCC_541\Debug\Transmitter.a(CyFlash.o)
 .debug_aranges
                0x00000968       0x78 .\CortexM3\ARM_GCC_541\Debug\Transmitter.a(CySpc.o)

.debug_pubnames
 *(.debug_pubnames)

.debug_info     0x00000000     0x7237
 *(.debug_info .gnu.linkonce.wi.*)
 .debug_info    0x00000000      0x532 .\CortexM3\ARM_GCC_541\Debug\main.o
 .debug_info    0x00000532      0x4f1 .\CortexM3\ARM_GCC_541\Debug\cyfitter_cfg.o
 .debug_info    0x00000a23      0x134 .\CortexM3\ARM_GCC_541\Debug\cymetadata.o
 .debug_info    0x00000b57      0x3bb .\CortexM3\ARM_GCC_541\Debug\Cm3Start.o
 .debug_info    0x00000f12      0x995 .\CortexM3\ARM_GCC_541\Debug\Transmitter.a(USB.o)
 .debug_info    0x000018a7      0xaf7 .\CortexM3\ARM_GCC_541\Debug\Transmitter.a(USB_cdc.o)
 .debug_info    0x0000239e      0x655 .\CortexM3\ARM_GCC_541\Debug\Transmitter.a(USB_drv.o)
 .debug_info    0x000029f3      0x254 .\CortexM3\ARM_GCC_541\Debug\Transmitter.a(USB_episr.o)
 .debug_info    0x00002c47      0x2e4 .\CortexM3\ARM_GCC_541\Debug\Transmitter.a(USB_pm.o)
 .debug_info    0x00002f2b      0xb26 .\CortexM3\ARM_GCC_541\Debug\Transmitter.a(USB_std.o)
 .debug_info    0x00003a51       0xed .\CortexM3\ARM_GCC_541\Debug\Transmitter.a(USB_vnd.o)
 .debug_info    0x00003b3e      0x11f .\CortexM3\ARM_GCC_541\Debug\Transmitter.a(TX.o)
 .debug_info    0x00003c5d      0x174 .\CortexM3\ARM_GCC_541\Debug\Transmitter.a(USB_Dp.o)
 .debug_info    0x00003dd1     0x1374 .\CortexM3\ARM_GCC_541\Debug\Transmitter.a(CyLib.o)
 .debug_info    0x00005145      0xa2a .\CortexM3\ARM_GCC_541\Debug\Transmitter.a(cyPm.o)
 .debug_info    0x00005b6f      0x715 .\CortexM3\ARM_GCC_541\Debug\Transmitter.a(LCD.o)
 .debug_info    0x00006284       0x91 .\CortexM3\ARM_GCC_541\Debug\Transmitter.a(CyBootAsmGnu.o)
 .debug_info    0x00006315      0x1de .\CortexM3\ARM_GCC_541\Debug\Transmitter.a(USB_cls.o)
 .debug_info    0x000064f3      0x2a3 .\CortexM3\ARM_GCC_541\Debug\Transmitter.a(USB_descr.o)
 .debug_info    0x00006796      0x5b8 .\CortexM3\ARM_GCC_541\Debug\Transmitter.a(CyFlash.o)
 .debug_info    0x00006d4e      0x4e9 .\CortexM3\ARM_GCC_541\Debug\Transmitter.a(CySpc.o)

.debug_abbrev   0x00000000     0x1b70
 *(.debug_abbrev)
 .debug_abbrev  0x00000000      0x137 .\CortexM3\ARM_GCC_541\Debug\main.o
 .debug_abbrev  0x00000137      0x1fe .\CortexM3\ARM_GCC_541\Debug\cyfitter_cfg.o
 .debug_abbrev  0x00000335       0x5d .\CortexM3\ARM_GCC_541\Debug\cymetadata.o
 .debug_abbrev  0x00000392      0x1e8 .\CortexM3\ARM_GCC_541\Debug\Cm3Start.o
 .debug_abbrev  0x0000057a      0x215 .\CortexM3\ARM_GCC_541\Debug\Transmitter.a(USB.o)
 .debug_abbrev  0x0000078f      0x245 .\CortexM3\ARM_GCC_541\Debug\Transmitter.a(USB_cdc.o)
 .debug_abbrev  0x000009d4      0x189 .\CortexM3\ARM_GCC_541\Debug\Transmitter.a(USB_drv.o)
 .debug_abbrev  0x00000b5d      0x11b .\CortexM3\ARM_GCC_541\Debug\Transmitter.a(USB_episr.o)
 .debug_abbrev  0x00000c78      0x108 .\CortexM3\ARM_GCC_541\Debug\Transmitter.a(USB_pm.o)
 .debug_abbrev  0x00000d80      0x20a .\CortexM3\ARM_GCC_541\Debug\Transmitter.a(USB_std.o)
 .debug_abbrev  0x00000f8a       0x9b .\CortexM3\ARM_GCC_541\Debug\Transmitter.a(USB_vnd.o)
 .debug_abbrev  0x00001025       0x90 .\CortexM3\ARM_GCC_541\Debug\Transmitter.a(TX.o)
 .debug_abbrev  0x000010b5       0x90 .\CortexM3\ARM_GCC_541\Debug\Transmitter.a(USB_Dp.o)
 .debug_abbrev  0x00001145      0x254 .\CortexM3\ARM_GCC_541\Debug\Transmitter.a(CyLib.o)
 .debug_abbrev  0x00001399      0x1ab .\CortexM3\ARM_GCC_541\Debug\Transmitter.a(cyPm.o)
 .debug_abbrev  0x00001544      0x157 .\CortexM3\ARM_GCC_541\Debug\Transmitter.a(LCD.o)
 .debug_abbrev  0x0000169b       0x14 .\CortexM3\ARM_GCC_541\Debug\Transmitter.a(CyBootAsmGnu.o)
 .debug_abbrev  0x000016af       0xe1 .\CortexM3\ARM_GCC_541\Debug\Transmitter.a(USB_cls.o)
 .debug_abbrev  0x00001790       0xb4 .\CortexM3\ARM_GCC_541\Debug\Transmitter.a(USB_descr.o)
 .debug_abbrev  0x00001844      0x198 .\CortexM3\ARM_GCC_541\Debug\Transmitter.a(CyFlash.o)
 .debug_abbrev  0x000019dc      0x194 .\CortexM3\ARM_GCC_541\Debug\Transmitter.a(CySpc.o)

.debug_line     0x00000000     0x29cb
 *(.debug_line)
 .debug_line    0x00000000      0x298 .\CortexM3\ARM_GCC_541\Debug\main.o
 .debug_line    0x00000298      0x1d2 .\CortexM3\ARM_GCC_541\Debug\cyfitter_cfg.o
 .debug_line    0x0000046a      0x141 .\CortexM3\ARM_GCC_541\Debug\cymetadata.o
 .debug_line    0x000005ab      0x234 .\CortexM3\ARM_GCC_541\Debug\Cm3Start.o
 .debug_line    0x000007df      0x2cc .\CortexM3\ARM_GCC_541\Debug\Transmitter.a(USB.o)
 .debug_line    0x00000aab      0x2e6 .\CortexM3\ARM_GCC_541\Debug\Transmitter.a(USB_cdc.o)
 .debug_line    0x00000d91      0x215 .\CortexM3\ARM_GCC_541\Debug\Transmitter.a(USB_drv.o)
 .debug_line    0x00000fa6       0xda .\CortexM3\ARM_GCC_541\Debug\Transmitter.a(USB_episr.o)
 .debug_line    0x00001080       0xfe .\CortexM3\ARM_GCC_541\Debug\Transmitter.a(USB_pm.o)
 .debug_line    0x0000117e      0x3d6 .\CortexM3\ARM_GCC_541\Debug\Transmitter.a(USB_std.o)
 .debug_line    0x00001554       0x6b .\CortexM3\ARM_GCC_541\Debug\Transmitter.a(USB_vnd.o)
 .debug_line    0x000015bf       0x8f .\CortexM3\ARM_GCC_541\Debug\Transmitter.a(TX.o)
 .debug_line    0x0000164e       0xb7 .\CortexM3\ARM_GCC_541\Debug\Transmitter.a(USB_Dp.o)
 .debug_line    0x00001705      0x816 .\CortexM3\ARM_GCC_541\Debug\Transmitter.a(CyLib.o)
 .debug_line    0x00001f1b      0x367 .\CortexM3\ARM_GCC_541\Debug\Transmitter.a(cyPm.o)
 .debug_line    0x00002282      0x1dc .\CortexM3\ARM_GCC_541\Debug\Transmitter.a(LCD.o)
 .debug_line    0x0000245e       0x66 .\CortexM3\ARM_GCC_541\Debug\Transmitter.a(CyBootAsmGnu.o)
 .debug_line    0x000024c4       0x89 .\CortexM3\ARM_GCC_541\Debug\Transmitter.a(USB_cls.o)
 .debug_line    0x0000254d       0x59 .\CortexM3\ARM_GCC_541\Debug\Transmitter.a(USB_descr.o)
 .debug_line    0x000025a6      0x1e9 .\CortexM3\ARM_GCC_541\Debug\Transmitter.a(CyFlash.o)
 .debug_line    0x0000278f      0x23c .\CortexM3\ARM_GCC_541\Debug\Transmitter.a(CySpc.o)

.debug_frame    0x00000000     0x2168
 *(.debug_frame)
 .debug_frame   0x00000000       0x3c .\CortexM3\ARM_GCC_541\Debug\main.o
 .debug_frame   0x0000003c       0xe4 .\CortexM3\ARM_GCC_541\Debug\cyfitter_cfg.o
 .debug_frame   0x00000120       0xb8 .\CortexM3\ARM_GCC_541\Debug\Cm3Start.o
 .debug_frame   0x000001d8      0x1dc .\CortexM3\ARM_GCC_541\Debug\Transmitter.a(USB.o)
 .debug_frame   0x000003b4      0x27c .\CortexM3\ARM_GCC_541\Debug\Transmitter.a(USB_cdc.o)
 .debug_frame   0x00000630      0x194 .\CortexM3\ARM_GCC_541\Debug\Transmitter.a(USB_drv.o)
 .debug_frame   0x000007c4       0x6c .\CortexM3\ARM_GCC_541\Debug\Transmitter.a(USB_episr.o)
 .debug_frame   0x00000830       0xa0 .\CortexM3\ARM_GCC_541\Debug\Transmitter.a(USB_pm.o)
 .debug_frame   0x000008d0      0x17c .\CortexM3\ARM_GCC_541\Debug\Transmitter.a(USB_std.o)
 .debug_frame   0x00000a4c       0x20 .\CortexM3\ARM_GCC_541\Debug\Transmitter.a(USB_vnd.o)
 .debug_frame   0x00000a6c       0x50 .\CortexM3\ARM_GCC_541\Debug\Transmitter.a(TX.o)
 .debug_frame   0x00000abc       0x70 .\CortexM3\ARM_GCC_541\Debug\Transmitter.a(USB_Dp.o)
 .debug_frame   0x00000b2c      0x738 .\CortexM3\ARM_GCC_541\Debug\Transmitter.a(CyLib.o)
 .debug_frame   0x00001264      0x1f8 .\CortexM3\ARM_GCC_541\Debug\Transmitter.a(cyPm.o)
 .debug_frame   0x0000145c      0x1e8 .\CortexM3\ARM_GCC_541\Debug\Transmitter.a(LCD.o)
 .debug_frame   0x00001644       0x2c .\CortexM3\ARM_GCC_541\Debug\Transmitter.a(USB_cls.o)
 .debug_frame   0x00001670      0x174 .\CortexM3\ARM_GCC_541\Debug\Transmitter.a(CyFlash.o)
 .debug_frame   0x000017e4      0x160 .\CortexM3\ARM_GCC_541\Debug\Transmitter.a(CySpc.o)
 .debug_frame   0x00001944       0x20 c:/program files (x86)/cypress/psoc creator/4.1/psoc creator/import/gnu/arm/5.4.1/bin/../lib/gcc/arm-none-eabi/5.4.1/../../../../arm-none-eabi/lib/armv7-m\libg_nano.a(lib_a-errno.o)
 .debug_frame   0x00001964       0x28 c:/program files (x86)/cypress/psoc creator/4.1/psoc creator/import/gnu/arm/5.4.1/bin/../lib/gcc/arm-none-eabi/5.4.1/../../../../arm-none-eabi/lib/armv7-m\libg_nano.a(lib_a-exit.o)
 .debug_frame   0x0000198c       0x2c c:/program files (x86)/cypress/psoc creator/4.1/psoc creator/import/gnu/arm/5.4.1/bin/../lib/gcc/arm-none-eabi/5.4.1/../../../../arm-none-eabi/lib/armv7-m\libg_nano.a(lib_a-init.o)
 .debug_frame   0x000019b8       0x28 c:/program files (x86)/cypress/psoc creator/4.1/psoc creator/import/gnu/arm/5.4.1/bin/../lib/gcc/arm-none-eabi/5.4.1/../../../../arm-none-eabi/lib/armv7-m\libg_nano.a(lib_a-memcpy-stub.o)
 .debug_frame   0x000019e0       0x20 c:/program files (x86)/cypress/psoc creator/4.1/psoc creator/import/gnu/arm/5.4.1/bin/../lib/gcc/arm-none-eabi/5.4.1/../../../../arm-none-eabi/lib/armv7-m\libg_nano.a(lib_a-memset.o)
 .debug_frame   0x00001a00       0x8c c:/program files (x86)/cypress/psoc creator/4.1/psoc creator/import/gnu/arm/5.4.1/bin/../lib/gcc/arm-none-eabi/5.4.1/../../../../arm-none-eabi/lib/armv7-m\libg_nano.a(lib_a-nano-vfprintf_float.o)
 .debug_frame   0x00001a8c       0x60 c:/program files (x86)/cypress/psoc creator/4.1/psoc creator/import/gnu/arm/5.4.1/bin/../lib/gcc/arm-none-eabi/5.4.1/../../../../arm-none-eabi/lib/armv7-m\libg_nano.a(lib_a-nano-vfprintf_i.o)
 .debug_frame   0x00001aec       0x70 c:/program files (x86)/cypress/psoc creator/4.1/psoc creator/import/gnu/arm/5.4.1/bin/../lib/gcc/arm-none-eabi/5.4.1/../../../../arm-none-eabi/lib/armv7-m\libg_nano.a(lib_a-sprintf.o)
 .debug_frame   0x00001b5c       0x6c c:/program files (x86)/cypress/psoc creator/4.1/psoc creator/import/gnu/arm/5.4.1/bin/../lib/gcc/arm-none-eabi/5.4.1/../../../../arm-none-eabi/lib/armv7-m\libg_nano.a(lib_a-dtoa.o)
 .debug_frame   0x00001bc8       0x98 c:/program files (x86)/cypress/psoc creator/4.1/psoc creator/import/gnu/arm/5.4.1/bin/../lib/gcc/arm-none-eabi/5.4.1/../../../../arm-none-eabi/lib/armv7-m\libg_nano.a(lib_a-locale.o)
 .debug_frame   0x00001c60       0x30 c:/program files (x86)/cypress/psoc creator/4.1/psoc creator/import/gnu/arm/5.4.1/bin/../lib/gcc/arm-none-eabi/5.4.1/../../../../arm-none-eabi/lib/armv7-m\libg_nano.a(lib_a-malloc.o)
 .debug_frame   0x00001c90       0x28 c:/program files (x86)/cypress/psoc creator/4.1/psoc creator/import/gnu/arm/5.4.1/bin/../lib/gcc/arm-none-eabi/5.4.1/../../../../arm-none-eabi/lib/armv7-m\libg_nano.a(lib_a-memchr-stub.o)
 .debug_frame   0x00001cb8      0x234 c:/program files (x86)/cypress/psoc creator/4.1/psoc creator/import/gnu/arm/5.4.1/bin/../lib/gcc/arm-none-eabi/5.4.1/../../../../arm-none-eabi/lib/armv7-m\libg_nano.a(lib_a-mprec.o)
 .debug_frame   0x00001eec       0x2c c:/program files (x86)/cypress/psoc creator/4.1/psoc creator/import/gnu/arm/5.4.1/bin/../lib/gcc/arm-none-eabi/5.4.1/../../../../arm-none-eabi/lib/armv7-m\libg_nano.a(lib_a-nano-callocr.o)
 .debug_frame   0x00001f18       0x38 c:/program files (x86)/cypress/psoc creator/4.1/psoc creator/import/gnu/arm/5.4.1/bin/../lib/gcc/arm-none-eabi/5.4.1/../../../../arm-none-eabi/lib/armv7-m\libg_nano.a(lib_a-nano-freer.o)
 .debug_frame   0x00001f50       0x2c c:/program files (x86)/cypress/psoc creator/4.1/psoc creator/import/gnu/arm/5.4.1/bin/../lib/gcc/arm-none-eabi/5.4.1/../../../../arm-none-eabi/lib/armv7-m\libg_nano.a(lib_a-nano-mallocr.o)
 .debug_frame   0x00001f7c       0x90 c:/program files (x86)/cypress/psoc creator/4.1/psoc creator/import/gnu/arm/5.4.1/bin/../lib/gcc/arm-none-eabi/5.4.1/../../../../arm-none-eabi/lib/armv7-m\libg_nano.a(lib_a-nano-svfprintf.o)
 .debug_frame   0x0000200c       0x2c c:/program files (x86)/cypress/psoc creator/4.1/psoc creator/import/gnu/arm/5.4.1/bin/../lib/gcc/arm-none-eabi/5.4.1/../../../../arm-none-eabi/lib/armv7-m\libg_nano.a(lib_a-sbrkr.o)
 .debug_frame   0x00002038       0x20 c:/program files (x86)/cypress/psoc creator/4.1/psoc creator/import/gnu/arm/5.4.1/bin/../lib/gcc/arm-none-eabi/5.4.1/../../../../arm-none-eabi/lib/armv7-m\libg_nano.a(lib_a-strcmp.o)
 .debug_frame   0x00002058       0x28 c:/program files (x86)/cypress/psoc creator/4.1/psoc creator/import/gnu/arm/5.4.1/bin/../lib/gcc/arm-none-eabi/5.4.1/../../../../arm-none-eabi/lib/armv7-m\libg_nano.a(lib_a-memmove.o)
 .debug_frame   0x00002080       0x30 c:/program files (x86)/cypress/psoc creator/4.1/psoc creator/import/gnu/arm/5.4.1/bin/../lib/gcc/arm-none-eabi/5.4.1/../../../../arm-none-eabi/lib/armv7-m\libg_nano.a(lib_a-mlock.o)
 .debug_frame   0x000020b0       0x3c c:/program files (x86)/cypress/psoc creator/4.1/psoc creator/import/gnu/arm/5.4.1/bin/../lib/gcc/arm-none-eabi/5.4.1/../../../../arm-none-eabi/lib/armv7-m\libg_nano.a(lib_a-nano-reallocr.o)
 .debug_frame   0x000020ec       0x5c c:/program files (x86)/cypress/psoc creator/4.1/psoc creator/import/gnu/arm/5.4.1/bin/../lib/gcc/arm-none-eabi/5.4.1/../../../../arm-none-eabi/lib/armv7-m\libg_nano.a(lib_a-reent.o)
 .debug_frame   0x00002148       0x20 c:/program files (x86)/cypress/psoc creator/4.1/psoc creator/import/gnu/arm/5.4.1/bin/../lib/gcc/arm-none-eabi/5.4.1/../../../../arm-none-eabi/lib/armv7-m\libg_nano.a(lib_a-nano-msizer.o)

.debug_str      0x00000000     0x2395
 *(.debug_str)
 .debug_str     0x00000000      0x2c5 .\CortexM3\ARM_GCC_541\Debug\main.o
                                0x314 (size before relaxing)
 .debug_str     0x000002c5      0x174 .\CortexM3\ARM_GCC_541\Debug\cyfitter_cfg.o
                                0x310 (size before relaxing)
 .debug_str     0x00000439       0x7f .\CortexM3\ARM_GCC_541\Debug\cymetadata.o
                                0x1e5 (size before relaxing)
 .debug_str     0x000004b8      0x144 .\CortexM3\ARM_GCC_541\Debug\Cm3Start.o
                                0x30b (size before relaxing)
 .debug_str     0x000005fc      0x3c1 .\CortexM3\ARM_GCC_541\Debug\Transmitter.a(USB.o)
                                0x5cb (size before relaxing)
 .debug_str     0x000009bd      0x3c7 .\CortexM3\ARM_GCC_541\Debug\Transmitter.a(USB_cdc.o)
                                0x6fe (size before relaxing)
 .debug_str     0x00000d84      0x231 .\CortexM3\ARM_GCC_541\Debug\Transmitter.a(USB_drv.o)
                                0x5a1 (size before relaxing)
 .debug_str     0x00000fb5       0x68 .\CortexM3\ARM_GCC_541\Debug\Transmitter.a(USB_episr.o)
                                0x2b4 (size before relaxing)
 .debug_str     0x0000101d       0x9e .\CortexM3\ARM_GCC_541\Debug\Transmitter.a(USB_pm.o)
                                0x2c1 (size before relaxing)
 .debug_str     0x000010bb      0x22c .\CortexM3\ARM_GCC_541\Debug\Transmitter.a(USB_std.o)
                                0x704 (size before relaxing)
 .debug_str     0x000012e7       0x21 .\CortexM3\ARM_GCC_541\Debug\Transmitter.a(USB_vnd.o)
                                0x1e2 (size before relaxing)
 .debug_str     0x00001308       0x4e .\CortexM3\ARM_GCC_541\Debug\Transmitter.a(TX.o)
                                0x1d4 (size before relaxing)
 .debug_str     0x00001356       0x81 .\CortexM3\ARM_GCC_541\Debug\Transmitter.a(USB_Dp.o)
                                0x226 (size before relaxing)
 .debug_str     0x000013d7      0x7db .\CortexM3\ARM_GCC_541\Debug\Transmitter.a(CyLib.o)
                                0xa48 (size before relaxing)
 .debug_str     0x00001bb2      0x365 .\CortexM3\ARM_GCC_541\Debug\Transmitter.a(cyPm.o)
                                0x734 (size before relaxing)
 .debug_str     0x00001f17      0x134 .\CortexM3\ARM_GCC_541\Debug\Transmitter.a(LCD.o)
                                0x32c (size before relaxing)
 .debug_str     0x0000204b       0x21 .\CortexM3\ARM_GCC_541\Debug\Transmitter.a(USB_cls.o)
                                0x291 (size before relaxing)
 .debug_str     0x0000206c       0xe8 .\CortexM3\ARM_GCC_541\Debug\Transmitter.a(USB_descr.o)
                                0x326 (size before relaxing)
 .debug_str     0x00002154      0x195 .\CortexM3\ARM_GCC_541\Debug\Transmitter.a(CyFlash.o)
                                0x3a2 (size before relaxing)
 .debug_str     0x000022e9       0xac .\CortexM3\ARM_GCC_541\Debug\Transmitter.a(CySpc.o)
                                0x32b (size before relaxing)

.debug_loc      0x00000000     0x3203
 *(.debug_loc)
 .debug_loc     0x00000000       0xaa .\CortexM3\ARM_GCC_541\Debug\main.o
 .debug_loc     0x000000aa      0x1d7 .\CortexM3\ARM_GCC_541\Debug\cyfitter_cfg.o
 .debug_loc     0x00000281      0x144 .\CortexM3\ARM_GCC_541\Debug\Cm3Start.o
 .debug_loc     0x000003c5      0x3e1 .\CortexM3\ARM_GCC_541\Debug\Transmitter.a(USB.o)
 .debug_loc     0x000007a6      0x557 .\CortexM3\ARM_GCC_541\Debug\Transmitter.a(USB_cdc.o)
 .debug_loc     0x00000cfd      0x171 .\CortexM3\ARM_GCC_541\Debug\Transmitter.a(USB_drv.o)
 .debug_loc     0x00000e6e       0x26 .\CortexM3\ARM_GCC_541\Debug\Transmitter.a(USB_pm.o)
 .debug_loc     0x00000e94      0x945 .\CortexM3\ARM_GCC_541\Debug\Transmitter.a(USB_std.o)
 .debug_loc     0x000017d9       0x42 .\CortexM3\ARM_GCC_541\Debug\Transmitter.a(TX.o)
 .debug_loc     0x0000181b       0x84 .\CortexM3\ARM_GCC_541\Debug\Transmitter.a(USB_Dp.o)
 .debug_loc     0x0000189f      0xa11 .\CortexM3\ARM_GCC_541\Debug\Transmitter.a(CyLib.o)
 .debug_loc     0x000022b0      0x1e4 .\CortexM3\ARM_GCC_541\Debug\Transmitter.a(cyPm.o)
 .debug_loc     0x00002494      0x3c6 .\CortexM3\ARM_GCC_541\Debug\Transmitter.a(LCD.o)
 .debug_loc     0x0000285a       0x6a .\CortexM3\ARM_GCC_541\Debug\Transmitter.a(USB_cls.o)
 .debug_loc     0x000028c4      0x2f2 .\CortexM3\ARM_GCC_541\Debug\Transmitter.a(CyFlash.o)
 .debug_loc     0x00002bb6      0x64d .\CortexM3\ARM_GCC_541\Debug\Transmitter.a(CySpc.o)

.debug_macinfo
 *(.debug_macinfo)

.debug_ranges   0x00000000      0x888
 *(.debug_ranges)
 .debug_ranges  0x00000000       0x10 .\CortexM3\ARM_GCC_541\Debug\main.o
 .debug_ranges  0x00000010       0x48 .\CortexM3\ARM_GCC_541\Debug\cyfitter_cfg.o
 .debug_ranges  0x00000058       0x38 .\CortexM3\ARM_GCC_541\Debug\Cm3Start.o
 .debug_ranges  0x00000090       0xd0 .\CortexM3\ARM_GCC_541\Debug\Transmitter.a(USB.o)
 .debug_ranges  0x00000160       0xd8 .\CortexM3\ARM_GCC_541\Debug\Transmitter.a(USB_cdc.o)
 .debug_ranges  0x00000238       0x88 .\CortexM3\ARM_GCC_541\Debug\Transmitter.a(USB_drv.o)
 .debug_ranges  0x000002c0       0x30 .\CortexM3\ARM_GCC_541\Debug\Transmitter.a(USB_episr.o)
 .debug_ranges  0x000002f0       0x30 .\CortexM3\ARM_GCC_541\Debug\Transmitter.a(USB_pm.o)
 .debug_ranges  0x00000320       0x70 .\CortexM3\ARM_GCC_541\Debug\Transmitter.a(USB_std.o)
 .debug_ranges  0x00000390       0x10 .\CortexM3\ARM_GCC_541\Debug\Transmitter.a(USB_vnd.o)
 .debug_ranges  0x000003a0       0x28 .\CortexM3\ARM_GCC_541\Debug\Transmitter.a(TX.o)
 .debug_ranges  0x000003c8       0x38 .\CortexM3\ARM_GCC_541\Debug\Transmitter.a(USB_Dp.o)
 .debug_ranges  0x00000400      0x290 .\CortexM3\ARM_GCC_541\Debug\Transmitter.a(CyLib.o)
 .debug_ranges  0x00000690       0x88 .\CortexM3\ARM_GCC_541\Debug\Transmitter.a(cyPm.o)
 .debug_ranges  0x00000718       0x88 .\CortexM3\ARM_GCC_541\Debug\Transmitter.a(LCD.o)
 .debug_ranges  0x000007a0       0x10 .\CortexM3\ARM_GCC_541\Debug\Transmitter.a(USB_cls.o)
 .debug_ranges  0x000007b0       0x70 .\CortexM3\ARM_GCC_541\Debug\Transmitter.a(CyFlash.o)
 .debug_ranges  0x00000820       0x68 .\CortexM3\ARM_GCC_541\Debug\Transmitter.a(CySpc.o)

.comment        0x00000000       0x6e
 .comment       0x00000000       0x6e .\CortexM3\ARM_GCC_541\Debug\main.o
                                 0x6f (size before relaxing)
 .comment       0x0000006e       0x6f .\CortexM3\ARM_GCC_541\Debug\cyfitter_cfg.o
 .comment       0x0000006e       0x6f .\CortexM3\ARM_GCC_541\Debug\cymetadata.o
 .comment       0x0000006e       0x6f .\CortexM3\ARM_GCC_541\Debug\Cm3Start.o
 .comment       0x0000006e       0x6f .\CortexM3\ARM_GCC_541\Debug\Transmitter.a(USB.o)
 .comment       0x0000006e       0x6f .\CortexM3\ARM_GCC_541\Debug\Transmitter.a(USB_cdc.o)
 .comment       0x0000006e       0x6f .\CortexM3\ARM_GCC_541\Debug\Transmitter.a(USB_drv.o)
 .comment       0x0000006e       0x6f .\CortexM3\ARM_GCC_541\Debug\Transmitter.a(USB_episr.o)
 .comment       0x0000006e       0x6f .\CortexM3\ARM_GCC_541\Debug\Transmitter.a(USB_pm.o)
 .comment       0x0000006e       0x6f .\CortexM3\ARM_GCC_541\Debug\Transmitter.a(USB_std.o)
 .comment       0x0000006e       0x6f .\CortexM3\ARM_GCC_541\Debug\Transmitter.a(USB_vnd.o)
 .comment       0x0000006e       0x6f .\CortexM3\ARM_GCC_541\Debug\Transmitter.a(TX.o)
 .comment       0x0000006e       0x6f .\CortexM3\ARM_GCC_541\Debug\Transmitter.a(USB_Dp.o)
 .comment       0x0000006e       0x6f .\CortexM3\ARM_GCC_541\Debug\Transmitter.a(CyLib.o)
 .comment       0x0000006e       0x6f .\CortexM3\ARM_GCC_541\Debug\Transmitter.a(cyPm.o)
 .comment       0x0000006e       0x6f .\CortexM3\ARM_GCC_541\Debug\Transmitter.a(LCD.o)
 .comment       0x0000006e       0x6f .\CortexM3\ARM_GCC_541\Debug\Transmitter.a(USB_cls.o)
 .comment       0x0000006e       0x6f .\CortexM3\ARM_GCC_541\Debug\Transmitter.a(USB_descr.o)
 .comment       0x0000006e       0x6f .\CortexM3\ARM_GCC_541\Debug\Transmitter.a(CyFlash.o)
 .comment       0x0000006e       0x6f .\CortexM3\ARM_GCC_541\Debug\Transmitter.a(CySpc.o)

.debug_weaknames
 *(.debug_weaknames)

.debug_funcnames
 *(.debug_funcnames)

.debug_typenames
 *(.debug_typenames)

.debug_varnames
 *(.debug_varnames)

.note.gnu.arm.ident
 *(.note.gnu.arm.ident)

.ARM.attributes
                0x00000000       0x29
 *(.ARM.attributes)
 .ARM.attributes
                0x00000000       0x1d c:/program files (x86)/cypress/psoc creator/4.1/psoc creator/import/gnu/arm/5.4.1/bin/../lib/gcc/arm-none-eabi/5.4.1/armv7-m/crti.o
 .ARM.attributes
                0x0000001d       0x2d c:/program files (x86)/cypress/psoc creator/4.1/psoc creator/import/gnu/arm/5.4.1/bin/../lib/gcc/arm-none-eabi/5.4.1/armv7-m/crtbegin.o
 .ARM.attributes
                0x0000004a       0x1b c:/program files (x86)/cypress/psoc creator/4.1/psoc creator/import/gnu/arm/5.4.1/bin/../lib/gcc/arm-none-eabi/5.4.1/../../../../arm-none-eabi/lib/armv7-m/crt0.o
 .ARM.attributes
                0x00000065       0x33 .\CortexM3\ARM_GCC_541\Debug\main.o
 .ARM.attributes
                0x00000098       0x33 .\CortexM3\ARM_GCC_541\Debug\cyfitter_cfg.o
 .ARM.attributes
                0x000000cb       0x33 .\CortexM3\ARM_GCC_541\Debug\cymetadata.o
 .ARM.attributes
                0x000000fe       0x33 .\CortexM3\ARM_GCC_541\Debug\Cm3Start.o
 .ARM.attributes
                0x00000131       0x33 .\CortexM3\ARM_GCC_541\Debug\Transmitter.a(USB.o)
 .ARM.attributes
                0x00000164       0x33 .\CortexM3\ARM_GCC_541\Debug\Transmitter.a(USB_cdc.o)
 .ARM.attributes
                0x00000197       0x33 .\CortexM3\ARM_GCC_541\Debug\Transmitter.a(USB_drv.o)
 .ARM.attributes
                0x000001ca       0x33 .\CortexM3\ARM_GCC_541\Debug\Transmitter.a(USB_episr.o)
 .ARM.attributes
                0x000001fd       0x33 .\CortexM3\ARM_GCC_541\Debug\Transmitter.a(USB_pm.o)
 .ARM.attributes
                0x00000230       0x33 .\CortexM3\ARM_GCC_541\Debug\Transmitter.a(USB_std.o)
 .ARM.attributes
                0x00000263       0x33 .\CortexM3\ARM_GCC_541\Debug\Transmitter.a(USB_vnd.o)
 .ARM.attributes
                0x00000296       0x33 .\CortexM3\ARM_GCC_541\Debug\Transmitter.a(TX.o)
 .ARM.attributes
                0x000002c9       0x33 .\CortexM3\ARM_GCC_541\Debug\Transmitter.a(USB_Dp.o)
 .ARM.attributes
                0x000002fc       0x33 .\CortexM3\ARM_GCC_541\Debug\Transmitter.a(CyLib.o)
 .ARM.attributes
                0x0000032f       0x33 .\CortexM3\ARM_GCC_541\Debug\Transmitter.a(cyPm.o)
 .ARM.attributes
                0x00000362       0x33 .\CortexM3\ARM_GCC_541\Debug\Transmitter.a(LCD.o)
 .ARM.attributes
                0x00000395       0x21 .\CortexM3\ARM_GCC_541\Debug\Transmitter.a(CyBootAsmGnu.o)
 .ARM.attributes
                0x000003b6       0x33 .\CortexM3\ARM_GCC_541\Debug\Transmitter.a(USB_cls.o)
 .ARM.attributes
                0x000003e9       0x33 .\CortexM3\ARM_GCC_541\Debug\Transmitter.a(USB_descr.o)
 .ARM.attributes
                0x0000041c       0x33 .\CortexM3\ARM_GCC_541\Debug\Transmitter.a(CyFlash.o)
 .ARM.attributes
                0x0000044f       0x33 .\CortexM3\ARM_GCC_541\Debug\Transmitter.a(CySpc.o)
 .ARM.attributes
                0x00000482       0x2d c:/program files (x86)/cypress/psoc creator/4.1/psoc creator/import/gnu/arm/5.4.1/bin/../lib/gcc/arm-none-eabi/5.4.1/../../../../arm-none-eabi/lib/armv7-m\libg_nano.a(lib_a-errno.o)
 .ARM.attributes
                0x000004af       0x2d c:/program files (x86)/cypress/psoc creator/4.1/psoc creator/import/gnu/arm/5.4.1/bin/../lib/gcc/arm-none-eabi/5.4.1/../../../../arm-none-eabi/lib/armv7-m\libg_nano.a(lib_a-exit.o)
 .ARM.attributes
                0x000004dc       0x2d c:/program files (x86)/cypress/psoc creator/4.1/psoc creator/import/gnu/arm/5.4.1/bin/../lib/gcc/arm-none-eabi/5.4.1/../../../../arm-none-eabi/lib/armv7-m\libg_nano.a(lib_a-impure.o)
 .ARM.attributes
                0x00000509       0x2d c:/program files (x86)/cypress/psoc creator/4.1/psoc creator/import/gnu/arm/5.4.1/bin/../lib/gcc/arm-none-eabi/5.4.1/../../../../arm-none-eabi/lib/armv7-m\libg_nano.a(lib_a-init.o)
 .ARM.attributes
                0x00000536       0x2d c:/program files (x86)/cypress/psoc creator/4.1/psoc creator/import/gnu/arm/5.4.1/bin/../lib/gcc/arm-none-eabi/5.4.1/../../../../arm-none-eabi/lib/armv7-m\libg_nano.a(lib_a-memcpy-stub.o)
 .ARM.attributes
                0x00000563       0x2d c:/program files (x86)/cypress/psoc creator/4.1/psoc creator/import/gnu/arm/5.4.1/bin/../lib/gcc/arm-none-eabi/5.4.1/../../../../arm-none-eabi/lib/armv7-m\libg_nano.a(lib_a-memset.o)
 .ARM.attributes
                0x00000590       0x2d c:/program files (x86)/cypress/psoc creator/4.1/psoc creator/import/gnu/arm/5.4.1/bin/../lib/gcc/arm-none-eabi/5.4.1/../../../../arm-none-eabi/lib/armv7-m\libg_nano.a(lib_a-nano-vfprintf_float.o)
 .ARM.attributes
                0x000005bd       0x2d c:/program files (x86)/cypress/psoc creator/4.1/psoc creator/import/gnu/arm/5.4.1/bin/../lib/gcc/arm-none-eabi/5.4.1/../../../../arm-none-eabi/lib/armv7-m\libg_nano.a(lib_a-nano-vfprintf_i.o)
 .ARM.attributes
                0x000005ea       0x2d c:/program files (x86)/cypress/psoc creator/4.1/psoc creator/import/gnu/arm/5.4.1/bin/../lib/gcc/arm-none-eabi/5.4.1/../../../../arm-none-eabi/lib/armv7-m\libg_nano.a(lib_a-sprintf.o)
 .ARM.attributes
                0x00000617       0x17 c:/program files (x86)/cypress/psoc creator/4.1/psoc creator/import/gnu/arm/5.4.1/bin/../lib/gcc/arm-none-eabi/5.4.1/../../../../arm-none-eabi/lib/armv7-m\libg_nano.a(lib_a-strlen.o)
 .ARM.attributes
                0x0000062e       0x2d c:/program files (x86)/cypress/psoc creator/4.1/psoc creator/import/gnu/arm/5.4.1/bin/../lib/gcc/arm-none-eabi/5.4.1/../../../../arm-none-eabi/lib/armv7-m\libg_nano.a(lib_a-dtoa.o)
 .ARM.attributes
                0x0000065b       0x2d c:/program files (x86)/cypress/psoc creator/4.1/psoc creator/import/gnu/arm/5.4.1/bin/../lib/gcc/arm-none-eabi/5.4.1/../../../../arm-none-eabi/lib/armv7-m\libg_nano.a(lib_a-locale.o)
 .ARM.attributes
                0x00000688       0x2d c:/program files (x86)/cypress/psoc creator/4.1/psoc creator/import/gnu/arm/5.4.1/bin/../lib/gcc/arm-none-eabi/5.4.1/../../../../arm-none-eabi/lib/armv7-m\libg_nano.a(lib_a-malloc.o)
 .ARM.attributes
                0x000006b5       0x2d c:/program files (x86)/cypress/psoc creator/4.1/psoc creator/import/gnu/arm/5.4.1/bin/../lib/gcc/arm-none-eabi/5.4.1/../../../../arm-none-eabi/lib/armv7-m\libg_nano.a(lib_a-memchr-stub.o)
 .ARM.attributes
                0x000006e2       0x2d c:/program files (x86)/cypress/psoc creator/4.1/psoc creator/import/gnu/arm/5.4.1/bin/../lib/gcc/arm-none-eabi/5.4.1/../../../../arm-none-eabi/lib/armv7-m\libg_nano.a(lib_a-mprec.o)
 .ARM.attributes
                0x0000070f       0x2d c:/program files (x86)/cypress/psoc creator/4.1/psoc creator/import/gnu/arm/5.4.1/bin/../lib/gcc/arm-none-eabi/5.4.1/../../../../arm-none-eabi/lib/armv7-m\libg_nano.a(lib_a-nano-callocr.o)
 .ARM.attributes
                0x0000073c       0x2d c:/program files (x86)/cypress/psoc creator/4.1/psoc creator/import/gnu/arm/5.4.1/bin/../lib/gcc/arm-none-eabi/5.4.1/../../../../arm-none-eabi/lib/armv7-m\libg_nano.a(lib_a-nano-freer.o)
 .ARM.attributes
                0x00000769       0x2d c:/program files (x86)/cypress/psoc creator/4.1/psoc creator/import/gnu/arm/5.4.1/bin/../lib/gcc/arm-none-eabi/5.4.1/../../../../arm-none-eabi/lib/armv7-m\libg_nano.a(lib_a-nano-mallocr.o)
 .ARM.attributes
                0x00000796       0x2d c:/program files (x86)/cypress/psoc creator/4.1/psoc creator/import/gnu/arm/5.4.1/bin/../lib/gcc/arm-none-eabi/5.4.1/../../../../arm-none-eabi/lib/armv7-m\libg_nano.a(lib_a-nano-svfprintf.o)
 .ARM.attributes
                0x000007c3       0x2d c:/program files (x86)/cypress/psoc creator/4.1/psoc creator/import/gnu/arm/5.4.1/bin/../lib/gcc/arm-none-eabi/5.4.1/../../../../arm-none-eabi/lib/armv7-m\libg_nano.a(lib_a-sbrkr.o)
 .ARM.attributes
                0x000007f0       0x1b c:/program files (x86)/cypress/psoc creator/4.1/psoc creator/import/gnu/arm/5.4.1/bin/../lib/gcc/arm-none-eabi/5.4.1/../../../../arm-none-eabi/lib/armv7-m\libg_nano.a(lib_a-strcmp.o)
 .ARM.attributes
                0x0000080b       0x2d c:/program files (x86)/cypress/psoc creator/4.1/psoc creator/import/gnu/arm/5.4.1/bin/../lib/gcc/arm-none-eabi/5.4.1/../../../../arm-none-eabi/lib/armv7-m\libg_nano.a(lib_a-memmove.o)
 .ARM.attributes
                0x00000838       0x2d c:/program files (x86)/cypress/psoc creator/4.1/psoc creator/import/gnu/arm/5.4.1/bin/../lib/gcc/arm-none-eabi/5.4.1/../../../../arm-none-eabi/lib/armv7-m\libg_nano.a(lib_a-mlock.o)
 .ARM.attributes
                0x00000865       0x2d c:/program files (x86)/cypress/psoc creator/4.1/psoc creator/import/gnu/arm/5.4.1/bin/../lib/gcc/arm-none-eabi/5.4.1/../../../../arm-none-eabi/lib/armv7-m\libg_nano.a(lib_a-nano-reallocr.o)
 .ARM.attributes
                0x00000892       0x2d c:/program files (x86)/cypress/psoc creator/4.1/psoc creator/import/gnu/arm/5.4.1/bin/../lib/gcc/arm-none-eabi/5.4.1/../../../../arm-none-eabi/lib/armv7-m\libg_nano.a(lib_a-reent.o)
 .ARM.attributes
                0x000008bf       0x2d c:/program files (x86)/cypress/psoc creator/4.1/psoc creator/import/gnu/arm/5.4.1/bin/../lib/gcc/arm-none-eabi/5.4.1/../../../../arm-none-eabi/lib/armv7-m\libg_nano.a(lib_a-nano-msizer.o)
 .ARM.attributes
                0x000008ec       0x1d c:/program files (x86)/cypress/psoc creator/4.1/psoc creator/import/gnu/arm/5.4.1/bin/../lib/gcc/arm-none-eabi/5.4.1/armv7-m\libgcc.a(_arm_addsubdf3.o)
 .ARM.attributes
                0x00000909       0x1d c:/program files (x86)/cypress/psoc creator/4.1/psoc creator/import/gnu/arm/5.4.1/bin/../lib/gcc/arm-none-eabi/5.4.1/armv7-m\libgcc.a(_arm_muldivdf3.o)
 .ARM.attributes
                0x00000926       0x1d c:/program files (x86)/cypress/psoc creator/4.1/psoc creator/import/gnu/arm/5.4.1/bin/../lib/gcc/arm-none-eabi/5.4.1/armv7-m\libgcc.a(_arm_cmpdf2.o)
 .ARM.attributes
                0x00000943       0x1d c:/program files (x86)/cypress/psoc creator/4.1/psoc creator/import/gnu/arm/5.4.1/bin/../lib/gcc/arm-none-eabi/5.4.1/armv7-m\libgcc.a(_arm_unorddf2.o)
 .ARM.attributes
                0x00000960       0x1d c:/program files (x86)/cypress/psoc creator/4.1/psoc creator/import/gnu/arm/5.4.1/bin/../lib/gcc/arm-none-eabi/5.4.1/armv7-m\libgcc.a(_arm_fixdfsi.o)
 .ARM.attributes
                0x0000097d       0x2d c:/program files (x86)/cypress/psoc creator/4.1/psoc creator/import/gnu/arm/5.4.1/bin/../lib/gcc/arm-none-eabi/5.4.1/armv7-m/crtend.o
 .ARM.attributes
                0x000009aa       0x1d c:/program files (x86)/cypress/psoc creator/4.1/psoc creator/import/gnu/arm/5.4.1/bin/../lib/gcc/arm-none-eabi/5.4.1/armv7-m/crtn.o

/DISCARD/
 *(.note.GNU-stack)
OUTPUT(D:\MyDocs\Documents\PSoC Creator\Network_Project\Transmitter.cydsn\CortexM3\ARM_GCC_541\Debug\Transmitter.elf elf32-littlearm)
