Archive member included to satisfy reference by file (symbol)

.\CortexM3\ARM_GCC_541\Debug\Transmitter.a(USB.o)
                              .\CortexM3\ARM_GCC_541\Debug\main.o (USB_Start)
.\CortexM3\ARM_GCC_541\Debug\Transmitter.a(USB_cdc.o)
                              .\CortexM3\ARM_GCC_541\Debug\main.o (USB_CDC_Init)
.\CortexM3\ARM_GCC_541\Debug\Transmitter.a(USB_drv.o)
                              .\CortexM3\ARM_GCC_541\Debug\Transmitter.a(USB.o) (USB_lastPacketSize)
.\CortexM3\ARM_GCC_541\Debug\Transmitter.a(USB_episr.o)
                              .\CortexM3\ARM_GCC_541\Debug\Transmitter.a(USB.o) (USB_EP_1_ISR)
.\CortexM3\ARM_GCC_541\Debug\Transmitter.a(USB_pm.o)
                              .\CortexM3\ARM_GCC_541\Debug\Transmitter.a(USB.o) (USB_DP_ISR)
.\CortexM3\ARM_GCC_541\Debug\Transmitter.a(USB_std.o)
                              .\CortexM3\ARM_GCC_541\Debug\Transmitter.a(USB_pm.o) (USB_ConfigReg)
.\CortexM3\ARM_GCC_541\Debug\Transmitter.a(USB_vnd.o)
                              .\CortexM3\ARM_GCC_541\Debug\Transmitter.a(USB_drv.o) (USB_HandleVendorRqst)
.\CortexM3\ARM_GCC_541\Debug\Transmitter.a(USB_Dp.o)
                              .\CortexM3\ARM_GCC_541\Debug\Transmitter.a(USB.o) (USB_Dp_ClearInterrupt)
.\CortexM3\ARM_GCC_541\Debug\Transmitter.a(CyLib.o)
                              .\CortexM3\ARM_GCC_541\Debug\Cm3Start.o (CyHalt)
.\CortexM3\ARM_GCC_541\Debug\Transmitter.a(cyPm.o)
                              .\CortexM3\ARM_GCC_541\Debug\Transmitter.a(CyLib.o) (CyPmReadStatus)
.\CortexM3\ARM_GCC_541\Debug\Transmitter.a(LCD.o)
                              .\CortexM3\ARM_GCC_541\Debug\main.o (LCD_PrintString)
.\CortexM3\ARM_GCC_541\Debug\Transmitter.a(CyBootAsmGnu.o)
                              .\CortexM3\ARM_GCC_541\Debug\cyfitter_cfg.o (CyDelayCycles)
.\CortexM3\ARM_GCC_541\Debug\Transmitter.a(USB_cls.o)
                              .\CortexM3\ARM_GCC_541\Debug\Transmitter.a(USB_drv.o) (USB_DispatchClassRqst)
.\CortexM3\ARM_GCC_541\Debug\Transmitter.a(USB_descr.o)
                              .\CortexM3\ARM_GCC_541\Debug\Transmitter.a(USB_std.o) (USB_idSerialNumberStringDescriptor)
.\CortexM3\ARM_GCC_541\Debug\Transmitter.a(CyFlash.o)
                              .\CortexM3\ARM_GCC_541\Debug\Transmitter.a(cyPm.o) (CyFlash_SetWaitCycles)
.\CortexM3\ARM_GCC_541\Debug\Transmitter.a(CySpc.o)
                              .\CortexM3\ARM_GCC_541\Debug\Transmitter.a(CyFlash.o) (CySpcStart)
c:/program files (x86)/cypress/psoc creator/4.1/psoc creator/import/gnu/arm/5.4.1/bin/../lib/gcc/arm-none-eabi/5.4.1/../../../../arm-none-eabi/lib/armv7-m\libg_nano.a(lib_a-errno.o)
                              .\CortexM3\ARM_GCC_541\Debug\Cm3Start.o (__errno)
c:/program files (x86)/cypress/psoc creator/4.1/psoc creator/import/gnu/arm/5.4.1/bin/../lib/gcc/arm-none-eabi/5.4.1/../../../../arm-none-eabi/lib/armv7-m\libg_nano.a(lib_a-exit.o)
                              c:/program files (x86)/cypress/psoc creator/4.1/psoc creator/import/gnu/arm/5.4.1/bin/../lib/gcc/arm-none-eabi/5.4.1/../../../../arm-none-eabi/lib/armv7-m/crt0.o (exit)
c:/program files (x86)/cypress/psoc creator/4.1/psoc creator/import/gnu/arm/5.4.1/bin/../lib/gcc/arm-none-eabi/5.4.1/../../../../arm-none-eabi/lib/armv7-m\libg_nano.a(lib_a-impure.o)
                              c:/program files (x86)/cypress/psoc creator/4.1/psoc creator/import/gnu/arm/5.4.1/bin/../lib/gcc/arm-none-eabi/5.4.1/../../../../arm-none-eabi/lib/armv7-m\libg_nano.a(lib_a-exit.o) (_global_impure_ptr)
c:/program files (x86)/cypress/psoc creator/4.1/psoc creator/import/gnu/arm/5.4.1/bin/../lib/gcc/arm-none-eabi/5.4.1/../../../../arm-none-eabi/lib/armv7-m\libg_nano.a(lib_a-init.o)
                              c:/program files (x86)/cypress/psoc creator/4.1/psoc creator/import/gnu/arm/5.4.1/bin/../lib/gcc/arm-none-eabi/5.4.1/../../../../arm-none-eabi/lib/armv7-m/crt0.o (__libc_init_array)
c:/program files (x86)/cypress/psoc creator/4.1/psoc creator/import/gnu/arm/5.4.1/bin/../lib/gcc/arm-none-eabi/5.4.1/../../../../arm-none-eabi/lib/armv7-m\libg_nano.a(lib_a-memcpy-stub.o)
                              .\CortexM3\ARM_GCC_541\Debug\cyfitter_cfg.o (memcpy)
c:/program files (x86)/cypress/psoc creator/4.1/psoc creator/import/gnu/arm/5.4.1/bin/../lib/gcc/arm-none-eabi/5.4.1/../../../../arm-none-eabi/lib/armv7-m\libg_nano.a(lib_a-memset.o)
                              c:/program files (x86)/cypress/psoc creator/4.1/psoc creator/import/gnu/arm/5.4.1/bin/../lib/gcc/arm-none-eabi/5.4.1/../../../../arm-none-eabi/lib/armv7-m/crt0.o (memset)
c:/program files (x86)/cypress/psoc creator/4.1/psoc creator/import/gnu/arm/5.4.1/bin/../lib/gcc/arm-none-eabi/5.4.1/../../../../arm-none-eabi/lib/armv7-m\libg_nano.a(lib_a-nano-vfprintf_float.o)
                              .\CortexM3\ARM_GCC_541\Debug\main.o (_printf_float)
[...]
Memory Configuration

Name             Origin             Length             Attributes
rom              0x00000000         0x00040000         xr
ram              0x1fff8000         0x00010000         xrw
*default*        0x00000000         0xffffffff

Linker script and memory map

LOAD c:/program files (x86)/cypress/psoc creator/4.1/psoc creator/import/gnu/arm/5.4.1/bin/../lib/gcc/arm-none-eabi/5.4.1/armv7-m/crti.o
LOAD c:/program files (x86)/cypress/psoc creator/4.1/psoc creator/import/gnu/arm/5.4.1/bin/../lib/gcc/arm-none-eabi/5.4.1/armv7-m/crtbegin.o
LOAD c:/program files (x86)/cypress/psoc creator/4.1/psoc creator/import/gnu/arm/5.4.1/bin/../lib/gcc/arm-none-eabi/5.4.1/../../../../arm-none-eabi/lib/armv7-m/crt0.o
START GROUP
LOAD .\CortexM3\ARM_GCC_541\Debug\main.o
LOAD .\CortexM3\ARM_GCC_541\Debug\cyfitter_cfg.o
LOAD .\CortexM3\ARM_GCC_541\Debug\cymetadata.o
LOAD .\CortexM3\ARM_GCC_541\Debug\Cm3Start.o
LOAD .\CortexM3\ARM_GCC_541\Debug\Transmitter.a
LOAD C:\Program Files (x86)\Cypress\PSoC Creator\4.1\PSoC Creator\psoc\content\cycomponentlibrary\CyComponentLibrary.cylib\CortexM3\ARM_GCC_541\Debug\CyComponentLibrary.a
END GROUP
START GROUP
LOAD c:/program files (x86)/cypress/psoc creator/4.1/psoc creator/import/gnu/arm/5.4.1/bin/../lib/gcc/arm-none-eabi/5.4.1/armv7-m\libgcc.a
LOAD c:/program files (x86)/cypress/psoc creator/4.1/psoc creator/import/gnu/arm/5.4.1/bin/../lib/gcc/arm-none-eabi/5.4.1/../../../../arm-none-eabi/lib/armv7-m\libg_nano.a
LOAD c:/program files (x86)/cypress/psoc creator/4.1/psoc creator/import/gnu/arm/5.4.1/bin/../lib/gcc/arm-none-eabi/5.4.1/../../../../arm-none-eabi/lib/armv7-m\libc_nano.a
END GROUP
START GROUP
LOAD c:/program files (x86)/cypress/psoc creator/4.1/psoc creator/import/gnu/arm/5.4.1/bin/../lib/gcc/arm-none-eabi/5.4.1/armv7-m\libgcc.a
LOAD c:/program files (x86)/cypress/psoc creator/4.1/psoc creator/import/gnu/arm/5.4.1/bin/../lib/gcc/arm-none-eabi/5.4.1/../../../../arm-none-eabi/lib/armv7-m\libc_nano.a
END GROUP
LOAD c:/program files (x86)/cypress/psoc creator/4.1/psoc creator/import/gnu/arm/5.4.1/bin/../lib/gcc/arm-none-eabi/5.4.1/armv7-m/crtend.o
LOAD c:/program files (x86)/cypress/psoc creator/4.1/psoc creator/import/gnu/arm/5.4.1/bin/../lib/gcc/arm-none-eabi/5.4.1/armv7-m/crtn.o
START GROUP
LOAD c:/program files (x86)/cypress/psoc creator/4.1/psoc creator/import/gnu/arm/5.4.1/bin/../lib/gcc/arm-none-eabi/5.4.1/armv7-m\libgcc.a
LOAD c:/program files (x86)/cypress/psoc creator/4.1/psoc creator/import/gnu/arm/5.4.1/bin/../lib/gcc/arm-none-eabi/5.4.1/../../../../arm-none-eabi/lib/armv7-m\libc.a
LOAD c:/program files (x86)/cypress/psoc creator/4.1/psoc creator/import/gnu/arm/5.4.1/bin/../lib/gcc/arm-none-eabi/5.4.1/../../../../arm-none-eabi/lib/armv7-m\libnosys.a
END GROUP
                0x00000000                CY_APPL_ORIGIN = 0x0
                0x00000100                CY_FLASH_ROW_SIZE = 0x100
                0x00000020                CY_ECC_ROW_SIZE = 0x20
                0x00000000                CY_EE_IN_BTLDR = 0x0
                0x00000000                CY_APPL_LOADABLE = 0x0
                0x00000800                CY_EE_SIZE = 0x800
                0x00000001                CY_APPL_NUM = 0x1
                0x00000001                CY_APPL_MAX = 0x1
                0x00000040                CY_METADATA_SIZE = 0x40
                0x00000000                CY_APPL_LOADABLE = 0x0
                0x00000000                CY_CHECKSUM_EXCLUDE_SIZE = ALIGN (0x0, CY_FLASH_ROW_SIZE)
                [!provide]                PROVIDE (__cy_heap_start, _end)
                0x00000001                PROVIDE (__cy_region_num, ((__cy_regions_end - __cy_regions) / 0x10))
                0x20008000                PROVIDE (__cy_stack, (ORIGIN (ram) + LENGTH (ram)))
                [!provide]                PROVIDE (__cy_heap_end, (__cy_stack - 0x800))

.cybootloader   0x00000000        0x0
 *(.cybootloader)
                0x00000000                appl1_start = CY_APPL_ORIGIN?CY_APPL_ORIGIN:ALIGN (CY_FLASH_ROW_SIZE)
                0x0001ff00                appl2_start = (appl1_start + ALIGN ((((LENGTH (rom) - appl1_start) - (0x2 * CY_FLASH_ROW_SIZE)) / 0x2), CY_FLASH_ROW_SIZE))
                0x00000000                appl_start = (CY_APPL_NUM == 0x1)?appl1_start:appl2_start
                0x00000000                ecc_offset = ((appl_start / CY_FLASH_ROW_SIZE) * CY_ECC_ROW_SIZE)
                0x00000000                ee_offset = (CY_APPL_LOADABLE && ! (CY_EE_IN_BTLDR))?((CY_EE_SIZE / CY_APPL_MAX) * (CY_APPL_NUM - 0x1)):0x0
                0x00000800                ee_size = (CY_APPL_LOADABLE && ! (CY_EE_IN_BTLDR))?(CY_EE_SIZE / CY_APPL_MAX):CY_EE_SIZE
                [!provide]                PROVIDE (CY_ECC_OFFSET, ecc_offset)

.text           0x00000000     0x47f8
 CREATE_OBJECT_SYMBOLS
                0x00000000                PROVIDE (__cy_interrupt_vector, RomVectors)
 *(.romvectors)
 .romvectors    0x00000000       0x10 .\CortexM3\ARM_GCC_541\Debug\Cm3Start.o
                0x00000000                RomVectors
                0x00000001                ASSERT ((. != __cy_interrupt_vector), No interrupt vector)
                0x00000001                ASSERT (CY_APPL_ORIGIN?(SIZEOF (.cybootloader) <= CY_APPL_ORIGIN):0x1, Wrong image location)
                0x00000010                PROVIDE (__cy_reset, Reset)
 *(.text.Reset)
 .text.Reset    0x00000010       0x18 .\CortexM3\ARM_GCC_541\Debug\Cm3Start.o
                0x00000010                Reset
                0x00000001                ASSERT ((. != __cy_reset), No reset code)
 *(.dma_init)
                0x00000001                ASSERT ((((appl_start + .) <= 0x10000) || 0x1), DMA Init must be within the first 64k of flash)
 *(.text .text.* .gnu.linkonce.t.*)
 .text          0x00000028       0x5c c:/program files (x86)/cypress/psoc creator/4.1/psoc creator/import/gnu/arm/5.4.1/bin/../lib/gcc/arm-none-eabi/5.4.1/armv7-m/crtbegin.o
 .text.main     0x00000084      0x124 .\CortexM3\ARM_GCC_541\Debug\main.o
                0x00000084                main
 .text.CyClockStartupError
                0x000001a8        0x4 .\CortexM3\ARM_GCC_541\Debug\cyfitter_cfg.o
 .text.cfg_write_bytes32
                0x000001ac       0x34 .\CortexM3\ARM_GCC_541\Debug\cyfitter_cfg.o
 .text.AnalogSetDefault
                0x000001e0       0x28 .\CortexM3\ARM_GCC_541\Debug\cyfitter_cfg.o
 .text.CYMEMZERO
                0x00000208        0xc .\CortexM3\ARM_GCC_541\Debug\cyfitter_cfg.o
 .text.ClockSetup
                0x00000214       0xa0 .\CortexM3\ARM_GCC_541\Debug\cyfitter_cfg.o
 .text.CYCONFIGCPY
                0x000002b4        0x8 .\CortexM3\ARM_GCC_541\Debug\cyfitter_cfg.o
 .text.cyfitter_cfg
                0x000002bc       0xe0 .\CortexM3\ARM_GCC_541\Debug\cyfitter_cfg.o
                0x000002bc                cyfitter_cfg
 .text.IntDefaultHandler
                0x0000039c       0x10 .\CortexM3\ARM_GCC_541\Debug\Cm3Start.o
                0x0000039c                IntDefaultHandler
 .text._sbrk    0x000003ac       0x30 .\CortexM3\ARM_GCC_541\Debug\Cm3Start.o
                0x000003ac                _sbrk
 .text.Start_c  0x000003dc       0x4c .\CortexM3\ARM_GCC_541\Debug\Cm3Start.o
                0x000003dc                Start_c
 .text.initialize_psoc
                0x00000428       0x68 .\CortexM3\ARM_GCC_541\Debug\Cm3Start.o
                0x00000428                initialize_psoc
 .text.USB_Init
                0x00000490      0x140 .\CortexM3\ARM_GCC_541\Debug\Transmitter.a(USB.o)
                0x00000490                USB_Init
 .text.USB_InitComponent
                0x000005d0       0xb8 .\CortexM3\ARM_GCC_541\Debug\Transmitter.a(USB.o)
                0x000005d0                USB_InitComponent
 .text.USB_Start
                0x00000688       0x24 .\CortexM3\ARM_GCC_541\Debug\Transmitter.a(USB.o)
                0x00000688                USB_Start
 .text.USB_ReInitComponent
                0x000006ac       0x4c .\CortexM3\ARM_GCC_541\Debug\Transmitter.a(USB.o)
                0x000006ac                USB_ReInitComponent
 .text.USB_GetConfiguration
                0x000006f8        0xc .\CortexM3\ARM_GCC_541\Debug\Transmitter.a(USB.o)
                0x000006f8                USB_GetConfiguration
 .text.USB_IsConfigurationChanged
                0x00000704       0x20 .\CortexM3\ARM_GCC_541\Debug\Transmitter.a(USB.o)
                0x00000704                USB_IsConfigurationChanged
 .text.USB_GetEPState
                0x00000724       0x14 .\CortexM3\ARM_GCC_541\Debug\Transmitter.a(USB.o)
                0x00000724                USB_GetEPState
 .text.USB_GetEPCount
                0x00000738       0x28 .\CortexM3\ARM_GCC_541\Debug\Transmitter.a(USB.o)
                0x00000738                USB_GetEPCount
 .text.USB_LoadInEP
                0x00000760       0x94 .\CortexM3\ARM_GCC_541\Debug\Transmitter.a(USB.o)
                0x00000760                USB_LoadInEP
 .text.USB_EnableOutEP
                0x000007f4       0x2c .\CortexM3\ARM_GCC_541\Debug\Transmitter.a(USB.o)
                0x000007f4                USB_EnableOutEP
 .text.USB_ReadOutEP
                0x00000820       0x50 .\CortexM3\ARM_GCC_541\Debug\Transmitter.a(USB.o)
                0x00000820                USB_ReadOutEP
 .text.USB_GetInterfaceComPort
                0x00000870       0x38 .\CortexM3\ARM_GCC_541\Debug\Transmitter.a(USB_cdc.o)
                0x00000870                USB_GetInterfaceComPort
 .text.USB_DispatchCDCClassRqst
                0x000008a8       0x98 .\CortexM3\ARM_GCC_541\Debug\Transmitter.a(USB_cdc.o)
                0x000008a8                USB_DispatchCDCClassRqst
 .text.USB_CDC_Init
                0x00000940       0x98 .\CortexM3\ARM_GCC_541\Debug\Transmitter.a(USB_cdc.o)
                0x00000940                USB_CDC_Init
 .text.USB_PutData
                0x000009d8       0x50 .\CortexM3\ARM_GCC_541\Debug\Transmitter.a(USB_cdc.o)
                0x000009d8                USB_PutData
 .text.USB_DataIsReady
                0x00000a28       0x18 .\CortexM3\ARM_GCC_541\Debug\Transmitter.a(USB_cdc.o)
                0x00000a28                USB_DataIsReady
 .text.USB_CDCIsReady
                0x00000a40       0x18 .\CortexM3\ARM_GCC_541\Debug\Transmitter.a(USB_cdc.o)
                0x00000a40                USB_CDCIsReady
 .text.USB_GetAll
                0x00000a58       0x30 .\CortexM3\ARM_GCC_541\Debug\Transmitter.a(USB_cdc.o)
                0x00000a58                USB_GetAll
 .text.USB_IsLineChanged
                0x00000a88       0x38 .\CortexM3\ARM_GCC_541\Debug\Transmitter.a(USB_cdc.o)
                0x00000a88                USB_IsLineChanged
 .text.USB_GetDTERate
                0x00000ac0       0x30 .\CortexM3\ARM_GCC_541\Debug\Transmitter.a(USB_cdc.o)
                0x00000ac0                USB_GetDTERate
 .text.USB_GetCharFormat
                0x00000af0       0x18 .\CortexM3\ARM_GCC_541\Debug\Transmitter.a(USB_cdc.o)
                0x00000af0                USB_GetCharFormat
 .text.USB_GetParityType
                0x00000b08       0x18 .\CortexM3\ARM_GCC_541\Debug\Transmitter.a(USB_cdc.o)
                0x00000b08                USB_GetParityType
 .text.USB_GetDataBits
                0x00000b20       0x18 .\CortexM3\ARM_GCC_541\Debug\Transmitter.a(USB_cdc.o)
                0x00000b20                USB_GetDataBits
 .text.USB_GetLineControl
                0x00000b38       0x18 .\CortexM3\ARM_GCC_541\Debug\Transmitter.a(USB_cdc.o)
                0x00000b38                USB_GetLineControl
 .text.USB_Cdc_EpInit
                0x00000b50       0x50 .\CortexM3\ARM_GCC_541\Debug\Transmitter.a(USB_cdc.o)
                0x00000b50                USB_Cdc_EpInit
 .text.USB_LoadEP0
                0x00000ba0       0x98 .\CortexM3\ARM_GCC_541\Debug\Transmitter.a(USB_drv.o)
                0x00000ba0                USB_LoadEP0
 .text.USB_InitZeroLengthControlTransfer
                0x00000c38       0x34 .\CortexM3\ARM_GCC_541\Debug\Transmitter.a(USB_drv.o)
                0x00000c38                USB_InitZeroLengthControlTransfer
 .text.USB_ControlReadDataStage
                0x00000c6c        0x8 .\CortexM3\ARM_GCC_541\Debug\Transmitter.a(USB_drv.o)
                0x00000c6c                USB_ControlReadDataStage
 .text.USB_ControlWriteDataStage
                0x00000c74       0x84 .\CortexM3\ARM_GCC_541\Debug\Transmitter.a(USB_drv.o)
                0x00000c74                USB_ControlWriteDataStage
 .text.USB_InitNoDataControlTransfer
                0x00000cf8       0x2c .\CortexM3\ARM_GCC_541\Debug\Transmitter.a(USB_drv.o)
                0x00000cf8                USB_InitNoDataControlTransfer
 .text.USB_UpdateStatusBlock
                0x00000d24       0x24 .\CortexM3\ARM_GCC_541\Debug\Transmitter.a(USB_drv.o)
                0x00000d24                USB_UpdateStatusBlock
 .text.USB_HandleSetup
                0x00000d48       0x5c .\CortexM3\ARM_GCC_541\Debug\Transmitter.a(USB_drv.o)
                0x00000d48                USB_HandleSetup
 .text.USB_ControlReadStatusStage
                0x00000da4       0x38 .\CortexM3\ARM_GCC_541\Debug\Transmitter.a(USB_drv.o)
                0x00000da4                USB_ControlReadStatusStage
 .text.USB_HandleOUT
                0x00000ddc       0x38 .\CortexM3\ARM_GCC_541\Debug\Transmitter.a(USB_drv.o)
                0x00000ddc                USB_HandleOUT
 .text.USB_ControlWriteStatusStage
                0x00000e14       0x20 .\CortexM3\ARM_GCC_541\Debug\Transmitter.a(USB_drv.o)
                0x00000e14                USB_ControlWriteStatusStage
 .text.USB_NoDataControlStatusStage
                0x00000e34       0x40 .\CortexM3\ARM_GCC_541\Debug\Transmitter.a(USB_drv.o)
                0x00000e34                USB_NoDataControlStatusStage
 .text.USB_HandleIN
                0x00000e74       0x2c .\CortexM3\ARM_GCC_541\Debug\Transmitter.a(USB_drv.o)
                0x00000e74                USB_HandleIN
 .text.USB_EP_0_ISR
                0x00000ea0       0xb8 .\CortexM3\ARM_GCC_541\Debug\Transmitter.a(USB_drv.o)
                0x00000ea0                USB_EP_0_ISR
 .text.USB_InitializeStatusBlock
                0x00000f58       0x24 .\CortexM3\ARM_GCC_541\Debug\Transmitter.a(USB_drv.o)
                0x00000f58                USB_InitializeStatusBlock
 .text.USB_InitControlRead
                0x00000f7c       0x50 .\CortexM3\ARM_GCC_541\Debug\Transmitter.a(USB_drv.o)
                0x00000f7c                USB_InitControlRead
 .text.USB_InitControlWrite
                0x00000fcc       0x48 .\CortexM3\ARM_GCC_541\Debug\Transmitter.a(USB_drv.o)
                0x00000fcc                USB_InitControlWrite
 .text.USB_EP_1_ISR
                0x00001014       0x30 .\CortexM3\ARM_GCC_541\Debug\Transmitter.a(USB_episr.o)
                0x00001014                USB_EP_1_ISR
 .text.USB_EP_2_ISR
                0x00001044       0x34 .\CortexM3\ARM_GCC_541\Debug\Transmitter.a(USB_episr.o)
                0x00001044                USB_EP_2_ISR
 .text.USB_EP_3_ISR
                0x00001078       0x3c .\CortexM3\ARM_GCC_541\Debug\Transmitter.a(USB_episr.o)
                0x00001078                USB_EP_3_ISR
 .text.USB_SOF_ISR
                0x000010b4        0x4 .\CortexM3\ARM_GCC_541\Debug\Transmitter.a(USB_episr.o)
                0x000010b4                USB_SOF_ISR
 .text.USB_BUS_RESET_ISR
                0x000010b8        0x8 .\CortexM3\ARM_GCC_541\Debug\Transmitter.a(USB_episr.o)
                0x000010b8                USB_BUS_RESET_ISR
 .text.USB_DP_ISR
                0x000010c0        0x8 .\CortexM3\ARM_GCC_541\Debug\Transmitter.a(USB_pm.o)
                0x000010c0                USB_DP_ISR
 .text.USB_ReadDieID
                0x000010c8       0x6c .\CortexM3\ARM_GCC_541\Debug\Transmitter.a(USB_std.o)
                0x000010c8                USB_ReadDieID
 .text.USB_ConfigReg
                0x00001134       0xa4 .\CortexM3\ARM_GCC_541\Debug\Transmitter.a(USB_std.o)
                0x00001134                USB_ConfigReg
 .text.USB_GetConfigTablePtr
                0x000011d8       0x28 .\CortexM3\ARM_GCC_541\Debug\Transmitter.a(USB_std.o)
                0x000011d8                USB_GetConfigTablePtr
 .text.USB_ConfigAltChanged
                0x00001200      0x11c .\CortexM3\ARM_GCC_541\Debug\Transmitter.a(USB_std.o)
                0x00001200                USB_ConfigAltChanged
 .text.USB_GetDeviceTablePtr
                0x0000131c       0x18 .\CortexM3\ARM_GCC_541\Debug\Transmitter.a(USB_std.o)
                0x0000131c                USB_GetDeviceTablePtr
 .text.USB_GetInterfaceClassTablePtr
                0x00001334       0x28 .\CortexM3\ARM_GCC_541\Debug\Transmitter.a(USB_std.o)
                0x00001334                USB_GetInterfaceClassTablePtr
 .text.USB_Config
                0x0000135c      0x1ec .\CortexM3\ARM_GCC_541\Debug\Transmitter.a(USB_std.o)
                0x0000135c                USB_Config
 .text.USB_SetEndpointHalt
                0x00001548       0x64 .\CortexM3\ARM_GCC_541\Debug\Transmitter.a(USB_std.o)
                0x00001548                USB_SetEndpointHalt
 .text.USB_ClearEndpointHalt
                0x000015ac       0xac .\CortexM3\ARM_GCC_541\Debug\Transmitter.a(USB_std.o)
                0x000015ac                USB_ClearEndpointHalt
 .text.USB_ValidateAlternateSetting
                0x00001658       0x4c .\CortexM3\ARM_GCC_541\Debug\Transmitter.a(USB_std.o)
                0x00001658                USB_ValidateAlternateSetting
 .text.USB_HandleStandardRqst
                0x000016a4      0x354 .\CortexM3\ARM_GCC_541\Debug\Transmitter.a(USB_std.o)
                0x000016a4                USB_HandleStandardRqst
 .text.USB_HandleVendorRqst
                0x000019f8       0x18 .\CortexM3\ARM_GCC_541\Debug\Transmitter.a(USB_vnd.o)
                0x000019f8                USB_HandleVendorRqst
 .text.USB_Dp_ClearInterrupt
                0x00001a10       0x10 .\CortexM3\ARM_GCC_541\Debug\Transmitter.a(USB_Dp.o)
                0x00001a10                USB_Dp_ClearInterrupt
 .text.CyHalt   0x00001a20        0x4 .\CortexM3\ARM_GCC_541\Debug\Transmitter.a(CyLib.o)
                0x00001a20                CyHalt
 .text.CyDelay  0x00001a24       0x2c .\CortexM3\ARM_GCC_541\Debug\Transmitter.a(CyLib.o)
                0x00001a24                CyDelay
 .text.CyDelayUs
                0x00001a50       0x14 .\CortexM3\ARM_GCC_541\Debug\Transmitter.a(CyLib.o)
                0x00001a50                CyDelayUs
 .text.CyIntSetVector
                0x00001a64       0x28 .\CortexM3\ARM_GCC_541\Debug\Transmitter.a(CyLib.o)
                0x00001a64                CyIntSetVector
 .text.CyIntSetPriority
                0x00001a8c       0x30 .\CortexM3\ARM_GCC_541\Debug\Transmitter.a(CyLib.o)
                0x00001a8c                CyIntSetPriority
 .text.CyGetUniqueId
                0x00001abc       0x70 .\CortexM3\ARM_GCC_541\Debug\Transmitter.a(CyLib.o)
                0x00001abc                CyGetUniqueId
 .text.LCD_WrCntrlNib
                0x00001b2c       0x34 .\CortexM3\ARM_GCC_541\Debug\Transmitter.a(LCD.o)
 .text.LCD_WrDatNib
                0x00001b60       0x44 .\CortexM3\ARM_GCC_541\Debug\Transmitter.a(LCD.o)
 .text.LCD_IsReady
                0x00001ba4       0xe4 .\CortexM3\ARM_GCC_541\Debug\Transmitter.a(LCD.o)
                0x00001ba4                LCD_IsReady
 .text.LCD_WriteData
                0x00001c88       0x18 .\CortexM3\ARM_GCC_541\Debug\Transmitter.a(LCD.o)
                0x00001c88                LCD_WriteData
 .text.LCD_PrintString
                0x00001ca0       0x1c .\CortexM3\ARM_GCC_541\Debug\Transmitter.a(LCD.o)
                0x00001ca0                LCD_PrintString
 .text.LCD_WriteControl
                0x00001cbc       0x18 .\CortexM3\ARM_GCC_541\Debug\Transmitter.a(LCD.o)
                0x00001cbc                LCD_WriteControl
 .text.LCD_Init
                0x00001cd4       0x6c .\CortexM3\ARM_GCC_541\Debug\Transmitter.a(LCD.o)
                0x00001cd4                LCD_Init
 .text.LCD_Enable
                0x00001d40       0x14 .\CortexM3\ARM_GCC_541\Debug\Transmitter.a(LCD.o)
                0x00001d40                LCD_Enable
 .text.LCD_Start
                0x00001d54       0x1c .\CortexM3\ARM_GCC_541\Debug\Transmitter.a(LCD.o)
                0x00001d54                LCD_Start
 .text.LCD_Position
                0x00001d70       0x3c .\CortexM3\ARM_GCC_541\Debug\Transmitter.a(LCD.o)
                0x00001d70                LCD_Position
 *fill*         0x00001dac        0x4 
 .text          0x00001db0       0x20 .\CortexM3\ARM_GCC_541\Debug\Transmitter.a(CyBootAsmGnu.o)
                0x00001db0                CyDelayCycles
                0x00001dc0                CyEnterCriticalSection
                0x00001dc8                CyExitCriticalSection
 .text.USB_DispatchClassRqst
                0x00001dd0       0x60 .\CortexM3\ARM_GCC_541\Debug\Transmitter.a(USB_cls.o)
                0x00001dd0                USB_DispatchClassRqst
 .text.__errno  0x00001e30        0xc c:/program files (x86)/cypress/psoc creator/4.1/psoc creator/import/gnu/arm/5.4.1/bin/../lib/gcc/arm-none-eabi/5.4.1/../../../../arm-none-eabi/lib/armv7-m\libg_nano.a(lib_a-errno.o)
                0x00001e30                __errno
 .text.__libc_init_array
                0x00001e3c       0x4c c:/program files (x86)/cypress/psoc creator/4.1/psoc creator/import/gnu/arm/5.4.1/bin/../lib/gcc/arm-none-eabi/5.4.1/../../../../arm-none-eabi/lib/armv7-m\libg_nano.a(lib_a-init.o)
                0x00001e3c                __libc_init_array
 .text.memcpy   0x00001e88       0x16 c:/program files (x86)/cypress/psoc creator/4.1/psoc creator/import/gnu/arm/5.4.1/bin/../lib/gcc/arm-none-eabi/5.4.1/../../../../arm-none-eabi/lib/armv7-m\libg_nano.a(lib_a-memcpy-stub.o)
                0x00001e88                memcpy
 .text.memset   0x00001e9e       0x10 c:/program files (x86)/cypress/psoc creator/4.1/psoc creator/import/gnu/arm/5.4.1/bin/../lib/gcc/arm-none-eabi/5.4.1/../../../../arm-none-eabi/lib/armv7-m\libg_nano.a(lib_a-memset.o)
                0x00001e9e                memset
 .text.__cvt    0x00001eae       0xc0 c:/program files (x86)/cypress/psoc creator/4.1/psoc creator/import/gnu/arm/5.4.1/bin/../lib/gcc/arm-none-eabi/5.4.1/../../../../arm-none-eabi/lib/armv7-m\libg_nano.a(lib_a-nano-vfprintf_float.o)
                0x00001eae                __cvt
 .text.__exponent
                0x00001f6e       0x62 c:/program files (x86)/cypress/psoc creator/4.1/psoc creator/import/gnu/arm/5.4.1/bin/../lib/gcc/arm-none-eabi/5.4.1/../../../../arm-none-eabi/lib/armv7-m\libg_nano.a(lib_a-nano-vfprintf_float.o)
                0x00001f6e                __exponent
 .text._printf_float
                0x00001fd0      0x488 c:/program files (x86)/cypress/psoc creator/4.1/psoc creator/import/gnu/arm/5.4.1/bin/../lib/gcc/arm-none-eabi/5.4.1/../../../../arm-none-eabi/lib/armv7-m\libg_nano.a(lib_a-nano-vfprintf_float.o)
                0x00001fd0                _printf_float
 .text._printf_common
                0x00002458       0xec c:/program files (x86)/cypress/psoc creator/4.1/psoc creator/import/gnu/arm/5.4.1/bin/../lib/gcc/arm-none-eabi/5.4.1/../../../../arm-none-eabi/lib/armv7-m\libg_nano.a(lib_a-nano-vfprintf_i.o)
                0x00002458                _printf_common
 .text._printf_i
                0x00002544      0x24c c:/program files (x86)/cypress/psoc creator/4.1/psoc creator/import/gnu/arm/5.4.1/bin/../lib/gcc/arm-none-eabi/5.4.1/../../../../arm-none-eabi/lib/armv7-m\libg_nano.a(lib_a-nano-vfprintf_i.o)
                0x00002544                _printf_i
 .text.sprintf  0x00002790       0x48 c:/program files (x86)/cypress/psoc creator/4.1/psoc creator/import/gnu/arm/5.4.1/bin/../lib/gcc/arm-none-eabi/5.4.1/../../../../arm-none-eabi/lib/armv7-m\libg_nano.a(lib_a-sprintf.o)
                0x00002790                siprintf
                0x00002790                sprintf
 .text          0x000027d8       0x10 c:/program files (x86)/cypress/psoc creator/4.1/psoc creator/import/gnu/arm/5.4.1/bin/../lib/gcc/arm-none-eabi/5.4.1/../../../../arm-none-eabi/lib/armv7-m\libg_nano.a(lib_a-strlen.o)
                0x000027d8                strlen
 .text.quorem   0x000027e8      0x116 c:/program files (x86)/cypress/psoc creator/4.1/psoc creator/import/gnu/arm/5.4.1/bin/../lib/gcc/arm-none-eabi/5.4.1/../../../../arm-none-eabi/lib/armv7-m\libg_nano.a(lib_a-dtoa.o)
 *fill*         0x000028fe        0x2 
 .text._dtoa_r  0x00002900      0xb30 c:/program files (x86)/cypress/psoc creator/4.1/psoc creator/import/gnu/arm/5.4.1/bin/../lib/gcc/arm-none-eabi/5.4.1/../../../../arm-none-eabi/lib/armv7-m\libg_nano.a(lib_a-dtoa.o)
                0x00002900                _dtoa_r
 .text._localeconv_r
                0x00003430        0x8 c:/program files (x86)/cypress/psoc creator/4.1/psoc creator/import/gnu/arm/5.4.1/bin/../lib/gcc/arm-none-eabi/5.4.1/../../../../arm-none-eabi/lib/armv7-m\libg_nano.a(lib_a-locale.o)
                0x00003430                _localeconv_r
 .text.malloc   0x00003438       0x10 c:/program files (x86)/cypress/psoc creator/4.1/psoc creator/import/gnu/arm/5.4.1/bin/../lib/gcc/arm-none-eabi/5.4.1/../../../../arm-none-eabi/lib/armv7-m\libg_nano.a(lib_a-malloc.o)
                0x00003438                malloc
 .text.memchr   0x00003448       0x1c c:/program files (x86)/cypress/psoc creator/4.1/psoc creator/import/gnu/arm/5.4.1/bin/../lib/gcc/arm-none-eabi/5.4.1/../../../../arm-none-eabi/lib/armv7-m\libg_nano.a(lib_a-memchr-stub.o)
                0x00003448                memchr
 .text._Balloc  0x00003464       0x6a c:/program files (x86)/cypress/psoc creator/4.1/psoc creator/import/gnu/arm/5.4.1/bin/../lib/gcc/arm-none-eabi/5.4.1/../../../../arm-none-eabi/lib/armv7-m\libg_nano.a(lib_a-mprec.o)
                0x00003464                _Balloc
 .text._Bfree   0x000034ce       0x2e c:/program files (x86)/cypress/psoc creator/4.1/psoc creator/import/gnu/arm/5.4.1/bin/../lib/gcc/arm-none-eabi/5.4.1/../../../../arm-none-eabi/lib/armv7-m\libg_nano.a(lib_a-mprec.o)
                0x000034ce                _Bfree
 .text.__multadd
                0x000034fc       0x76 c:/program files (x86)/cypress/psoc creator/4.1/psoc creator/import/gnu/arm/5.4.1/bin/../lib/gcc/arm-none-eabi/5.4.1/../../../../arm-none-eabi/lib/armv7-m\libg_nano.a(lib_a-mprec.o)
                0x000034fc                __multadd
 .text.__hi0bits
                0x00003572       0x40 c:/program files (x86)/cypress/psoc creator/4.1/psoc creator/import/gnu/arm/5.4.1/bin/../lib/gcc/arm-none-eabi/5.4.1/../../../../arm-none-eabi/lib/armv7-m\libg_nano.a(lib_a-mprec.o)
                0x00003572                __hi0bits
 .text.__lo0bits
                0x000035b2       0x5a c:/program files (x86)/cypress/psoc creator/4.1/psoc creator/import/gnu/arm/5.4.1/bin/../lib/gcc/arm-none-eabi/5.4.1/../../../../arm-none-eabi/lib/armv7-m\libg_nano.a(lib_a-mprec.o)
                0x000035b2                __lo0bits
 .text.__i2b    0x0000360c       0x12 c:/program files (x86)/cypress/psoc creator/4.1/psoc creator/import/gnu/arm/5.4.1/bin/../lib/gcc/arm-none-eabi/5.4.1/../../../../arm-none-eabi/lib/armv7-m\libg_nano.a(lib_a-mprec.o)
                0x0000360c                __i2b
 .text.__multiply
                0x0000361e      0x120 c:/program files (x86)/cypress/psoc creator/4.1/psoc creator/import/gnu/arm/5.4.1/bin/../lib/gcc/arm-none-eabi/5.4.1/../../../../arm-none-eabi/lib/armv7-m\libg_nano.a(lib_a-mprec.o)
                0x0000361e                __multiply
 *fill*         0x0000373e        0x2 
 .text.__pow5mult
                0x00003740       0x9c c:/program files (x86)/cypress/psoc creator/4.1/psoc creator/import/gnu/arm/5.4.1/bin/../lib/gcc/arm-none-eabi/5.4.1/../../../../arm-none-eabi/lib/armv7-m\libg_nano.a(lib_a-mprec.o)
                0x00003740                __pow5mult
 .text.__lshift
                0x000037dc       0xa2 c:/program files (x86)/cypress/psoc creator/4.1/psoc creator/import/gnu/arm/5.4.1/bin/../lib/gcc/arm-none-eabi/5.4.1/../../../../arm-none-eabi/lib/armv7-m\libg_nano.a(lib_a-mprec.o)
                0x000037dc                __lshift
 .text.__mcmp   0x0000387e       0x38 c:/program files (x86)/cypress/psoc creator/4.1/psoc creator/import/gnu/arm/5.4.1/bin/../lib/gcc/arm-none-eabi/5.4.1/../../../../arm-none-eabi/lib/armv7-m\libg_nano.a(lib_a-mprec.o)
                0x0000387e                __mcmp
 .text.__mdiff  0x000038b6       0xbe c:/program files (x86)/cypress/psoc creator/4.1/psoc creator/import/gnu/arm/5.4.1/bin/../lib/gcc/arm-none-eabi/5.4.1/../../../../arm-none-eabi/lib/armv7-m\libg_nano.a(lib_a-mprec.o)
                0x000038b6                __mdiff
 .text.__d2b    0x00003974       0x9c c:/program files (x86)/cypress/psoc creator/4.1/psoc creator/import/gnu/arm/5.4.1/bin/../lib/gcc/arm-none-eabi/5.4.1/../../../../arm-none-eabi/lib/armv7-m\libg_nano.a(lib_a-mprec.o)
                0x00003974                __d2b
 .text._calloc_r
                0x00003a10       0x1c c:/program files (x86)/cypress/psoc creator/4.1/psoc creator/import/gnu/arm/5.4.1/bin/../lib/gcc/arm-none-eabi/5.4.1/../../../../arm-none-eabi/lib/armv7-m\libg_nano.a(lib_a-nano-callocr.o)
                0x00003a10                _calloc_r
 .text._free_r  0x00003a2c       0x98 c:/program files (x86)/cypress/psoc creator/4.1/psoc creator/import/gnu/arm/5.4.1/bin/../lib/gcc/arm-none-eabi/5.4.1/../../../../arm-none-eabi/lib/armv7-m\libg_nano.a(lib_a-nano-freer.o)
                0x00003a2c                _free_r
 .text._malloc_r
                0x00003ac4       0xbc c:/program files (x86)/cypress/psoc creator/4.1/psoc creator/import/gnu/arm/5.4.1/bin/../lib/gcc/arm-none-eabi/5.4.1/../../../../arm-none-eabi/lib/armv7-m\libg_nano.a(lib_a-nano-mallocr.o)
                0x00003ac4                _malloc_r
 .text.__ssputs_r
                0x00003b80       0xb2 c:/program files (x86)/cypress/psoc creator/4.1/psoc creator/import/gnu/arm/5.4.1/bin/../lib/gcc/arm-none-eabi/5.4.1/../../../../arm-none-eabi/lib/armv7-m\libg_nano.a(lib_a-nano-svfprintf.o)
                0x00003b80                __ssputs_r
 *fill*         0x00003c32        0x2 
 .text._svfprintf_r
                0x00003c34      0x1e8 c:/program files (x86)/cypress/psoc creator/4.1/psoc creator/import/gnu/arm/5.4.1/bin/../lib/gcc/arm-none-eabi/5.4.1/../../../../arm-none-eabi/lib/armv7-m\libg_nano.a(lib_a-nano-svfprintf.o)
                0x00003c34                _svfiprintf_r
                0x00003c34                _svfprintf_r
 .text._sbrk_r  0x00003e1c       0x20 c:/program files (x86)/cypress/psoc creator/4.1/psoc creator/import/gnu/arm/5.4.1/bin/../lib/gcc/arm-none-eabi/5.4.1/../../../../arm-none-eabi/lib/armv7-m\libg_nano.a(lib_a-sbrkr.o)
                0x00003e1c                _sbrk_r
 .text.memmove  0x00003e3c       0x36 c:/program files (x86)/cypress/psoc creator/4.1/psoc creator/import/gnu/arm/5.4.1/bin/../lib/gcc/arm-none-eabi/5.4.1/../../../../arm-none-eabi/lib/armv7-m\libg_nano.a(lib_a-memmove.o)
                0x00003e3c                memmove
 .text.__malloc_lock
                0x00003e72        0x2 c:/program files (x86)/cypress/psoc creator/4.1/psoc creator/import/gnu/arm/5.4.1/bin/../lib/gcc/arm-none-eabi/5.4.1/../../../../arm-none-eabi/lib/armv7-m\libg_nano.a(lib_a-mlock.o)
                0x00003e72                __malloc_lock
 .text.__malloc_unlock
                0x00003e74        0x2 c:/program files (x86)/cypress/psoc creator/4.1/psoc creator/import/gnu/arm/5.4.1/bin/../lib/gcc/arm-none-eabi/5.4.1/../../../../arm-none-eabi/lib/armv7-m\libg_nano.a(lib_a-mlock.o)
                0x00003e74                __malloc_unlock
 .text._realloc_r
                0x00003e76       0x4c c:/program files (x86)/cypress/psoc creator/4.1/psoc creator/import/gnu/arm/5.4.1/bin/../lib/gcc/arm-none-eabi/5.4.1/../../../../arm-none-eabi/lib/armv7-m\libg_nano.a(lib_a-nano-reallocr.o)
                0x00003e76                _realloc_r
 .text._malloc_usable_size_r
                0x00003ec2       0x14 c:/program files (x86)/cypress/psoc creator/4.1/psoc creator/import/gnu/arm/5.4.1/bin/../lib/gcc/arm-none-eabi/5.4.1/../../../../arm-none-eabi/lib/armv7-m\libg_nano.a(lib_a-nano-msizer.o)
                0x00003ec2                _malloc_usable_size_r
 *fill*         0x00003ed6        0x2 
 .text          0x00003ed8      0x370 c:/program files (x86)/cypress/psoc creator/4.1/psoc creator/import/gnu/arm/5.4.1/bin/../lib/gcc/arm-none-eabi/5.4.1/armv7-m\libgcc.a(_arm_addsubdf3.o)
                0x00003ed8                __aeabi_drsub
                0x00003ee0                __aeabi_dsub
                0x00003ee0                __subdf3
                0x00003ee4                __aeabi_dadd
                0x00003ee4                __adddf3
                0x0000415c                __floatunsidf
                0x0000415c                __aeabi_ui2d
                0x0000417c                __floatsidf
                0x0000417c                __aeabi_i2d
                0x000041a0                __aeabi_f2d
                0x000041a0                __extendsfdf2
                0x000041dc                __floatundidf
                0x000041dc                __aeabi_ul2d
                0x000041ec                __floatdidf
                0x000041ec                __aeabi_l2d
 .text          0x00004248      0x424 c:/program files (x86)/cypress/psoc creator/4.1/psoc creator/import/gnu/arm/5.4.1/bin/../lib/gcc/arm-none-eabi/5.4.1/armv7-m\libgcc.a(_arm_muldivdf3.o)
                0x00004248                __aeabi_dmul
                0x00004248                __muldf3
                0x0000449c                __divdf3
                0x0000449c                __aeabi_ddiv
 .text          0x0000466c      0x110 c:/program files (x86)/cypress/psoc creator/4.1/psoc creator/import/gnu/arm/5.4.1/bin/../lib/gcc/arm-none-eabi/5.4.1/armv7-m\libgcc.a(_arm_cmpdf2.o)
                0x0000466c                __gtdf2
                0x0000466c                __gedf2
                0x00004674                __ltdf2
                0x00004674                __ledf2
                0x0000467c                __nedf2
                0x0000467c                __eqdf2
                0x0000467c                __cmpdf2
                0x000046f8                __aeabi_cdrcmple
                0x00004708                __aeabi_cdcmpeq
                0x00004708                __aeabi_cdcmple
                0x00004718                __aeabi_dcmpeq
                0x0000472c                __aeabi_dcmplt
                0x00004740                __aeabi_dcmple
                0x00004754                __aeabi_dcmpge
                0x00004768                __aeabi_dcmpgt
 .text          0x0000477c       0x2c c:/program files (x86)/cypress/psoc creator/4.1/psoc creator/import/gnu/arm/5.4.1/bin/../lib/gcc/arm-none-eabi/5.4.1/armv7-m\libgcc.a(_arm_unorddf2.o)
                0x0000477c                __unorddf2
                0x0000477c                __aeabi_dcmpun
 .text          0x000047a8       0x50 c:/program files (x86)/cypress/psoc creator/4.1/psoc creator/import/gnu/arm/5.4.1/bin/../lib/gcc/arm-none-eabi/5.4.1/armv7-m\libgcc.a(_arm_fixdfsi.o)
                0x000047a8                __aeabi_d2iz
                0x000047a8                __fixdfsi
 *(.plt)
 *(.gnu.warning)
 *(.glue_7t)
 .glue_7t       0x000047f8        0x0 linker stubs
 *(.glue_7)
 .glue_7        0x000047f8        0x0 linker stubs
 *(.vfp11_veneer)
 .vfp11_veneer  0x000047f8        0x0 linker stubs
 *(.bootloader)
 *(.ARM.extab* .gnu.linkonce.armextab.*)
 *(.gcc_except_table)

.v4_bx          0x000047f8        0x0
 .v4_bx         0x000047f8        0x0 linker stubs

.iplt           0x000047f8        0x0
 .iplt          0x000047f8        0x0 c:/program files (x86)/cypress/psoc creator/4.1/psoc creator/import/gnu/arm/5.4.1/bin/../lib/gcc/arm-none-eabi/5.4.1/armv7-m/crtbegin.o

.eh_frame_hdr
 *(.eh_frame_hdr)

.eh_frame       0x000047f8        0x4
 *(.eh_frame)
 .eh_frame      0x000047f8        0x0 c:/program files (x86)/cypress/psoc creator/4.1/psoc creator/import/gnu/arm/5.4.1/bin/../lib/gcc/arm-none-eabi/5.4.1/armv7-m/crtbegin.o
 .eh_frame      0x000047f8        0x4 c:/program files (x86)/cypress/psoc creator/4.1/psoc creator/import/gnu/arm/5.4.1/bin/../lib/gcc/arm-none-eabi/5.4.1/armv7-m/crtend.o
                [!provide]                PROVIDE (__exidx_start, .)

.ARM.exidx
 *(.ARM.exidx* .gnu.linkonce.armexidx.*)
                0x000047fc                __exidx_end = .

.rodata         0x00004800      0x3a8
 *(.rodata .rodata.* .gnu.linkonce.r.*)
 .rodata.str1.4
                0x00004800       0x6e .\CortexM3\ARM_GCC_541\Debug\main.o
 *fill*         0x0000486e        0x2 
 .rodata        0x00004870       0x2a .\CortexM3\ARM_GCC_541\Debug\cyfitter_cfg.o
 *fill*         0x0000489a        0x2 
 .rodata.str1.4
                0x0000489c       0x14 .\CortexM3\ARM_GCC_541\Debug\Transmitter.a(USB_std.o)
                                 0x11 (size before relaxing)
 .rodata        0x000048b0      0x15e .\CortexM3\ARM_GCC_541\Debug\Transmitter.a(USB_descr.o)
                0x000048b0                USB_TABLE
                0x000048b8                USB_DEVICE0_TABLE
                0x000048d0                USB_DEVICE0_CONFIGURATION0_TABLE
                0x000048f8                USB_DEVICE0_CONFIGURATION0_INTERFACE_CLASS
                0x000048fc                USB_DEVICE0_CONFIGURATION0_EP_SETTINGS_TABLE
                0x00004914                USB_SN_STRING_DESCRIPTOR
                0x00004918                USB_STRING_DESCRIPTORS
                0x000049b8                USB_DEVICE0_CONFIGURATION0_DESCR
                0x000049fc                USB_DEVICE0_DESCR
 .rodata.str1.1
                0x00004a0e        0x2 c:/program files (x86)/cypress/psoc creator/4.1/psoc creator/import/gnu/arm/5.4.1/bin/../lib/gcc/arm-none-eabi/5.4.1/../../../../arm-none-eabi/lib/armv7-m\libg_nano.a(lib_a-impure.o)
 .rodata.str1.1
                0x00004a10       0x12 c:/program files (x86)/cypress/psoc creator/4.1/psoc creator/import/gnu/arm/5.4.1/bin/../lib/gcc/arm-none-eabi/5.4.1/../../../../arm-none-eabi/lib/armv7-m\libg_nano.a(lib_a-nano-vfprintf_float.o)
 .rodata.str1.1
                0x00004a22       0x22 c:/program files (x86)/cypress/psoc creator/4.1/psoc creator/import/gnu/arm/5.4.1/bin/../lib/gcc/arm-none-eabi/5.4.1/../../../../arm-none-eabi/lib/armv7-m\libg_nano.a(lib_a-nano-vfprintf_i.o)
 .rodata.str1.1
                0x00004a44        0xd c:/program files (x86)/cypress/psoc creator/4.1/psoc creator/import/gnu/arm/5.4.1/bin/../lib/gcc/arm-none-eabi/5.4.1/../../../../arm-none-eabi/lib/armv7-m\libg_nano.a(lib_a-dtoa.o)
                                  0xf (size before relaxing)
 .rodata.str1.1
                0x00004a51        0x8 c:/program files (x86)/cypress/psoc creator/4.1/psoc creator/import/gnu/arm/5.4.1/bin/../lib/gcc/arm-none-eabi/5.4.1/../../../../arm-none-eabi/lib/armv7-m\libg_nano.a(lib_a-locale.o)
                                  0xb (size before relaxing)
 *fill*         0x00004a59        0x7 
 .rodata.__mprec_tens
                0x00004a60       0xc8 c:/program files (x86)/cypress/psoc creator/4.1/psoc creator/import/gnu/arm/5.4.1/bin/../lib/gcc/arm-none-eabi/5.4.1/../../../../arm-none-eabi/lib/armv7-m\libg_nano.a(lib_a-mprec.o)
                0x00004a60                __mprec_tens
 .rodata.p05.5408
                0x00004b28        0xc c:/program files (x86)/cypress/psoc creator/4.1/psoc creator/import/gnu/arm/5.4.1/bin/../lib/gcc/arm-none-eabi/5.4.1/../../../../arm-none-eabi/lib/armv7-m\libg_nano.a(lib_a-mprec.o)
 *fill*         0x00004b34        0x4 
 .rodata.__mprec_bigtens
                0x00004b38       0x28 c:/program files (x86)/cypress/psoc creator/4.1/psoc creator/import/gnu/arm/5.4.1/bin/../lib/gcc/arm-none-eabi/5.4.1/../../../../arm-none-eabi/lib/armv7-m\libg_nano.a(lib_a-mprec.o)
                0x00004b38                __mprec_bigtens
 .rodata.str1.1
                0x00004b60       0x11 c:/program files (x86)/cypress/psoc creator/4.1/psoc creator/import/gnu/arm/5.4.1/bin/../lib/gcc/arm-none-eabi/5.4.1/../../../../arm-none-eabi/lib/armv7-m\libg_nano.a(lib_a-nano-svfprintf.o)
                0x00004b74                . = ALIGN (0x4)
 *fill*         0x00004b71        0x3 
 *(.init)
 .init          0x00004b74        0x4 c:/program files (x86)/cypress/psoc creator/4.1/psoc creator/import/gnu/arm/5.4.1/bin/../lib/gcc/arm-none-eabi/5.4.1/armv7-m/crti.o
                0x00004b74                _init
 .init          0x00004b78        0x8 c:/program files (x86)/cypress/psoc creator/4.1/psoc creator/import/gnu/arm/5.4.1/bin/../lib/gcc/arm-none-eabi/5.4.1/armv7-m/crtn.o
                0x00004b80                . = ALIGN (0x4)
                0x00004b80                __preinit_array_start = .
 *(.preinit_array)
                0x00004b80                __preinit_array_end = .
                0x00004b80                . = ALIGN (0x4)
                0x00004b80                __init_array_start = .
 *(SORT(.init_array.*))
 *(.init_array)
 .init_array    0x00004b80        0x4 c:/program files (x86)/cypress/psoc creator/4.1/psoc creator/import/gnu/arm/5.4.1/bin/../lib/gcc/arm-none-eabi/5.4.1/armv7-m/crtbegin.o
 .init_array    0x00004b84        0x4 .\CortexM3\ARM_GCC_541\Debug\Cm3Start.o
                0x00004b88                __init_array_end = .
                0x00004b88                . = ALIGN (0x4)
 *(.fini)
 .fini          0x00004b88        0x4 c:/program files (x86)/cypress/psoc creator/4.1/psoc creator/import/gnu/arm/5.4.1/bin/../lib/gcc/arm-none-eabi/5.4.1/armv7-m/crti.o
                0x00004b88                _fini
 .fini          0x00004b8c        0x8 c:/program files (x86)/cypress/psoc creator/4.1/psoc creator/import/gnu/arm/5.4.1/bin/../lib/gcc/arm-none-eabi/5.4.1/armv7-m/crtn.o
                0x00004b94                . = ALIGN (0x4)
                0x00004b94                __fini_array_start = .
 *(.fini_array)
 .fini_array    0x00004b94        0x4 c:/program files (x86)/cypress/psoc creator/4.1/psoc creator/import/gnu/arm/5.4.1/bin/../lib/gcc/arm-none-eabi/5.4.1/armv7-m/crtbegin.o
 *(SORT(.fini_array.*))
                0x00004b98                __fini_array_end = .
                0x00004b98                . = ALIGN (0x4)
 *crtbegin.o(.ctors)
 *(EXCLUDE_FILE(*crtend.o) .ctors)
 *(SORT(.ctors.*))
 *crtend.o(.ctors)
                0x00004b98                . = ALIGN (0x4)
 *crtbegin.o(.dtors)
 *(EXCLUDE_FILE(*crtend.o) .dtors)
 *(SORT(.dtors.*))
 *crtend.o(.dtors)
                0x00004b98                . = ALIGN (0x4)
                0x00004b98                __cy_regions = .
                0x00004b98        0x4 LONG 0x4ba8 __cy_region_init_ram
                0x00004b9c        0x4 LONG 0x1fff80c8 __cy_region_start_data
                0x00004ba0        0x4 LONG 0xf0 __cy_region_init_size_ram
                0x00004ba4        0x4 LONG 0x108 __cy_region_zero_size_ram
                0x00004ba8                __cy_regions_end = .
                0x00004ba8                . = ALIGN (0x8)
                0x00004ba8                _etext = .

.cy_checksum_exclude
                0x00004ba8        0x0
 *(.cy_checksum_exclude)

.ramvectors     0x1fff8000       0xc0
                0x1fff8000                __cy_region_start_ram = .
 *(.ramvectors)
 .ramvectors    0x1fff8000       0xc0 .\CortexM3\ARM_GCC_541\Debug\Cm3Start.o
                0x1fff8000                CyRamVectors

.noinit         0x1fff80c0        0x1
 *(.noinit)
 .noinit        0x1fff80c0        0x1 .\CortexM3\ARM_GCC_541\Debug\Transmitter.a(CyLib.o)
                0x1fff80c0                CyResetStatus

.data           0x1fff80c8       0xf0 load address 0x00004ba8
                0x1fff80c8                __cy_region_start_data = .
 *(.jcr)
 .jcr           0x1fff80c8        0x0 c:/program files (x86)/cypress/psoc creator/4.1/psoc creator/import/gnu/arm/5.4.1/bin/../lib/gcc/arm-none-eabi/5.4.1/armv7-m/crtbegin.o
 .jcr           0x1fff80c8        0x4 c:/program files (x86)/cypress/psoc creator/4.1/psoc creator/import/gnu/arm/5.4.1/bin/../lib/gcc/arm-none-eabi/5.4.1/armv7-m/crtend.o
 *(.got.plt)
 *(.got)
 *(.shdata)
 *(.data .data.* .gnu.linkonce.d.*)
 .data          0x1fff80cc       0x20 .\CortexM3\ARM_GCC_541\Debug\main.o
                0x1fff80cc                parity
                0x1fff80e0                stop
 .data          0x1fff80ec        0x4 .\CortexM3\ARM_GCC_541\Debug\Cm3Start.o
 .data          0x1fff80f0       0x1a .\CortexM3\ARM_GCC_541\Debug\Transmitter.a(USB_cdc.o)
                0x1fff80f0                USB_linesCoding
 *fill*         0x1fff810a        0x2 
 .data          0x1fff810c       0x10 .\CortexM3\ARM_GCC_541\Debug\Transmitter.a(CyLib.o)
                0x1fff810c                cydelay_32k_ms
                0x1fff8110                cydelay_freq_khz
                0x1fff8114                cydelay_freq_mhz
                0x1fff8118                cydelay_freq_hz
 .data.impure_data
                0x1fff811c       0x60 c:/program files (x86)/cypress/psoc creator/4.1/psoc creator/import/gnu/arm/5.4.1/bin/../lib/gcc/arm-none-eabi/5.4.1/../../../../arm-none-eabi/lib/armv7-m\libg_nano.a(lib_a-impure.o)
 .data._impure_ptr
                0x1fff817c        0x4 c:/program files (x86)/cypress/psoc creator/4.1/psoc creator/import/gnu/arm/5.4.1/bin/../lib/gcc/arm-none-eabi/5.4.1/../../../../arm-none-eabi/lib/armv7-m\libg_nano.a(lib_a-impure.o)
                0x1fff817c                _impure_ptr
 .data.lconv    0x1fff8180       0x38 c:/program files (x86)/cypress/psoc creator/4.1/psoc creator/import/gnu/arm/5.4.1/bin/../lib/gcc/arm-none-eabi/5.4.1/../../../../arm-none-eabi/lib/armv7-m\libg_nano.a(lib_a-locale.o)
                0x1fff81b8                . = ALIGN (0x8)
 *(.ram)
                0x1fff81b8                _edata = .

.igot.plt       0x1fff81b8        0x0 load address 0x00004c98
 .igot.plt      0x1fff81b8        0x0 c:/program files (x86)/cypress/psoc creator/4.1/psoc creator/import/gnu/arm/5.4.1/bin/../lib/gcc/arm-none-eabi/5.4.1/armv7-m/crtbegin.o

.bss            0x1fff81b8      0x108 load address 0x00004c98
                0x1fff81b8                PROVIDE (__bss_start__, .)
 *(.shbss)
 *(.bss .bss.* .gnu.linkonce.b.*)
 .bss           0x1fff81b8       0x1c c:/program files (x86)/cypress/psoc creator/4.1/psoc creator/import/gnu/arm/5.4.1/bin/../lib/gcc/arm-none-eabi/5.4.1/armv7-m/crtbegin.o
 .bss           0x1fff81d4        0x1 .\CortexM3\ARM_GCC_541\Debug\Transmitter.a(USB.o)
                0x1fff81d4                USB_initVar
 .bss           0x1fff81d5        0x1 .\CortexM3\ARM_GCC_541\Debug\Transmitter.a(USB_cdc.o)
 *fill*         0x1fff81d6        0x2 
 .bss           0x1fff81d8        0x2 .\CortexM3\ARM_GCC_541\Debug\Transmitter.a(USB_std.o)
 .bss           0x1fff81da        0x2 .\CortexM3\ARM_GCC_541\Debug\Transmitter.a(LCD.o)
                0x1fff81da                LCD_enableState
                0x1fff81db                LCD_initVar
 .bss.__malloc_sbrk_start
                0x1fff81dc        0x4 c:/program files (x86)/cypress/psoc creator/4.1/psoc creator/import/gnu/arm/5.4.1/bin/../lib/gcc/arm-none-eabi/5.4.1/../../../../arm-none-eabi/lib/armv7-m\libg_nano.a(lib_a-nano-mallocr.o)
                0x1fff81dc                __malloc_sbrk_start
 .bss.__malloc_free_list
                0x1fff81e0        0x4 c:/program files (x86)/cypress/psoc creator/4.1/psoc creator/import/gnu/arm/5.4.1/bin/../lib/gcc/arm-none-eabi/5.4.1/../../../../arm-none-eabi/lib/armv7-m\libg_nano.a(lib_a-nano-mallocr.o)
                0x1fff81e0                __malloc_free_list
 *(COMMON)
 COMMON         0x1fff81e4       0x16 .\CortexM3\ARM_GCC_541\Debug\Transmitter.a(USB_cdc.o)
                0x1fff81e4                USB_linesControlBitmap
                0x1fff81e8                USB_cdcCommInInterruptEp
                0x1fff81ec                USB_serialStateBitmap
                0x1fff81f0                USB_cdcDataOutEp
                0x1fff81f4                USB_cdcDataInEp
                0x1fff81f8                USB_linesChanged
 *fill*         0x1fff81fa        0x2 
 COMMON         0x1fff81fc       0x98 .\CortexM3\ARM_GCC_541\Debug\Transmitter.a(USB_drv.o)
                0x1fff81fc                USB_transferState
                0x1fff81fd                USB_interfaceNumber
                0x1fff81fe                USB_lastPacketSize
                0x1fff8200                USB_interfaceClass
                0x1fff8204                USB_interfaceSetting
                0x1fff8206                USB_ep0Mode
                0x1fff8207                USB_device
                0x1fff8208                USB_deviceAddress
                0x1fff8209                USB_ep0Toggle
                0x1fff820c                USB_interfaceSettingLast
                0x1fff820e                USB_configurationChanged
                0x1fff8210                USB_interfaceStatus
                0x1fff8212                USB_transferByteCount
                0x1fff8214                USB_configuration
                0x1fff8218                USB_currentTD
                0x1fff8224                USB_ep0Count
                0x1fff8225                USB_deviceStatus
                0x1fff8228                USB_EP
 COMMON         0x1fff8294       0x22 .\CortexM3\ARM_GCC_541\Debug\Transmitter.a(USB_descr.o)
                0x1fff8294                USB_idSerialNumberStringDescriptor
 *fill*         0x1fff82b6        0x2 
 COMMON         0x1fff82b8        0x4 c:/program files (x86)/cypress/psoc creator/4.1/psoc creator/import/gnu/arm/5.4.1/bin/../lib/gcc/arm-none-eabi/5.4.1/../../../../arm-none-eabi/lib/armv7-m\libg_nano.a(lib_a-reent.o)
                0x1fff82b8                errno
                0x1fff82c0                . = ALIGN (0x8)
 *fill*         0x1fff82bc        0x4 
 *(.ram.b)
                0x1fff82c0                _end = .
                0x1fff82c0                __end = .
                0x1fff82c0                PROVIDE (end, .)
                0x1fff82c0                PROVIDE (__bss_end__, .)
                0x00004ba8                __cy_region_init_ram = LOADADDR (.data)
                0x000000f0                __cy_region_init_size_ram = (_edata - ADDR (.data))
                0x00000108                __cy_region_zero_size_ram = (_end - _edata)

.heap           0x1fff82c0       0x80 load address 0x00004c98
                0x1fff82c0                . = _end
                0x1fff8340                . = (. + 0x80)
 *fill*         0x1fff82c0       0x80 
                0x1fff8340                __cy_heap_limit = .

.stack          0x20007800      0x800
                0x20007800                __cy_stack_limit = .
                0x20008000                . = (. + 0x800)
 *fill*         0x20007800      0x800 
                0x00000001                ASSERT ((__cy_stack_limit >= __cy_heap_limit), region RAM overflowed with stack)
                0x00000000                cy_checksum_exclude_size = (CY_APPL_LOADABLE == 0x1)?SIZEOF (.cy_checksum_exclude):0x0
                0x00000001                ASSERT ((cy_checksum_exclude_size <= CY_CHECKSUM_EXCLUDE_SIZE), CY_BOOT: Section .cy_checksum_exclude size exceedes specified limit.)

.cyloadermeta
 *(.cyloadermeta)

.cyloadablemeta
 *(.cyloadablemeta)

.cyconfigecc    0x80000000       0x90
 *(.cyconfigecc)
 .cyconfigecc   0x80000000       0x90 .\CortexM3\ARM_GCC_541\Debug\cymetadata.o
                0x80000000                cy_meta_configecc

.cycustnvl      0x90000000        0x4
 *(.cycustnvl)
 .cycustnvl     0x90000000        0x4 .\CortexM3\ARM_GCC_541\Debug\cymetadata.o
                0x90000000                cy_meta_custnvl

.cywolatch      0x90100000        0x4
 *(.cywolatch)
 .cywolatch     0x90100000        0x4 .\CortexM3\ARM_GCC_541\Debug\cymetadata.o
                0x90100000                cy_meta_wonvl

.cyeeprom       0x90200000        0x0
 *(.cyeeprom)
                0x00000001                ASSERT ((. <= ((0x90200000 + ee_offset) + ee_size)), .cyeeprom data will not fit in EEPROM)

.cyflashprotect
                0x90400000      0x100
 *(.cyflashprotect)
 .cyflashprotect
                0x90400000      0x100 .\CortexM3\ARM_GCC_541\Debug\cymetadata.o
                0x90400000                cy_meta_flashprotect

.cymeta         0x90500000        0xc
 *(.cymeta)
 .cymeta        0x90500000        0xc .\CortexM3\ARM_GCC_541\Debug\cymetadata.o
                0x90500000                cy_metadata

.rel.dyn        0x00004c98        0x0 load address 0x9050000c
 .rel.iplt      0x00004c98        0x0 c:/program files (x86)/cypress/psoc creator/4.1/psoc creator/import/gnu/arm/5.4.1/bin/../lib/gcc/arm-none-eabi/5.4.1/armv7-m/crtbegin.o

.stab
 *(.stab)

.stabstr
 *(.stabstr)

.debug
 *(.debug)

.line
 *(.line)

.debug_srcinfo
 *(.debug_srcinfo)

.debug_sfnames
 *(.debug_sfnames)

.debug_aranges  0x00000000      0x9a8
 *(.debug_aranges)
 .debug_aranges
                0x00000000       0x20 .\CortexM3\ARM_GCC_541\Debug\main.o
 .debug_aranges
                0x00000020       0x58 .\CortexM3\ARM_GCC_541\Debug\cyfitter_cfg.o
 .debug_aranges
                0x00000078       0x18 .\CortexM3\ARM_GCC_541\Debug\cymetadata.o
 .debug_aranges
                0x00000090       0x48 .\CortexM3\ARM_GCC_541\Debug\Cm3Start.o
 .debug_aranges
                0x000000d8       0xc8 .\CortexM3\ARM_GCC_541\Debug\Transmitter.a(USB.o)
 .debug_aranges
                0x000001a0       0xe8 .\CortexM3\ARM_GCC_541\Debug\Transmitter.a(USB_cdc.o)
 .debug_aranges
                0x00000288       0x98 .\CortexM3\ARM_GCC_541\Debug\Transmitter.a(USB_drv.o)
 .debug_aranges
                0x00000320       0x40 .\CortexM3\ARM_GCC_541\Debug\Transmitter.a(USB_episr.o)
 .debug_aranges
                0x00000360       0x40 .\CortexM3\ARM_GCC_541\Debug\Transmitter.a(USB_pm.o)
 .debug_aranges
                0x000003a0       0x80 .\CortexM3\ARM_GCC_541\Debug\Transmitter.a(USB_std.o)
 .debug_aranges
                0x00000420       0x20 .\CortexM3\ARM_GCC_541\Debug\Transmitter.a(USB_vnd.o)
 .debug_aranges
                0x00000440       0x48 .\CortexM3\ARM_GCC_541\Debug\Transmitter.a(USB_Dp.o)
 .debug_aranges
                0x00000488      0x2a0 .\CortexM3\ARM_GCC_541\Debug\Transmitter.a(CyLib.o)
 .debug_aranges
                0x00000728       0x98 .\CortexM3\ARM_GCC_541\Debug\Transmitter.a(cyPm.o)
 .debug_aranges
                0x000007c0       0x98 .\CortexM3\ARM_GCC_541\Debug\Transmitter.a(LCD.o)
 .debug_aranges
                0x00000858       0x20 .\CortexM3\ARM_GCC_541\Debug\Transmitter.a(CyBootAsmGnu.o)
 .debug_aranges
                0x00000878       0x20 .\CortexM3\ARM_GCC_541\Debug\Transmitter.a(USB_cls.o)
 .debug_aranges
                0x00000898       0x18 .\CortexM3\ARM_GCC_541\Debug\Transmitter.a(USB_descr.o)
 .debug_aranges
                0x000008b0       0x80 .\CortexM3\ARM_GCC_541\Debug\Transmitter.a(CyFlash.o)
 .debug_aranges
                0x00000930       0x78 .\CortexM3\ARM_GCC_541\Debug\Transmitter.a(CySpc.o)

.debug_pubnames
 *(.debug_pubnames)

.debug_info     0x00000000     0x7028
 *(.debug_info .gnu.linkonce.wi.*)
 .debug_info    0x00000000      0x442 .\CortexM3\ARM_GCC_541\Debug\main.o
 .debug_info    0x00000442      0x4f1 .\CortexM3\ARM_GCC_541\Debug\cyfitter_cfg.o
 .debug_info    0x00000933      0x134 .\CortexM3\ARM_GCC_541\Debug\cymetadata.o
 .debug_info    0x00000a67      0x3bb .\CortexM3\ARM_GCC_541\Debug\Cm3Start.o
 .debug_info    0x00000e22      0x995 .\CortexM3\ARM_GCC_541\Debug\Transmitter.a(USB.o)
 .debug_info    0x000017b7      0xaf7 .\CortexM3\ARM_GCC_541\Debug\Transmitter.a(USB_cdc.o)
 .debug_info    0x000022ae      0x655 .\CortexM3\ARM_GCC_541\Debug\Transmitter.a(USB_drv.o)
 .debug_info    0x00002903      0x254 .\CortexM3\ARM_GCC_541\Debug\Transmitter.a(USB_episr.o)
 .debug_info    0x00002b57      0x2e4 .\CortexM3\ARM_GCC_541\Debug\Transmitter.a(USB_pm.o)
 .debug_info    0x00002e3b      0xb26 .\CortexM3\ARM_GCC_541\Debug\Transmitter.a(USB_std.o)
 .debug_info    0x00003961       0xed .\CortexM3\ARM_GCC_541\Debug\Transmitter.a(USB_vnd.o)
 .debug_info    0x00003a4e      0x174 .\CortexM3\ARM_GCC_541\Debug\Transmitter.a(USB_Dp.o)
 .debug_info    0x00003bc2     0x1374 .\CortexM3\ARM_GCC_541\Debug\Transmitter.a(CyLib.o)
 .debug_info    0x00004f36      0xa2a .\CortexM3\ARM_GCC_541\Debug\Transmitter.a(cyPm.o)
 .debug_info    0x00005960      0x715 .\CortexM3\ARM_GCC_541\Debug\Transmitter.a(LCD.o)
 .debug_info    0x00006075       0x91 .\CortexM3\ARM_GCC_541\Debug\Transmitter.a(CyBootAsmGnu.o)
 .debug_info    0x00006106      0x1de .\CortexM3\ARM_GCC_541\Debug\Transmitter.a(USB_cls.o)
 .debug_info    0x000062e4      0x2a3 .\CortexM3\ARM_GCC_541\Debug\Transmitter.a(USB_descr.o)
 .debug_info    0x00006587      0x5b8 .\CortexM3\ARM_GCC_541\Debug\Transmitter.a(CyFlash.o)
 .debug_info    0x00006b3f      0x4e9 .\CortexM3\ARM_GCC_541\Debug\Transmitter.a(CySpc.o)

.debug_abbrev   0x00000000     0x1abd
 *(.debug_abbrev)
 .debug_abbrev  0x00000000      0x114 .\CortexM3\ARM_GCC_541\Debug\main.o
 .debug_abbrev  0x00000114      0x1fe .\CortexM3\ARM_GCC_541\Debug\cyfitter_cfg.o
 .debug_abbrev  0x00000312       0x5d .\CortexM3\ARM_GCC_541\Debug\cymetadata.o
 .debug_abbrev  0x0000036f      0x1e8 .\CortexM3\ARM_GCC_541\Debug\Cm3Start.o
 .debug_abbrev  0x00000557      0x215 .\CortexM3\ARM_GCC_541\Debug\Transmitter.a(USB.o)
 .debug_abbrev  0x0000076c      0x245 .\CortexM3\ARM_GCC_541\Debug\Transmitter.a(USB_cdc.o)
 .debug_abbrev  0x000009b1      0x189 .\CortexM3\ARM_GCC_541\Debug\Transmitter.a(USB_drv.o)
 .debug_abbrev  0x00000b3a      0x11b .\CortexM3\ARM_GCC_541\Debug\Transmitter.a(USB_episr.o)
 .debug_abbrev  0x00000c55      0x108 .\CortexM3\ARM_GCC_541\Debug\Transmitter.a(USB_pm.o)
 .debug_abbrev  0x00000d5d      0x20a .\CortexM3\ARM_GCC_541\Debug\Transmitter.a(USB_std.o)
 .debug_abbrev  0x00000f67       0x9b .\CortexM3\ARM_GCC_541\Debug\Transmitter.a(USB_vnd.o)
 .debug_abbrev  0x00001002       0x90 .\CortexM3\ARM_GCC_541\Debug\Transmitter.a(USB_Dp.o)
 .debug_abbrev  0x00001092      0x254 .\CortexM3\ARM_GCC_541\Debug\Transmitter.a(CyLib.o)
 .debug_abbrev  0x000012e6      0x1ab .\CortexM3\ARM_GCC_541\Debug\Transmitter.a(cyPm.o)
 .debug_abbrev  0x00001491      0x157 .\CortexM3\ARM_GCC_541\Debug\Transmitter.a(LCD.o)
 .debug_abbrev  0x000015e8       0x14 .\CortexM3\ARM_GCC_541\Debug\Transmitter.a(CyBootAsmGnu.o)
 .debug_abbrev  0x000015fc       0xe1 .\CortexM3\ARM_GCC_541\Debug\Transmitter.a(USB_cls.o)
 .debug_abbrev  0x000016dd       0xb4 .\CortexM3\ARM_GCC_541\Debug\Transmitter.a(USB_descr.o)
 .debug_abbrev  0x00001791      0x198 .\CortexM3\ARM_GCC_541\Debug\Transmitter.a(CyFlash.o)
 .debug_abbrev  0x00001929      0x194 .\CortexM3\ARM_GCC_541\Debug\Transmitter.a(CySpc.o)

.debug_line     0x00000000     0x28e3
 *(.debug_line)
 .debug_line    0x00000000      0x23f .\CortexM3\ARM_GCC_541\Debug\main.o
 .debug_line    0x0000023f      0x1d2 .\CortexM3\ARM_GCC_541\Debug\cyfitter_cfg.o
 .debug_line    0x00000411      0x141 .\CortexM3\ARM_GCC_541\Debug\cymetadata.o
 .debug_line    0x00000552      0x234 .\CortexM3\ARM_GCC_541\Debug\Cm3Start.o
 .debug_line    0x00000786      0x2cc .\CortexM3\ARM_GCC_541\Debug\Transmitter.a(USB.o)
 .debug_line    0x00000a52      0x2e6 .\CortexM3\ARM_GCC_541\Debug\Transmitter.a(USB_cdc.o)
 .debug_line    0x00000d38      0x215 .\CortexM3\ARM_GCC_541\Debug\Transmitter.a(USB_drv.o)
 .debug_line    0x00000f4d       0xda .\CortexM3\ARM_GCC_541\Debug\Transmitter.a(USB_episr.o)
 .debug_line    0x00001027       0xfe .\CortexM3\ARM_GCC_541\Debug\Transmitter.a(USB_pm.o)
 .debug_line    0x00001125      0x3d6 .\CortexM3\ARM_GCC_541\Debug\Transmitter.a(USB_std.o)
 .debug_line    0x000014fb       0x6b .\CortexM3\ARM_GCC_541\Debug\Transmitter.a(USB_vnd.o)
 .debug_line    0x00001566       0xb7 .\CortexM3\ARM_GCC_541\Debug\Transmitter.a(USB_Dp.o)
 .debug_line    0x0000161d      0x816 .\CortexM3\ARM_GCC_541\Debug\Transmitter.a(CyLib.o)
 .debug_line    0x00001e33      0x367 .\CortexM3\ARM_GCC_541\Debug\Transmitter.a(cyPm.o)
 .debug_line    0x0000219a      0x1dc .\CortexM3\ARM_GCC_541\Debug\Transmitter.a(LCD.o)
 .debug_line    0x00002376       0x66 .\CortexM3\ARM_GCC_541\Debug\Transmitter.a(CyBootAsmGnu.o)
 .debug_line    0x000023dc       0x89 .\CortexM3\ARM_GCC_541\Debug\Transmitter.a(USB_cls.o)
 .debug_line    0x00002465       0x59 .\CortexM3\ARM_GCC_541\Debug\Transmitter.a(USB_descr.o)
 .debug_line    0x000024be      0x1e9 .\CortexM3\ARM_GCC_541\Debug\Transmitter.a(CyFlash.o)
 .debug_line    0x000026a7      0x23c .\CortexM3\ARM_GCC_541\Debug\Transmitter.a(CySpc.o)

.debug_frame    0x00000000     0x2114
 *(.debug_frame)
 .debug_frame   0x00000000       0x38 .\CortexM3\ARM_GCC_541\Debug\main.o
 .debug_frame   0x00000038       0xe4 .\CortexM3\ARM_GCC_541\Debug\cyfitter_cfg.o
 .debug_frame   0x0000011c       0xb8 .\CortexM3\ARM_GCC_541\Debug\Cm3Start.o
 .debug_frame   0x000001d4      0x1dc .\CortexM3\ARM_GCC_541\Debug\Transmitter.a(USB.o)
 .debug_frame   0x000003b0      0x27c .\CortexM3\ARM_GCC_541\Debug\Transmitter.a(USB_cdc.o)
 .debug_frame   0x0000062c      0x194 .\CortexM3\ARM_GCC_541\Debug\Transmitter.a(USB_drv.o)
 .debug_frame   0x000007c0       0x6c .\CortexM3\ARM_GCC_541\Debug\Transmitter.a(USB_episr.o)
 .debug_frame   0x0000082c       0xa0 .\CortexM3\ARM_GCC_541\Debug\Transmitter.a(USB_pm.o)
 .debug_frame   0x000008cc      0x17c .\CortexM3\ARM_GCC_541\Debug\Transmitter.a(USB_std.o)
 .debug_frame   0x00000a48       0x20 .\CortexM3\ARM_GCC_541\Debug\Transmitter.a(USB_vnd.o)
 .debug_frame   0x00000a68       0x70 .\CortexM3\ARM_GCC_541\Debug\Transmitter.a(USB_Dp.o)
 .debug_frame   0x00000ad8      0x738 .\CortexM3\ARM_GCC_541\Debug\Transmitter.a(CyLib.o)
 .debug_frame   0x00001210      0x1f8 .\CortexM3\ARM_GCC_541\Debug\Transmitter.a(cyPm.o)
 .debug_frame   0x00001408      0x1e8 .\CortexM3\ARM_GCC_541\Debug\Transmitter.a(LCD.o)
 .debug_frame   0x000015f0       0x2c .\CortexM3\ARM_GCC_541\Debug\Transmitter.a(USB_cls.o)
 .debug_frame   0x0000161c      0x174 .\CortexM3\ARM_GCC_541\Debug\Transmitter.a(CyFlash.o)
 .debug_frame   0x00001790      0x160 .\CortexM3\ARM_GCC_541\Debug\Transmitter.a(CySpc.o)
 .debug_frame   0x000018f0       0x20 c:/program files (x86)/cypress/psoc creator/4.1/psoc creator/import/gnu/arm/5.4.1/bin/../lib/gcc/arm-none-eabi/5.4.1/../../../../arm-none-eabi/lib/armv7-m\libg_nano.a(lib_a-errno.o)
 .debug_frame   0x00001910       0x28 c:/program files (x86)/cypress/psoc creator/4.1/psoc creator/import/gnu/arm/5.4.1/bin/../lib/gcc/arm-none-eabi/5.4.1/../../../../arm-none-eabi/lib/armv7-m\libg_nano.a(lib_a-exit.o)
 .debug_frame   0x00001938       0x2c c:/program files (x86)/cypress/psoc creator/4.1/psoc creator/import/gnu/arm/5.4.1/bin/../lib/gcc/arm-none-eabi/5.4.1/../../../../arm-none-eabi/lib/armv7-m\libg_nano.a(lib_a-init.o)
 .debug_frame   0x00001964       0x28 c:/program files (x86)/cypress/psoc creator/4.1/psoc creator/import/gnu/arm/5.4.1/bin/../lib/gcc/arm-none-eabi/5.4.1/../../../../arm-none-eabi/lib/armv7-m\libg_nano.a(lib_a-memcpy-stub.o)
 .debug_frame   0x0000198c       0x20 c:/program files (x86)/cypress/psoc creator/4.1/psoc creator/import/gnu/arm/5.4.1/bin/../lib/gcc/arm-none-eabi/5.4.1/../../../../arm-none-eabi/lib/armv7-m\libg_nano.a(lib_a-memset.o)
 .debug_frame   0x000019ac       0x8c c:/program files (x86)/cypress/psoc creator/4.1/psoc creator/import/gnu/arm/5.4.1/bin/../lib/gcc/arm-none-eabi/5.4.1/../../../../arm-none-eabi/lib/armv7-m\libg_nano.a(lib_a-nano-vfprintf_float.o)
 .debug_frame   0x00001a38       0x60 c:/program files (x86)/cypress/psoc creator/4.1/psoc creator/import/gnu/arm/5.4.1/bin/../lib/gcc/arm-none-eabi/5.4.1/../../../../arm-none-eabi/lib/armv7-m\libg_nano.a(lib_a-nano-vfprintf_i.o)
 .debug_frame   0x00001a98       0x70 c:/program files (x86)/cypress/psoc creator/4.1/psoc creator/import/gnu/arm/5.4.1/bin/../lib/gcc/arm-none-eabi/5.4.1/../../../../arm-none-eabi/lib/armv7-m\libg_nano.a(lib_a-sprintf.o)
 .debug_frame   0x00001b08       0x6c c:/program files (x86)/cypress/psoc creator/4.1/psoc creator/import/gnu/arm/5.4.1/bin/../lib/gcc/arm-none-eabi/5.4.1/../../../../arm-none-eabi/lib/armv7-m\libg_nano.a(lib_a-dtoa.o)
 .debug_frame   0x00001b74       0x98 c:/program files (x86)/cypress/psoc creator/4.1/psoc creator/import/gnu/arm/5.4.1/bin/../lib/gcc/arm-none-eabi/5.4.1/../../../../arm-none-eabi/lib/armv7-m\libg_nano.a(lib_a-locale.o)
 .debug_frame   0x00001c0c       0x30 c:/program files (x86)/cypress/psoc creator/4.1/psoc creator/import/gnu/arm/5.4.1/bin/../lib/gcc/arm-none-eabi/5.4.1/../../../../arm-none-eabi/lib/armv7-m\libg_nano.a(lib_a-malloc.o)
 .debug_frame   0x00001c3c       0x28 c:/program files (x86)/cypress/psoc creator/4.1/psoc creator/import/gnu/arm/5.4.1/bin/../lib/gcc/arm-none-eabi/5.4.1/../../../../arm-none-eabi/lib/armv7-m\libg_nano.a(lib_a-memchr-stub.o)
 .debug_frame   0x00001c64      0x234 c:/program files (x86)/cypress/psoc creator/4.1/psoc creator/import/gnu/arm/5.4.1/bin/../lib/gcc/arm-none-eabi/5.4.1/../../../../arm-none-eabi/lib/armv7-m\libg_nano.a(lib_a-mprec.o)
 .debug_frame   0x00001e98       0x2c c:/program files (x86)/cypress/psoc creator/4.1/psoc creator/import/gnu/arm/5.4.1/bin/../lib/gcc/arm-none-eabi/5.4.1/../../../../arm-none-eabi/lib/armv7-m\libg_nano.a(lib_a-nano-callocr.o)
 .debug_frame   0x00001ec4       0x38 c:/program files (x86)/cypress/psoc creator/4.1/psoc creator/import/gnu/arm/5.4.1/bin/../lib/gcc/arm-none-eabi/5.4.1/../../../../arm-none-eabi/lib/armv7-m\libg_nano.a(lib_a-nano-freer.o)
 .debug_frame   0x00001efc       0x2c c:/program files (x86)/cypress/psoc creator/4.1/psoc creator/import/gnu/arm/5.4.1/bin/../lib/gcc/arm-none-eabi/5.4.1/../../../../arm-none-eabi/lib/armv7-m\libg_nano.a(lib_a-nano-mallocr.o)
 .debug_frame   0x00001f28       0x90 c:/program files (x86)/cypress/psoc creator/4.1/psoc creator/import/gnu/arm/5.4.1/bin/../lib/gcc/arm-none-eabi/5.4.1/../../../../arm-none-eabi/lib/armv7-m\libg_nano.a(lib_a-nano-svfprintf.o)
 .debug_frame   0x00001fb8       0x2c c:/program files (x86)/cypress/psoc creator/4.1/psoc creator/import/gnu/arm/5.4.1/bin/../lib/gcc/arm-none-eabi/5.4.1/../../../../arm-none-eabi/lib/armv7-m\libg_nano.a(lib_a-sbrkr.o)
 .debug_frame   0x00001fe4       0x20 c:/program files (x86)/cypress/psoc creator/4.1/psoc creator/import/gnu/arm/5.4.1/bin/../lib/gcc/arm-none-eabi/5.4.1/../../../../arm-none-eabi/lib/armv7-m\libg_nano.a(lib_a-strcmp.o)
 .debug_frame   0x00002004       0x28 c:/program files (x86)/cypress/psoc creator/4.1/psoc creator/import/gnu/arm/5.4.1/bin/../lib/gcc/arm-none-eabi/5.4.1/../../../../arm-none-eabi/lib/armv7-m\libg_nano.a(lib_a-memmove.o)
 .debug_frame   0x0000202c       0x30 c:/program files (x86)/cypress/psoc creator/4.1/psoc creator/import/gnu/arm/5.4.1/bin/../lib/gcc/arm-none-eabi/5.4.1/../../../../arm-none-eabi/lib/armv7-m\libg_nano.a(lib_a-mlock.o)
 .debug_frame   0x0000205c       0x3c c:/program files (x86)/cypress/psoc creator/4.1/psoc creator/import/gnu/arm/5.4.1/bin/../lib/gcc/arm-none-eabi/5.4.1/../../../../arm-none-eabi/lib/armv7-m\libg_nano.a(lib_a-nano-reallocr.o)
 .debug_frame   0x00002098       0x5c c:/program files (x86)/cypress/psoc creator/4.1/psoc creator/import/gnu/arm/5.4.1/bin/../lib/gcc/arm-none-eabi/5.4.1/../../../../arm-none-eabi/lib/armv7-m\libg_nano.a(lib_a-reent.o)
 .debug_frame   0x000020f4       0x20 c:/program files (x86)/cypress/psoc creator/4.1/psoc creator/import/gnu/arm/5.4.1/bin/../lib/gcc/arm-none-eabi/5.4.1/../../../../arm-none-eabi/lib/armv7-m\libg_nano.a(lib_a-nano-msizer.o)

.debug_str      0x00000000     0x2344
 *(.debug_str)
 .debug_str     0x00000000      0x2ad .\CortexM3\ARM_GCC_541\Debug\main.o
                                0x2f5 (size before relaxing)
 .debug_str     0x000002ad      0x174 .\CortexM3\ARM_GCC_541\Debug\cyfitter_cfg.o
                                0x310 (size before relaxing)
 .debug_str     0x00000421       0x7f .\CortexM3\ARM_GCC_541\Debug\cymetadata.o
                                0x1e5 (size before relaxing)
 .debug_str     0x000004a0      0x144 .\CortexM3\ARM_GCC_541\Debug\Cm3Start.o
                                0x30b (size before relaxing)
 .debug_str     0x000005e4      0x3cb .\CortexM3\ARM_GCC_541\Debug\Transmitter.a(USB.o)
                                0x5cb (size before relaxing)
 .debug_str     0x000009af      0x3c7 .\CortexM3\ARM_GCC_541\Debug\Transmitter.a(USB_cdc.o)
                                0x6fe (size before relaxing)
 .debug_str     0x00000d76      0x231 .\CortexM3\ARM_GCC_541\Debug\Transmitter.a(USB_drv.o)
                                0x5a1 (size before relaxing)
 .debug_str     0x00000fa7       0x68 .\CortexM3\ARM_GCC_541\Debug\Transmitter.a(USB_episr.o)
                                0x2b4 (size before relaxing)
 .debug_str     0x0000100f       0x9e .\CortexM3\ARM_GCC_541\Debug\Transmitter.a(USB_pm.o)
                                0x2c1 (size before relaxing)
 .debug_str     0x000010ad      0x22c .\CortexM3\ARM_GCC_541\Debug\Transmitter.a(USB_std.o)
                                0x704 (size before relaxing)
 .debug_str     0x000012d9       0x21 .\CortexM3\ARM_GCC_541\Debug\Transmitter.a(USB_vnd.o)
                                0x1e2 (size before relaxing)
 .debug_str     0x000012fa       0x8c .\CortexM3\ARM_GCC_541\Debug\Transmitter.a(USB_Dp.o)
                                0x226 (size before relaxing)
 .debug_str     0x00001386      0x7db .\CortexM3\ARM_GCC_541\Debug\Transmitter.a(CyLib.o)
                                0xa48 (size before relaxing)
 .debug_str     0x00001b61      0x365 .\CortexM3\ARM_GCC_541\Debug\Transmitter.a(cyPm.o)
                                0x734 (size before relaxing)
 .debug_str     0x00001ec6      0x134 .\CortexM3\ARM_GCC_541\Debug\Transmitter.a(LCD.o)
                                0x32c (size before relaxing)
 .debug_str     0x00001ffa       0x21 .\CortexM3\ARM_GCC_541\Debug\Transmitter.a(USB_cls.o)
                                0x291 (size before relaxing)
 .debug_str     0x0000201b       0xe8 .\CortexM3\ARM_GCC_541\Debug\Transmitter.a(USB_descr.o)
                                0x326 (size before relaxing)
 .debug_str     0x00002103      0x195 .\CortexM3\ARM_GCC_541\Debug\Transmitter.a(CyFlash.o)
                                0x3a2 (size before relaxing)
 .debug_str     0x00002298       0xac .\CortexM3\ARM_GCC_541\Debug\Transmitter.a(CySpc.o)
                                0x32b (size before relaxing)

.debug_loc      0x00000000     0x3148
 *(.debug_loc)
 .debug_loc     0x00000000       0x31 .\CortexM3\ARM_GCC_541\Debug\main.o
 .debug_loc     0x00000031      0x1d7 .\CortexM3\ARM_GCC_541\Debug\cyfitter_cfg.o
 .debug_loc     0x00000208      0x144 .\CortexM3\ARM_GCC_541\Debug\Cm3Start.o
 .debug_loc     0x0000034c      0x3e1 .\CortexM3\ARM_GCC_541\Debug\Transmitter.a(USB.o)
 .debug_loc     0x0000072d      0x557 .\CortexM3\ARM_GCC_541\Debug\Transmitter.a(USB_cdc.o)
 .debug_loc     0x00000c84      0x171 .\CortexM3\ARM_GCC_541\Debug\Transmitter.a(USB_drv.o)
 .debug_loc     0x00000df5       0x26 .\CortexM3\ARM_GCC_541\Debug\Transmitter.a(USB_pm.o)
 .debug_loc     0x00000e1b      0x945 .\CortexM3\ARM_GCC_541\Debug\Transmitter.a(USB_std.o)
 .debug_loc     0x00001760       0x84 .\CortexM3\ARM_GCC_541\Debug\Transmitter.a(USB_Dp.o)
 .debug_loc     0x000017e4      0xa11 .\CortexM3\ARM_GCC_541\Debug\Transmitter.a(CyLib.o)
 .debug_loc     0x000021f5      0x1e4 .\CortexM3\ARM_GCC_541\Debug\Transmitter.a(cyPm.o)
 .debug_loc     0x000023d9      0x3c6 .\CortexM3\ARM_GCC_541\Debug\Transmitter.a(LCD.o)
 .debug_loc     0x0000279f       0x6a .\CortexM3\ARM_GCC_541\Debug\Transmitter.a(USB_cls.o)
 .debug_loc     0x00002809      0x2f2 .\CortexM3\ARM_GCC_541\Debug\Transmitter.a(CyFlash.o)
 .debug_loc     0x00002afb      0x64d .\CortexM3\ARM_GCC_541\Debug\Transmitter.a(CySpc.o)

.debug_macinfo
 *(.debug_macinfo)

.debug_ranges   0x00000000      0x860
 *(.debug_ranges)
 .debug_ranges  0x00000000       0x10 .\CortexM3\ARM_GCC_541\Debug\main.o
 .debug_ranges  0x00000010       0x48 .\CortexM3\ARM_GCC_541\Debug\cyfitter_cfg.o
 .debug_ranges  0x00000058       0x38 .\CortexM3\ARM_GCC_541\Debug\Cm3Start.o
 .debug_ranges  0x00000090       0xd0 .\CortexM3\ARM_GCC_541\Debug\Transmitter.a(USB.o)
 .debug_ranges  0x00000160       0xd8 .\CortexM3\ARM_GCC_541\Debug\Transmitter.a(USB_cdc.o)
 .debug_ranges  0x00000238       0x88 .\CortexM3\ARM_GCC_541\Debug\Transmitter.a(USB_drv.o)
 .debug_ranges  0x000002c0       0x30 .\CortexM3\ARM_GCC_541\Debug\Transmitter.a(USB_episr.o)
 .debug_ranges  0x000002f0       0x30 .\CortexM3\ARM_GCC_541\Debug\Transmitter.a(USB_pm.o)
 .debug_ranges  0x00000320       0x70 .\CortexM3\ARM_GCC_541\Debug\Transmitter.a(USB_std.o)
 .debug_ranges  0x00000390       0x10 .\CortexM3\ARM_GCC_541\Debug\Transmitter.a(USB_vnd.o)
 .debug_ranges  0x000003a0       0x38 .\CortexM3\ARM_GCC_541\Debug\Transmitter.a(USB_Dp.o)
 .debug_ranges  0x000003d8      0x290 .\CortexM3\ARM_GCC_541\Debug\Transmitter.a(CyLib.o)
 .debug_ranges  0x00000668       0x88 .\CortexM3\ARM_GCC_541\Debug\Transmitter.a(cyPm.o)
 .debug_ranges  0x000006f0       0x88 .\CortexM3\ARM_GCC_541\Debug\Transmitter.a(LCD.o)
 .debug_ranges  0x00000778       0x10 .\CortexM3\ARM_GCC_541\Debug\Transmitter.a(USB_cls.o)
 .debug_ranges  0x00000788       0x70 .\CortexM3\ARM_GCC_541\Debug\Transmitter.a(CyFlash.o)
 .debug_ranges  0x000007f8       0x68 .\CortexM3\ARM_GCC_541\Debug\Transmitter.a(CySpc.o)

.comment        0x00000000       0x6e
 .comment       0x00000000       0x6e .\CortexM3\ARM_GCC_541\Debug\main.o
                                 0x6f (size before relaxing)
 .comment       0x0000006e       0x6f .\CortexM3\ARM_GCC_541\Debug\cyfitter_cfg.o
 .comment       0x0000006e       0x6f .\CortexM3\ARM_GCC_541\Debug\cymetadata.o
 .comment       0x0000006e       0x6f .\CortexM3\ARM_GCC_541\Debug\Cm3Start.o
 .comment       0x0000006e       0x6f .\CortexM3\ARM_GCC_541\Debug\Transmitter.a(USB.o)
 .comment       0x0000006e       0x6f .\CortexM3\ARM_GCC_541\Debug\Transmitter.a(USB_cdc.o)
 .comment       0x0000006e       0x6f .\CortexM3\ARM_GCC_541\Debug\Transmitter.a(USB_drv.o)
 .comment       0x0000006e       0x6f .\CortexM3\ARM_GCC_541\Debug\Transmitter.a(USB_episr.o)
 .comment       0x0000006e       0x6f .\CortexM3\ARM_GCC_541\Debug\Transmitter.a(USB_pm.o)
 .comment       0x0000006e       0x6f .\CortexM3\ARM_GCC_541\Debug\Transmitter.a(USB_std.o)
 .comment       0x0000006e       0x6f .\CortexM3\ARM_GCC_541\Debug\Transmitter.a(USB_vnd.o)
 .comment       0x0000006e       0x6f .\CortexM3\ARM_GCC_541\Debug\Transmitter.a(USB_Dp.o)
 .comment       0x0000006e       0x6f .\CortexM3\ARM_GCC_541\Debug\Transmitter.a(CyLib.o)
 .comment       0x0000006e       0x6f .\CortexM3\ARM_GCC_541\Debug\Transmitter.a(cyPm.o)
 .comment       0x0000006e       0x6f .\CortexM3\ARM_GCC_541\Debug\Transmitter.a(LCD.o)
 .comment       0x0000006e       0x6f .\CortexM3\ARM_GCC_541\Debug\Transmitter.a(USB_cls.o)
 .comment       0x0000006e       0x6f .\CortexM3\ARM_GCC_541\Debug\Transmitter.a(USB_descr.o)
 .comment       0x0000006e       0x6f .\CortexM3\ARM_GCC_541\Debug\Transmitter.a(CyFlash.o)
 .comment       0x0000006e       0x6f .\CortexM3\ARM_GCC_541\Debug\Transmitter.a(CySpc.o)

.debug_weaknames
 *(.debug_weaknames)

.debug_funcnames
 *(.debug_funcnames)

.debug_typenames
 *(.debug_typenames)

.debug_varnames
 *(.debug_varnames)

.note.gnu.arm.ident
 *(.note.gnu.arm.ident)

.ARM.attributes
                0x00000000       0x29
 *(.ARM.attributes)
 .ARM.attributes
                0x00000000       0x1d c:/program files (x86)/cypress/psoc creator/4.1/psoc creator/import/gnu/arm/5.4.1/bin/../lib/gcc/arm-none-eabi/5.4.1/armv7-m/crti.o
 .ARM.attributes
                0x0000001d       0x2d c:/program files (x86)/cypress/psoc creator/4.1/psoc creator/import/gnu/arm/5.4.1/bin/../lib/gcc/arm-none-eabi/5.4.1/armv7-m/crtbegin.o
 .ARM.attributes
                0x0000004a       0x1b c:/program files (x86)/cypress/psoc creator/4.1/psoc creator/import/gnu/arm/5.4.1/bin/../lib/gcc/arm-none-eabi/5.4.1/../../../../arm-none-eabi/lib/armv7-m/crt0.o
 .ARM.attributes
                0x00000065       0x33 .\CortexM3\ARM_GCC_541\Debug\main.o
 .ARM.attributes
                0x00000098       0x33 .\CortexM3\ARM_GCC_541\Debug\cyfitter_cfg.o
 .ARM.attributes
                0x000000cb       0x33 .\CortexM3\ARM_GCC_541\Debug\cymetadata.o
 .ARM.attributes
                0x000000fe       0x33 .\CortexM3\ARM_GCC_541\Debug\Cm3Start.o
 .ARM.attributes
                0x00000131       0x33 .\CortexM3\ARM_GCC_541\Debug\Transmitter.a(USB.o)
 .ARM.attributes
                0x00000164       0x33 .\CortexM3\ARM_GCC_541\Debug\Transmitter.a(USB_cdc.o)
 .ARM.attributes
                0x00000197       0x33 .\CortexM3\ARM_GCC_541\Debug\Transmitter.a(USB_drv.o)
 .ARM.attributes
                0x000001ca       0x33 .\CortexM3\ARM_GCC_541\Debug\Transmitter.a(USB_episr.o)
 .ARM.attributes
                0x000001fd       0x33 .\CortexM3\ARM_GCC_541\Debug\Transmitter.a(USB_pm.o)
 .ARM.attributes
                0x00000230       0x33 .\CortexM3\ARM_GCC_541\Debug\Transmitter.a(USB_std.o)
 .ARM.attributes
                0x00000263       0x33 .\CortexM3\ARM_GCC_541\Debug\Transmitter.a(USB_vnd.o)
 .ARM.attributes
                0x00000296       0x33 .\CortexM3\ARM_GCC_541\Debug\Transmitter.a(USB_Dp.o)
 .ARM.attributes
                0x000002c9       0x33 .\CortexM3\ARM_GCC_541\Debug\Transmitter.a(CyLib.o)
 .ARM.attributes
                0x000002fc       0x33 .\CortexM3\ARM_GCC_541\Debug\Transmitter.a(cyPm.o)
 .ARM.attributes
                0x0000032f       0x33 .\CortexM3\ARM_GCC_541\Debug\Transmitter.a(LCD.o)
 .ARM.attributes
                0x00000362       0x21 .\CortexM3\ARM_GCC_541\Debug\Transmitter.a(CyBootAsmGnu.o)
 .ARM.attributes
                0x00000383       0x33 .\CortexM3\ARM_GCC_541\Debug\Transmitter.a(USB_cls.o)
 .ARM.attributes
                0x000003b6       0x33 .\CortexM3\ARM_GCC_541\Debug\Transmitter.a(USB_descr.o)
 .ARM.attributes
                0x000003e9       0x33 .\CortexM3\ARM_GCC_541\Debug\Transmitter.a(CyFlash.o)
 .ARM.attributes
                0x0000041c       0x33 .\CortexM3\ARM_GCC_541\Debug\Transmitter.a(CySpc.o)
 .ARM.attributes
                0x0000044f       0x2d c:/program files (x86)/cypress/psoc creator/4.1/psoc creator/import/gnu/arm/5.4.1/bin/../lib/gcc/arm-none-eabi/5.4.1/../../../../arm-none-eabi/lib/armv7-m\libg_nano.a(lib_a-errno.o)
 .ARM.attributes
                0x0000047c       0x2d c:/program files (x86)/cypress/psoc creator/4.1/psoc creator/import/gnu/arm/5.4.1/bin/../lib/gcc/arm-none-eabi/5.4.1/../../../../arm-none-eabi/lib/armv7-m\libg_nano.a(lib_a-exit.o)
 .ARM.attributes
                0x000004a9       0x2d c:/program files (x86)/cypress/psoc creator/4.1/psoc creator/import/gnu/arm/5.4.1/bin/../lib/gcc/arm-none-eabi/5.4.1/../../../../arm-none-eabi/lib/armv7-m\libg_nano.a(lib_a-impure.o)
 .ARM.attributes
                0x000004d6       0x2d c:/program files (x86)/cypress/psoc creator/4.1/psoc creator/import/gnu/arm/5.4.1/bin/../lib/gcc/arm-none-eabi/5.4.1/../../../../arm-none-eabi/lib/armv7-m\libg_nano.a(lib_a-init.o)
 .ARM.attributes
                0x00000503       0x2d c:/program files (x86)/cypress/psoc creator/4.1/psoc creator/import/gnu/arm/5.4.1/bin/../lib/gcc/arm-none-eabi/5.4.1/../../../../arm-none-eabi/lib/armv7-m\libg_nano.a(lib_a-memcpy-stub.o)
 .ARM.attributes
                0x00000530       0x2d c:/program files (x86)/cypress/psoc creator/4.1/psoc creator/import/gnu/arm/5.4.1/bin/../lib/gcc/arm-none-eabi/5.4.1/../../../../arm-none-eabi/lib/armv7-m\libg_nano.a(lib_a-memset.o)
 .ARM.attributes
                0x0000055d       0x2d c:/program files (x86)/cypress/psoc creator/4.1/psoc creator/import/gnu/arm/5.4.1/bin/../lib/gcc/arm-none-eabi/5.4.1/../../../../arm-none-eabi/lib/armv7-m\libg_nano.a(lib_a-nano-vfprintf_float.o)
 .ARM.attributes
                0x0000058a       0x2d c:/program files (x86)/cypress/psoc creator/4.1/psoc creator/import/gnu/arm/5.4.1/bin/../lib/gcc/arm-none-eabi/5.4.1/../../../../arm-none-eabi/lib/armv7-m\libg_nano.a(lib_a-nano-vfprintf_i.o)
 .ARM.attributes
                0x000005b7       0x2d c:/program files (x86)/cypress/psoc creator/4.1/psoc creator/import/gnu/arm/5.4.1/bin/../lib/gcc/arm-none-eabi/5.4.1/../../../../arm-none-eabi/lib/armv7-m\libg_nano.a(lib_a-sprintf.o)
 .ARM.attributes
                0x000005e4       0x17 c:/program files (x86)/cypress/psoc creator/4.1/psoc creator/import/gnu/arm/5.4.1/bin/../lib/gcc/arm-none-eabi/5.4.1/../../../../arm-none-eabi/lib/armv7-m\libg_nano.a(lib_a-strlen.o)
 .ARM.attributes
                0x000005fb       0x2d c:/program files (x86)/cypress/psoc creator/4.1/psoc creator/import/gnu/arm/5.4.1/bin/../lib/gcc/arm-none-eabi/5.4.1/../../../../arm-none-eabi/lib/armv7-m\libg_nano.a(lib_a-dtoa.o)
 .ARM.attributes
                0x00000628       0x2d c:/program files (x86)/cypress/psoc creator/4.1/psoc creator/import/gnu/arm/5.4.1/bin/../lib/gcc/arm-none-eabi/5.4.1/../../../../arm-none-eabi/lib/armv7-m\libg_nano.a(lib_a-locale.o)
 .ARM.attributes
                0x00000655       0x2d c:/program files (x86)/cypress/psoc creator/4.1/psoc creator/import/gnu/arm/5.4.1/bin/../lib/gcc/arm-none-eabi/5.4.1/../../../../arm-none-eabi/lib/armv7-m\libg_nano.a(lib_a-malloc.o)
 .ARM.attributes
                0x00000682       0x2d c:/program files (x86)/cypress/psoc creator/4.1/psoc creator/import/gnu/arm/5.4.1/bin/../lib/gcc/arm-none-eabi/5.4.1/../../../../arm-none-eabi/lib/armv7-m\libg_nano.a(lib_a-memchr-stub.o)
 .ARM.attributes
                0x000006af       0x2d c:/program files (x86)/cypress/psoc creator/4.1/psoc creator/import/gnu/arm/5.4.1/bin/../lib/gcc/arm-none-eabi/5.4.1/../../../../arm-none-eabi/lib/armv7-m\libg_nano.a(lib_a-mprec.o)
 .ARM.attributes
                0x000006dc       0x2d c:/program files (x86)/cypress/psoc creator/4.1/psoc creator/import/gnu/arm/5.4.1/bin/../lib/gcc/arm-none-eabi/5.4.1/../../../../arm-none-eabi/lib/armv7-m\libg_nano.a(lib_a-nano-callocr.o)
 .ARM.attributes
                0x00000709       0x2d c:/program files (x86)/cypress/psoc creator/4.1/psoc creator/import/gnu/arm/5.4.1/bin/../lib/gcc/arm-none-eabi/5.4.1/../../../../arm-none-eabi/lib/armv7-m\libg_nano.a(lib_a-nano-freer.o)
 .ARM.attributes
                0x00000736       0x2d c:/program files (x86)/cypress/psoc creator/4.1/psoc creator/import/gnu/arm/5.4.1/bin/../lib/gcc/arm-none-eabi/5.4.1/../../../../arm-none-eabi/lib/armv7-m\libg_nano.a(lib_a-nano-mallocr.o)
 .ARM.attributes
                0x00000763       0x2d c:/program files (x86)/cypress/psoc creator/4.1/psoc creator/import/gnu/arm/5.4.1/bin/../lib/gcc/arm-none-eabi/5.4.1/../../../../arm-none-eabi/lib/armv7-m\libg_nano.a(lib_a-nano-svfprintf.o)
 .ARM.attributes
                0x00000790       0x2d c:/program files (x86)/cypress/psoc creator/4.1/psoc creator/import/gnu/arm/5.4.1/bin/../lib/gcc/arm-none-eabi/5.4.1/../../../../arm-none-eabi/lib/armv7-m\libg_nano.a(lib_a-sbrkr.o)
 .ARM.attributes
                0x000007bd       0x1b c:/program files (x86)/cypress/psoc creator/4.1/psoc creator/import/gnu/arm/5.4.1/bin/../lib/gcc/arm-none-eabi/5.4.1/../../../../arm-none-eabi/lib/armv7-m\libg_nano.a(lib_a-strcmp.o)
 .ARM.attributes
                0x000007d8       0x2d c:/program files (x86)/cypress/psoc creator/4.1/psoc creator/import/gnu/arm/5.4.1/bin/../lib/gcc/arm-none-eabi/5.4.1/../../../../arm-none-eabi/lib/armv7-m\libg_nano.a(lib_a-memmove.o)
 .ARM.attributes
                0x00000805       0x2d c:/program files (x86)/cypress/psoc creator/4.1/psoc creator/import/gnu/arm/5.4.1/bin/../lib/gcc/arm-none-eabi/5.4.1/../../../../arm-none-eabi/lib/armv7-m\libg_nano.a(lib_a-mlock.o)
 .ARM.attributes
                0x00000832       0x2d c:/program files (x86)/cypress/psoc creator/4.1/psoc creator/import/gnu/arm/5.4.1/bin/../lib/gcc/arm-none-eabi/5.4.1/../../../../arm-none-eabi/lib/armv7-m\libg_nano.a(lib_a-nano-reallocr.o)
 .ARM.attributes
                0x0000085f       0x2d c:/program files (x86)/cypress/psoc creator/4.1/psoc creator/import/gnu/arm/5.4.1/bin/../lib/gcc/arm-none-eabi/5.4.1/../../../../arm-none-eabi/lib/armv7-m\libg_nano.a(lib_a-reent.o)
 .ARM.attributes
                0x0000088c       0x2d c:/program files (x86)/cypress/psoc creator/4.1/psoc creator/import/gnu/arm/5.4.1/bin/../lib/gcc/arm-none-eabi/5.4.1/../../../../arm-none-eabi/lib/armv7-m\libg_nano.a(lib_a-nano-msizer.o)
 .ARM.attributes
                0x000008b9       0x1d c:/program files (x86)/cypress/psoc creator/4.1/psoc creator/import/gnu/arm/5.4.1/bin/../lib/gcc/arm-none-eabi/5.4.1/armv7-m\libgcc.a(_arm_addsubdf3.o)
 .ARM.attributes
                0x000008d6       0x1d c:/program files (x86)/cypress/psoc creator/4.1/psoc creator/import/gnu/arm/5.4.1/bin/../lib/gcc/arm-none-eabi/5.4.1/armv7-m\libgcc.a(_arm_muldivdf3.o)
 .ARM.attributes
                0x000008f3       0x1d c:/program files (x86)/cypress/psoc creator/4.1/psoc creator/import/gnu/arm/5.4.1/bin/../lib/gcc/arm-none-eabi/5.4.1/armv7-m\libgcc.a(_arm_cmpdf2.o)
 .ARM.attributes
                0x00000910       0x1d c:/program files (x86)/cypress/psoc creator/4.1/psoc creator/import/gnu/arm/5.4.1/bin/../lib/gcc/arm-none-eabi/5.4.1/armv7-m\libgcc.a(_arm_unorddf2.o)
 .ARM.attributes
                0x0000092d       0x1d c:/program files (x86)/cypress/psoc creator/4.1/psoc creator/import/gnu/arm/5.4.1/bin/../lib/gcc/arm-none-eabi/5.4.1/armv7-m\libgcc.a(_arm_fixdfsi.o)
 .ARM.attributes
                0x0000094a       0x2d c:/program files (x86)/cypress/psoc creator/4.1/psoc creator/import/gnu/arm/5.4.1/bin/../lib/gcc/arm-none-eabi/5.4.1/armv7-m/crtend.o
 .ARM.attributes
                0x00000977       0x1d c:/program files (x86)/cypress/psoc creator/4.1/psoc creator/import/gnu/arm/5.4.1/bin/../lib/gcc/arm-none-eabi/5.4.1/armv7-m/crtn.o

/DISCARD/
 *(.note.GNU-stack)
OUTPUT(D:\MyDocs\Documents\PSoC Creator\Network_Project\Transmitter.cydsn\CortexM3\ARM_GCC_541\Debug\Transmitter.elf elf32-littlearm)
